Dec  7 11:06:13 grafana-vm kernel: [    0.000000] Linux version 5.4.0-1064-azure (buildd@lgw01-amd64-001) (gcc version 7.5.0 (Ubuntu 7.5.0-3ubuntu1~18.04)) #67~18.04.1-Ubuntu SMP Wed Nov 10 11:38:21 UTC 2021 (Ubuntu 5.4.0-1064.67~18.04.1-azure 5.4.151)
Dec  7 11:06:13 grafana-vm kernel: [    0.000000] Command line: BOOT_IMAGE=/boot/vmlinuz-5.4.0-1064-azure root=UUID=8d5f53a6-b580-4a54-b4b2-e8bf23b9b891 ro console=tty1 console=ttyS0 earlyprintk=ttyS0
Dec  7 11:06:13 grafana-vm kernel: [    0.000000] KERNEL supported cpus:
Dec  7 11:06:13 grafana-vm kernel: [    0.000000]   Intel GenuineIntel
Dec  7 11:06:13 grafana-vm kernel: [    0.000000]   AMD AuthenticAMD
Dec  7 11:06:13 grafana-vm kernel: [    0.000000]   Hygon HygonGenuine
Dec  7 11:06:13 grafana-vm kernel: [    0.000000]   Centaur CentaurHauls
Dec  7 11:06:13 grafana-vm kernel: [    0.000000]   zhaoxin   Shanghai  
Dec  7 11:06:13 grafana-vm kernel: [    0.000000] x86/fpu: Supporting XSAVE feature 0x001: 'x87 floating point registers'
Dec  7 11:06:13 grafana-vm kernel: [    0.000000] x86/fpu: Supporting XSAVE feature 0x002: 'SSE registers'
Dec  7 11:06:13 grafana-vm kernel: [    0.000000] x86/fpu: Supporting XSAVE feature 0x004: 'AVX registers'
Dec  7 11:06:13 grafana-vm kernel: [    0.000000] x86/fpu: xstate_offset[2]:  576, xstate_sizes[2]:  256
Dec  7 11:06:13 grafana-vm kernel: [    0.000000] x86/fpu: Enabled xstate features 0x7, context size is 832 bytes, using 'standard' format.
Dec  7 11:06:13 grafana-vm kernel: [    0.000000] BIOS-provided physical RAM map:
Dec  7 11:06:13 grafana-vm kernel: [    0.000000] BIOS-e820: [mem 0x0000000000000000-0x000000000009fbff] usable
Dec  7 11:06:13 grafana-vm kernel: [    0.000000] BIOS-e820: [mem 0x000000000009fc00-0x000000000009ffff] reserved
Dec  7 11:06:13 grafana-vm kernel: [    0.000000] BIOS-e820: [mem 0x00000000000e0000-0x00000000000fffff] reserved
Dec  7 11:06:13 grafana-vm kernel: [    0.000000] BIOS-e820: [mem 0x0000000000100000-0x000000003ffeffff] usable
Dec  7 11:06:13 grafana-vm kernel: [    0.000000] BIOS-e820: [mem 0x000000003fff0000-0x000000003fffefff] ACPI data
Dec  7 11:06:13 grafana-vm kernel: [    0.000000] BIOS-e820: [mem 0x000000003ffff000-0x000000003fffffff] ACPI NVS
Dec  7 11:06:13 grafana-vm kernel: [    0.000000] BIOS-e820: [mem 0x0000000100000000-0x000000019fffffff] usable
Dec  7 11:06:13 grafana-vm kernel: [    0.000000] printk: bootconsole [earlyser0] enabled
Dec  7 11:06:13 grafana-vm kernel: [    0.000000] NX (Execute Disable) protection: active
Dec  7 11:06:13 grafana-vm kernel: [    0.000000] SMBIOS 2.3 present.
Dec  7 11:06:13 grafana-vm kernel: [    0.000000] DMI: Microsoft Corporation Virtual Machine/Virtual Machine, BIOS 090008  12/07/2018
Dec  7 11:06:13 grafana-vm kernel: [    0.000000] Hypervisor detected: Microsoft Hyper-V
Dec  7 11:06:13 grafana-vm kernel: [    0.000000] Hyper-V: features 0x2e7f, hints 0x60c2c, misc 0xed7b2
Dec  7 11:06:13 grafana-vm kernel: [    0.000000] Hyper-V Host Build:18362-10.0-3-0.3356
Dec  7 11:06:13 grafana-vm kernel: [    0.000000] Hyper-V: LAPIC Timer Frequency: 0xc3500
Dec  7 11:06:13 grafana-vm kernel: [    0.000000] tsc: Marking TSC unstable due to running on Hyper-V
Dec  7 11:06:13 grafana-vm kernel: [    0.000000] Hyper-V: Using hypercall for remote TLB flush
Dec  7 11:06:13 grafana-vm kernel: [    0.000000] clocksource: hyperv_clocksource_tsc_page: mask: 0xffffffffffffffff max_cycles: 0x24e6a1710, max_idle_ns: 440795202120 ns
Dec  7 11:06:13 grafana-vm kernel: [    0.000005] tsc: Detected 2394.453 MHz processor
Dec  7 11:06:13 grafana-vm kernel: [    0.005308] e820: update [mem 0x00000000-0x00000fff] usable ==> reserved
Dec  7 11:06:13 grafana-vm kernel: [    0.005311] e820: remove [mem 0x000a0000-0x000fffff] usable
Dec  7 11:06:13 grafana-vm kernel: [    0.005315] last_pfn = 0x1a0000 max_arch_pfn = 0x400000000
Dec  7 11:06:13 grafana-vm kernel: [    0.013448] MTRR default type: uncachable
Dec  7 11:06:13 grafana-vm kernel: [    0.013449] MTRR fixed ranges enabled:
Dec  7 11:06:13 grafana-vm kernel: [    0.013451]   00000-9FFFF write-back
Dec  7 11:06:13 grafana-vm kernel: [    0.013452]   A0000-DFFFF uncachable
Dec  7 11:06:13 grafana-vm kernel: [    0.013452]   E0000-FFFFF write-back
Dec  7 11:06:13 grafana-vm kernel: [    0.013453] MTRR variable ranges enabled:
Dec  7 11:06:13 grafana-vm kernel: [    0.013455]   0 base 000000000000 mask 3FFFC0000000 write-back
Dec  7 11:06:13 grafana-vm kernel: [    0.013456]   1 base 000100000000 mask 3FF000000000 write-back
Dec  7 11:06:13 grafana-vm kernel: [    0.013456]   2 disabled
Dec  7 11:06:13 grafana-vm kernel: [    0.013457]   3 disabled
Dec  7 11:06:13 grafana-vm kernel: [    0.013457]   4 disabled
Dec  7 11:06:13 grafana-vm kernel: [    0.013457]   5 disabled
Dec  7 11:06:13 grafana-vm kernel: [    0.013458]   6 disabled
Dec  7 11:06:13 grafana-vm kernel: [    0.013458]   7 disabled
Dec  7 11:06:13 grafana-vm kernel: [    0.013469] x86/PAT: Configuration [0-7]: WB  WC  UC- UC  WB  WP  UC- WT  
Dec  7 11:06:13 grafana-vm kernel: [    0.018821] e820: update [mem 0x40000000-0xffffffff] usable ==> reserved
Dec  7 11:06:13 grafana-vm kernel: [    0.021261] last_pfn = 0x3fff0 max_arch_pfn = 0x400000000
Dec  7 11:06:13 grafana-vm kernel: [    0.046351] found SMP MP-table at [mem 0x000ff780-0x000ff78f]
Dec  7 11:06:13 grafana-vm kernel: [    0.051716] check: Scanning 1 areas for low memory corruption
Dec  7 11:06:13 grafana-vm kernel: [    0.056650] Using GB pages for direct mapping
Dec  7 11:06:13 grafana-vm kernel: [    0.060353] RAMDISK: [mem 0x34625000-0x36309fff]
Dec  7 11:06:13 grafana-vm kernel: [    0.064874] ACPI: Early table checksum verification disabled
Dec  7 11:06:13 grafana-vm kernel: [    0.071702] ACPI: RSDP 0x00000000000F5C00 000014 (v00 ACPIAM)
Dec  7 11:06:13 grafana-vm kernel: [    0.076338] ACPI: RSDT 0x000000003FFF0000 000040 (v01 VRTUAL MICROSFT 12001807 MSFT 00000097)
Dec  7 11:06:13 grafana-vm kernel: [    0.085067] ACPI: FACP 0x000000003FFF0200 000081 (v02 VRTUAL MICROSFT 12001807 MSFT 00000097)
Dec  7 11:06:13 grafana-vm kernel: [    0.094794] ACPI: DSDT 0x000000003FFF1D24 003CD5 (v01 MSFTVM MSFTVM02 00000002 INTL 02002026)
Dec  7 11:06:13 grafana-vm kernel: [    0.111111] ACPI: FACS 0x000000003FFFF000 000040
Dec  7 11:06:13 grafana-vm kernel: [    0.117021] ACPI: WAET 0x000000003FFF1A80 000028 (v01 VRTUAL MICROSFT 12001807 MSFT 00000097)
Dec  7 11:06:13 grafana-vm kernel: [    0.125317] ACPI: SLIC 0x000000003FFF1AC0 000176 (v01 VRTUAL MICROSFT 12001807 MSFT 00000097)
Dec  7 11:06:13 grafana-vm kernel: [    0.137681] ACPI: OEM0 0x000000003FFF1CC0 000064 (v01 VRTUAL MICROSFT 12001807 MSFT 00000097)
Dec  7 11:06:13 grafana-vm kernel: [    0.149383] ACPI: SRAT 0x000000003FFF0800 000130 (v02 VRTUAL MICROSFT 00000001 MSFT 00000001)
Dec  7 11:06:13 grafana-vm kernel: [    0.159880] ACPI: APIC 0x000000003FFF0300 00005A (v01 VRTUAL MICROSFT 12001807 MSFT 00000097)
Dec  7 11:06:13 grafana-vm kernel: [    0.169680] ACPI: OEMB 0x000000003FFFF040 000064 (v01 VRTUAL MICROSFT 12001807 MSFT 00000097)
Dec  7 11:06:13 grafana-vm kernel: [    0.177332] ACPI: Reserving FACP table memory at [mem 0x3fff0200-0x3fff0280]
Dec  7 11:06:13 grafana-vm kernel: [    0.183323] ACPI: Reserving DSDT table memory at [mem 0x3fff1d24-0x3fff59f8]
Dec  7 11:06:13 grafana-vm kernel: [    0.190993] ACPI: Reserving FACS table memory at [mem 0x3ffff000-0x3ffff03f]
Dec  7 11:06:13 grafana-vm kernel: [    0.197009] ACPI: Reserving WAET table memory at [mem 0x3fff1a80-0x3fff1aa7]
Dec  7 11:06:13 grafana-vm kernel: [    0.206085] ACPI: Reserving SLIC table memory at [mem 0x3fff1ac0-0x3fff1c35]
Dec  7 11:06:13 grafana-vm kernel: [    0.212344] ACPI: Reserving OEM0 table memory at [mem 0x3fff1cc0-0x3fff1d23]
Dec  7 11:06:13 grafana-vm kernel: [    0.218362] ACPI: Reserving SRAT table memory at [mem 0x3fff0800-0x3fff092f]
Dec  7 11:06:13 grafana-vm kernel: [    0.224434] ACPI: Reserving APIC table memory at [mem 0x3fff0300-0x3fff0359]
Dec  7 11:06:13 grafana-vm kernel: [    0.230857] ACPI: Reserving OEMB table memory at [mem 0x3ffff040-0x3ffff0a3]
Dec  7 11:06:13 grafana-vm kernel: [    0.242654] ACPI: Local APIC address 0xfee00000
Dec  7 11:06:13 grafana-vm kernel: [    0.242716] SRAT: PXM 0 -> APIC 0x00 -> Node 0
Dec  7 11:06:13 grafana-vm kernel: [    0.246398] ACPI: SRAT: Node 0 PXM 0 [mem 0x00000000-0x3fffffff] hotplug
Dec  7 11:06:13 grafana-vm kernel: [    0.252663] ACPI: SRAT: Node 0 PXM 0 [mem 0x100000000-0x19fffffff] hotplug
Dec  7 11:06:13 grafana-vm kernel: [    0.259881] ACPI: SRAT: Node 0 PXM 0 [mem 0x1a0200000-0xfdfffffff] hotplug
Dec  7 11:06:13 grafana-vm kernel: [    0.265547] ACPI: SRAT: Node 0 PXM 0 [mem 0x1000000000-0xffffffffff] hotplug
Dec  7 11:06:13 grafana-vm kernel: [    0.271333] ACPI: SRAT: Node 0 PXM 0 [mem 0x10000200000-0x1ffffffffff] hotplug
Dec  7 11:06:13 grafana-vm kernel: [    0.277951] ACPI: SRAT: Node 0 PXM 0 [mem 0x20000200000-0x3ffffffffff] hotplug
Dec  7 11:06:13 grafana-vm kernel: [    0.284332] NUMA: Node 0 [mem 0x00000000-0x3fffffff] + [mem 0x100000000-0x19fffffff] -> [mem 0x00000000-0x19fffffff]
Dec  7 11:06:13 grafana-vm kernel: [    0.299143] NODE_DATA(0) allocated [mem 0x19ffd5000-0x19fffffff]
Dec  7 11:06:13 grafana-vm kernel: [    0.304652] Zone ranges:
Dec  7 11:06:13 grafana-vm kernel: [    0.306811]   DMA      [mem 0x0000000000001000-0x0000000000ffffff]
Dec  7 11:06:13 grafana-vm kernel: [    0.311992]   DMA32    [mem 0x0000000001000000-0x00000000ffffffff]
Dec  7 11:06:13 grafana-vm kernel: [    0.317473]   Normal   [mem 0x0000000100000000-0x000000019fffffff]
Dec  7 11:06:13 grafana-vm kernel: [    0.322625]   Device   empty
Dec  7 11:06:13 grafana-vm kernel: [    0.324942] Movable zone start for each node
Dec  7 11:06:13 grafana-vm kernel: [    0.333139] Early memory node ranges
Dec  7 11:06:13 grafana-vm kernel: [    0.336624]   node   0: [mem 0x0000000000001000-0x000000000009efff]
Dec  7 11:06:13 grafana-vm kernel: [    0.350195]   node   0: [mem 0x0000000000100000-0x000000003ffeffff]
Dec  7 11:06:13 grafana-vm kernel: [    0.354878]   node   0: [mem 0x0000000100000000-0x000000019fffffff]
Dec  7 11:06:13 grafana-vm kernel: [    0.360602] Zeroed struct page in unavailable ranges: 114 pages
Dec  7 11:06:13 grafana-vm kernel: [    0.360605] Initmem setup node 0 [mem 0x0000000000001000-0x000000019fffffff]
Dec  7 11:06:13 grafana-vm kernel: [    0.372613] On node 0 totalpages: 917390
Dec  7 11:06:13 grafana-vm kernel: [    0.372615]   DMA zone: 64 pages used for memmap
Dec  7 11:06:13 grafana-vm kernel: [    0.372616]   DMA zone: 21 pages reserved
Dec  7 11:06:13 grafana-vm kernel: [    0.372617]   DMA zone: 3998 pages, LIFO batch:0
Dec  7 11:06:13 grafana-vm kernel: [    0.372713]   DMA32 zone: 4032 pages used for memmap
Dec  7 11:06:13 grafana-vm kernel: [    0.372714]   DMA32 zone: 258032 pages, LIFO batch:63
Dec  7 11:06:13 grafana-vm kernel: [    0.378929]   Normal zone: 10240 pages used for memmap
Dec  7 11:06:13 grafana-vm kernel: [    0.378932]   Normal zone: 655360 pages, LIFO batch:63
Dec  7 11:06:13 grafana-vm kernel: [    0.391659] ACPI: PM-Timer IO Port: 0x408
Dec  7 11:06:13 grafana-vm kernel: [    0.399241] ACPI: Local APIC address 0xfee00000
Dec  7 11:06:13 grafana-vm kernel: [    0.399251] ACPI: LAPIC_NMI (acpi_id[0xff] dfl dfl lint[0x1])
Dec  7 11:06:13 grafana-vm kernel: [    0.407481] IOAPIC[0]: apic_id 0, version 17, address 0xfec00000, GSI 0-23
Dec  7 11:06:13 grafana-vm kernel: [    0.428379] ACPI: INT_SRC_OVR (bus 0 bus_irq 0 global_irq 2 dfl dfl)
Dec  7 11:06:13 grafana-vm kernel: [    0.433165] ACPI: INT_SRC_OVR (bus 0 bus_irq 9 global_irq 9 high level)
Dec  7 11:06:13 grafana-vm kernel: [    0.438593] ACPI: IRQ0 used by override.
Dec  7 11:06:13 grafana-vm kernel: [    0.438594] ACPI: IRQ9 used by override.
Dec  7 11:06:13 grafana-vm kernel: [    0.438598] Using ACPI (MADT) for SMP configuration information
Dec  7 11:06:13 grafana-vm kernel: [    0.443670] smpboot: Allowing 1 CPUs, 0 hotplug CPUs
Dec  7 11:06:13 grafana-vm kernel: [    0.448495] PM: Registered nosave memory: [mem 0x00000000-0x00000fff]
Dec  7 11:06:13 grafana-vm kernel: [    0.454461] PM: Registered nosave memory: [mem 0x0009f000-0x0009ffff]
Dec  7 11:06:13 grafana-vm kernel: [    0.460739] PM: Registered nosave memory: [mem 0x000a0000-0x000dffff]
Dec  7 11:06:13 grafana-vm kernel: [    0.466703] PM: Registered nosave memory: [mem 0x000e0000-0x000fffff]
Dec  7 11:06:13 grafana-vm kernel: [    0.472601] PM: Registered nosave memory: [mem 0x3fff0000-0x3fffefff]
Dec  7 11:06:13 grafana-vm kernel: [    0.478762] PM: Registered nosave memory: [mem 0x3ffff000-0x3fffffff]
Dec  7 11:06:13 grafana-vm kernel: [    0.484424] PM: Registered nosave memory: [mem 0x40000000-0xffffffff]
Dec  7 11:06:13 grafana-vm kernel: [    0.496616] [mem 0x40000000-0xffffffff] available for PCI devices
Dec  7 11:06:13 grafana-vm kernel: [    0.504010] Booting paravirtualized kernel on Hyper-V
Dec  7 11:06:13 grafana-vm kernel: [    0.508760] clocksource: refined-jiffies: mask: 0xffffffff max_cycles: 0xffffffff, max_idle_ns: 7645519600211568 ns
Dec  7 11:06:13 grafana-vm kernel: [    0.522557] setup_percpu: NR_CPUS:8192 nr_cpumask_bits:1 nr_cpu_ids:1 nr_node_ids:1
Dec  7 11:06:13 grafana-vm kernel: [    0.531680] percpu: Embedded 53 pages/cpu s180224 r8192 d28672 u2097152
Dec  7 11:06:13 grafana-vm kernel: [    0.541617] pcpu-alloc: s180224 r8192 d28672 u2097152 alloc=1*2097152
Dec  7 11:06:13 grafana-vm kernel: [    0.541618] pcpu-alloc: [0] 0 
Dec  7 11:06:13 grafana-vm kernel: [    0.541638] Hyper-V: PV spinlocks enabled
Dec  7 11:06:13 grafana-vm kernel: [    0.544794] PV qspinlock hash table entries: 256 (order: 0, 4096 bytes, linear)
Dec  7 11:06:13 grafana-vm kernel: [    0.553105] Built 1 zonelists, mobility grouping on.  Total pages: 903033
Dec  7 11:06:13 grafana-vm kernel: [    0.559315] Policy zone: Normal
Dec  7 11:06:13 grafana-vm kernel: [    0.561946] Kernel command line: BOOT_IMAGE=/boot/vmlinuz-5.4.0-1064-azure root=UUID=8d5f53a6-b580-4a54-b4b2-e8bf23b9b891 ro console=tty1 console=ttyS0 earlyprintk=ttyS0
Dec  7 11:06:13 grafana-vm kernel: [    0.580978] Dentry cache hash table entries: 524288 (order: 10, 4194304 bytes, linear)
Dec  7 11:06:13 grafana-vm kernel: [    0.589276] Inode-cache hash table entries: 262144 (order: 9, 2097152 bytes, linear)
Dec  7 11:06:13 grafana-vm kernel: [    0.600483] mem auto-init: stack:off, heap alloc:on, heap free:off
Dec  7 11:06:13 grafana-vm kernel: [    0.621460] Calgary: detecting Calgary via BIOS EBDA area
Dec  7 11:06:13 grafana-vm kernel: [    0.621463] Calgary: Unable to locate Rio Grande table in EBDA - bailing!
Dec  7 11:06:13 grafana-vm kernel: [    0.633329] Memory: 3477216K/3669560K available (14340K kernel code, 2311K rwdata, 4576K rodata, 2472K init, 5324K bss, 192344K reserved, 0K cma-reserved)
Dec  7 11:06:13 grafana-vm kernel: [    0.665930] random: get_random_u64 called from __kmem_cache_create+0x41/0x550 with crng_init=0
Dec  7 11:06:13 grafana-vm kernel: [    0.666047] SLUB: HWalign=64, Order=0-3, MinObjects=0, CPUs=1, Nodes=1
Dec  7 11:06:13 grafana-vm kernel: [    0.678834] Kernel/User page tables isolation: enabled
Dec  7 11:06:13 grafana-vm kernel: [    0.683065] ftrace: allocating 42038 entries in 165 pages
Dec  7 11:06:13 grafana-vm kernel: [    0.704788] rcu: Hierarchical RCU implementation.
Dec  7 11:06:13 grafana-vm kernel: [    0.710444] rcu: 	RCU restricting CPUs from NR_CPUS=8192 to nr_cpu_ids=1.
Dec  7 11:06:13 grafana-vm kernel: [    0.716778] 	Tasks RCU enabled.
Dec  7 11:06:13 grafana-vm kernel: [    0.719376] rcu: RCU calculated value of scheduler-enlistment delay is 25 jiffies.
Dec  7 11:06:13 grafana-vm kernel: [    0.729274] rcu: Adjusting geometry for rcu_fanout_leaf=16, nr_cpu_ids=1
Dec  7 11:06:13 grafana-vm kernel: [    0.745359] NR_IRQS: 524544, nr_irqs: 256, preallocated irqs: 16
Dec  7 11:06:13 grafana-vm kernel: [    0.751868] random: crng done (trusting CPU's manufacturer)
Dec  7 11:06:13 grafana-vm kernel: [    0.765728] Console: colour VGA+ 80x25
Dec  7 11:06:13 grafana-vm kernel: [    0.885520] printk: console [tty1] enabled
Dec  7 11:06:13 grafana-vm kernel: [    0.890687] printk: console [ttyS0] enabled
Dec  7 11:06:13 grafana-vm kernel: [    0.898984] printk: bootconsole [earlyser0] disabled
Dec  7 11:06:13 grafana-vm kernel: [    0.910015] ACPI: Core revision 20190816
Dec  7 11:06:13 grafana-vm kernel: [    0.915053] APIC: Switch to symmetric I/O mode setup
Dec  7 11:06:13 grafana-vm kernel: [    0.923572] Hyper-V: Using IPI hypercalls
Dec  7 11:06:13 grafana-vm kernel: [    0.927240] Hyper-V: Using enlightened APIC (xapic mode)
Dec  7 11:06:13 grafana-vm kernel: [    0.944907] ..TIMER: vector=0x30 apic1=0 pin1=2 apic2=-1 pin2=-1
Dec  7 11:06:13 grafana-vm kernel: [    0.962489] Calibrating delay loop (skipped), value calculated using timer frequency.. 4788.90 BogoMIPS (lpj=9577812)
Dec  7 11:06:13 grafana-vm kernel: [    0.966494] pid_max: default: 32768 minimum: 301
Dec  7 11:06:13 grafana-vm kernel: [    0.970538] LSM: Security Framework initializing
Dec  7 11:06:13 grafana-vm kernel: [    0.974514] Yama: becoming mindful.
Dec  7 11:06:13 grafana-vm kernel: [    0.978533] AppArmor: AppArmor initialized
Dec  7 11:06:13 grafana-vm kernel: [    0.982553] Mount-cache hash table entries: 8192 (order: 4, 65536 bytes, linear)
Dec  7 11:06:13 grafana-vm kernel: [    0.986505] Mountpoint-cache hash table entries: 8192 (order: 4, 65536 bytes, linear)
Dec  7 11:06:13 grafana-vm kernel: [    0.990524] *** VALIDATE tmpfs ***
Dec  7 11:06:13 grafana-vm kernel: [    0.994647] *** VALIDATE proc ***
Dec  7 11:06:13 grafana-vm kernel: [    0.998231] *** VALIDATE cgroup1 ***
Dec  7 11:06:13 grafana-vm kernel: [    0.998494] *** VALIDATE cgroup2 ***
Dec  7 11:06:13 grafana-vm kernel: [    1.006263] Last level iTLB entries: 4KB 1024, 2MB 1024, 4MB 1024
Dec  7 11:06:13 grafana-vm kernel: [    1.006491] Last level dTLB entries: 4KB 1024, 2MB 1024, 4MB 1024, 1GB 4
Dec  7 11:06:13 grafana-vm kernel: [    1.010497] Spectre V1 : Mitigation: usercopy/swapgs barriers and __user pointer sanitization
Dec  7 11:06:13 grafana-vm kernel: [    1.014494] Spectre V2 : Mitigation: Full generic retpoline
Dec  7 11:06:13 grafana-vm kernel: [    1.018491] Spectre V2 : Spectre v2 / SpectreRSB mitigation: Filling RSB on context switch
Dec  7 11:06:13 grafana-vm kernel: [    1.022493] Speculative Store Bypass: Vulnerable
Dec  7 11:06:13 grafana-vm kernel: [    1.026497] MDS: Mitigation: Clear CPU buffers
Dec  7 11:06:13 grafana-vm kernel: [    1.040027] Freeing SMP alternatives memory: 40K
Dec  7 11:06:13 grafana-vm kernel: [    1.043686] smpboot: CPU0: Intel(R) Xeon(R) CPU E5-2673 v3 @ 2.40GHz (family: 0x6, model: 0x3f, stepping: 0x2)
Dec  7 11:06:13 grafana-vm kernel: [    1.046660] Performance Events: unsupported p6 CPU model 63 no PMU driver, software events only.
Dec  7 11:06:13 grafana-vm kernel: [    1.050580] rcu: Hierarchical SRCU implementation.
Dec  7 11:06:13 grafana-vm kernel: [    1.055133] NMI watchdog: Perf NMI watchdog permanently disabled
Dec  7 11:06:13 grafana-vm kernel: [    1.058565] smp: Bringing up secondary CPUs ...
Dec  7 11:06:13 grafana-vm kernel: [    1.062504] smp: Brought up 1 node, 1 CPU
Dec  7 11:06:13 grafana-vm kernel: [    1.066497] smpboot: Max logical packages: 1
Dec  7 11:06:13 grafana-vm kernel: [    1.070498] smpboot: Total of 1 processors activated (4788.90 BogoMIPS)
Dec  7 11:06:13 grafana-vm kernel: [    1.074801] devtmpfs: initialized
Dec  7 11:06:13 grafana-vm kernel: [    1.078553] x86/mm: Memory block size: 128MB
Dec  7 11:06:13 grafana-vm kernel: [    1.082935] PM: Registering ACPI NVS region [mem 0x3ffff000-0x3fffffff] (4096 bytes)
Dec  7 11:06:13 grafana-vm kernel: [    1.086641] clocksource: jiffies: mask: 0xffffffff max_cycles: 0xffffffff, max_idle_ns: 7645041785100000 ns
Dec  7 11:06:13 grafana-vm kernel: [    1.090517] futex hash table entries: 256 (order: 2, 16384 bytes, linear)
Dec  7 11:06:13 grafana-vm kernel: [    1.094566] pinctrl core: initialized pinctrl subsystem
Dec  7 11:06:13 grafana-vm kernel: [    1.099250] PM: RTC time: 11:05:50, date: 2021-12-07
Dec  7 11:06:13 grafana-vm kernel: [    1.102657] NET: Registered protocol family 16
Dec  7 11:06:13 grafana-vm kernel: [    1.106608] audit: initializing netlink subsys (disabled)
Dec  7 11:06:13 grafana-vm kernel: [    1.110698] EISA bus registered
Dec  7 11:06:13 grafana-vm kernel: [    1.114502] audit: type=2000 audit(1638875149.168:1): state=initialized audit_enabled=0 res=1
Dec  7 11:06:13 grafana-vm kernel: [    1.118505] cpuidle: using governor ladder
Dec  7 11:06:13 grafana-vm kernel: [    1.122506] cpuidle: using governor menu
Dec  7 11:06:13 grafana-vm kernel: [    1.126555] ACPI: bus type PCI registered
Dec  7 11:06:13 grafana-vm kernel: [    1.130494] acpiphp: ACPI Hot Plug PCI Controller Driver version: 0.5
Dec  7 11:06:13 grafana-vm kernel: [    1.135171] PCI: Using configuration type 1 for base access
Dec  7 11:06:13 grafana-vm kernel: [    1.139992] HugeTLB registered 1.00 GiB page size, pre-allocated 0 pages
Dec  7 11:06:13 grafana-vm kernel: [    1.142503] HugeTLB registered 2.00 MiB page size, pre-allocated 0 pages
Dec  7 11:06:13 grafana-vm kernel: [    1.147460] ACPI: Added _OSI(Module Device)
Dec  7 11:06:13 grafana-vm kernel: [    1.150503] ACPI: Added _OSI(Processor Device)
Dec  7 11:06:13 grafana-vm kernel: [    1.154494] ACPI: Added _OSI(3.0 _SCP Extensions)
Dec  7 11:06:13 grafana-vm kernel: [    1.158494] ACPI: Added _OSI(Processor Aggregator Device)
Dec  7 11:06:13 grafana-vm kernel: [    1.162514] ACPI: Added _OSI(Linux-Dell-Video)
Dec  7 11:06:13 grafana-vm kernel: [    1.166596] ACPI: Added _OSI(Linux-Lenovo-NV-HDMI-Audio)
Dec  7 11:06:13 grafana-vm kernel: [    1.170514] ACPI: Added _OSI(Linux-HPI-Hybrid-Graphics)
Dec  7 11:06:13 grafana-vm kernel: [    1.175888] ACPI: 1 ACPI AML tables successfully acquired and loaded
Dec  7 11:06:13 grafana-vm kernel: [    1.180942] ACPI: Interpreter enabled
Dec  7 11:06:13 grafana-vm kernel: [    1.182519] ACPI: (supports S0 S5)
Dec  7 11:06:13 grafana-vm kernel: [    1.186179] ACPI: Using IOAPIC for interrupt routing
Dec  7 11:06:13 grafana-vm kernel: [    1.186550] PCI: Using host bridge windows from ACPI; if necessary, use "pci=nocrs" and report a bug
Dec  7 11:06:13 grafana-vm kernel: [    1.190834] ACPI: Enabled 1 GPEs in block 00 to 0F
Dec  7 11:06:13 grafana-vm kernel: [    1.227982] ACPI: PCI Root Bridge [PCI0] (domain 0000 [bus 00-ff])
Dec  7 11:06:13 grafana-vm kernel: [    1.230501] acpi PNP0A03:00: _OSC: OS supports [ASPM ClockPM Segments MSI HPX-Type3]
Dec  7 11:06:13 grafana-vm kernel: [    1.234528] acpi PNP0A03:00: fail to add MMCONFIG information, can't access extended PCI configuration space under this bridge.
Dec  7 11:06:13 grafana-vm kernel: [    1.238732] PCI host bridge to bus 0000:00
Dec  7 11:06:13 grafana-vm kernel: [    1.242497] pci_bus 0000:00: root bus resource [mem 0xfe0000000-0xfffffffff window]
Dec  7 11:06:13 grafana-vm kernel: [    1.246496] pci_bus 0000:00: root bus resource [io  0x0000-0x0cf7 window]
Dec  7 11:06:13 grafana-vm kernel: [    1.250496] pci_bus 0000:00: root bus resource [io  0x0d00-0xffff window]
Dec  7 11:06:13 grafana-vm kernel: [    1.254499] pci_bus 0000:00: root bus resource [mem 0x000a0000-0x000bffff window]
Dec  7 11:06:13 grafana-vm kernel: [    1.258499] pci_bus 0000:00: root bus resource [mem 0x40000000-0xfffbffff window]
Dec  7 11:06:13 grafana-vm kernel: [    1.262496] pci_bus 0000:00: root bus resource [bus 00-ff]
Dec  7 11:06:13 grafana-vm kernel: [    1.266772] pci 0000:00:00.0: [8086:7192] type 00 class 0x060000
Dec  7 11:06:13 grafana-vm kernel: [    1.275038] pci 0000:00:07.0: [8086:7110] type 00 class 0x060100
Dec  7 11:06:13 grafana-vm kernel: [    1.283243] pci 0000:00:07.1: [8086:7111] type 00 class 0x010180
Dec  7 11:06:13 grafana-vm kernel: [    1.289905] pci 0000:00:07.1: reg 0x20: [io  0xffa0-0xffaf]
Dec  7 11:06:13 grafana-vm kernel: [    1.291763] pci 0000:00:07.1: legacy IDE quirk: reg 0x10: [io  0x01f0-0x01f7]
Dec  7 11:06:13 grafana-vm kernel: [    1.294494] pci 0000:00:07.1: legacy IDE quirk: reg 0x14: [io  0x03f6]
Dec  7 11:06:13 grafana-vm kernel: [    1.298496] pci 0000:00:07.1: legacy IDE quirk: reg 0x18: [io  0x0170-0x0177]
Dec  7 11:06:13 grafana-vm kernel: [    1.302496] pci 0000:00:07.1: legacy IDE quirk: reg 0x1c: [io  0x0376]
Dec  7 11:06:13 grafana-vm kernel: [    1.307508] pci 0000:00:07.3: [8086:7113] type 00 class 0x068000
Dec  7 11:06:13 grafana-vm kernel: [    1.310557] * Found PM-Timer Bug on the chipset. Due to workarounds for a bug,
Dec  7 11:06:13 grafana-vm kernel: [    1.310557] * this clock source is slow. Consider trying other clock sources
Dec  7 11:06:13 grafana-vm kernel: [    1.318368] pci 0000:00:07.3: quirk: [io  0x0400-0x043f] claimed by PIIX4 ACPI
Dec  7 11:06:13 grafana-vm kernel: [    1.319938] pci 0000:00:08.0: [1414:5353] type 00 class 0x030000
Dec  7 11:06:13 grafana-vm kernel: [    1.323701] pci 0000:00:08.0: reg 0x10: [mem 0xf8000000-0xfbffffff]
Dec  7 11:06:13 grafana-vm kernel: [    1.354007] ACPI: PCI Interrupt Link [LNKA] (IRQs 3 4 5 7 9 10 *11 12 14 15)
Dec  7 11:06:13 grafana-vm kernel: [    1.354855] ACPI: PCI Interrupt Link [LNKB] (IRQs 3 4 5 7 9 10 11 12 14 15) *0, disabled.
Dec  7 11:06:13 grafana-vm kernel: [    1.358892] ACPI: PCI Interrupt Link [LNKC] (IRQs 3 4 5 7 9 10 11 12 14 15) *0, disabled.
Dec  7 11:06:13 grafana-vm kernel: [    1.362876] ACPI: PCI Interrupt Link [LNKD] (IRQs 3 4 5 7 9 10 11 12 14 15) *0, disabled.
Dec  7 11:06:13 grafana-vm kernel: [    1.366896] iommu: Default domain type: Translated 
Dec  7 11:06:13 grafana-vm kernel: [    1.370671] SCSI subsystem initialized
Dec  7 11:06:13 grafana-vm kernel: [    1.374558] libata version 3.00 loaded.
Dec  7 11:06:13 grafana-vm kernel: [    1.374802] pci 0000:00:08.0: vgaarb: setting as boot VGA device
Dec  7 11:06:13 grafana-vm kernel: [    1.378483] pci 0000:00:08.0: vgaarb: VGA device added: decodes=io+mem,owns=io+mem,locks=none
Dec  7 11:06:13 grafana-vm kernel: [    1.378498] pci 0000:00:08.0: vgaarb: bridge control possible
Dec  7 11:06:13 grafana-vm kernel: [    1.382494] vgaarb: loaded
Dec  7 11:06:13 grafana-vm kernel: [    1.386557] ACPI: bus type USB registered
Dec  7 11:06:13 grafana-vm kernel: [    1.390446] usbcore: registered new interface driver usbfs
Dec  7 11:06:13 grafana-vm kernel: [    1.390527] usbcore: registered new interface driver hub
Dec  7 11:06:13 grafana-vm kernel: [    1.394518] usbcore: registered new device driver usb
Dec  7 11:06:13 grafana-vm kernel: [    1.398543] pps_core: LinuxPPS API ver. 1 registered
Dec  7 11:06:13 grafana-vm kernel: [    1.402495] pps_core: Software ver. 5.3.6 - Copyright 2005-2007 Rodolfo Giometti <giometti@linux.it>
Dec  7 11:06:13 grafana-vm kernel: [    1.406515] PTP clock support registered
Dec  7 11:06:13 grafana-vm kernel: [    1.410577] EDAC MC: Ver: 3.0.0
Dec  7 11:06:13 grafana-vm kernel: [    1.682500] hv_vmbus: Vmbus version:4.0
Dec  7 11:06:13 grafana-vm kernel: [    1.686643] PCI: Using ACPI for IRQ routing
Dec  7 11:06:13 grafana-vm kernel: [    1.690503] PCI: pci_cache_line_size set to 64 bytes
Dec  7 11:06:13 grafana-vm kernel: [    1.691274] e820: reserve RAM buffer [mem 0x0009fc00-0x0009ffff]
Dec  7 11:06:13 grafana-vm kernel: [    1.691276] e820: reserve RAM buffer [mem 0x3fff0000-0x3fffffff]
Dec  7 11:06:13 grafana-vm kernel: [    1.691787] NetLabel: Initializing
Dec  7 11:06:13 grafana-vm kernel: [    1.694491] NetLabel:  domain hash size = 128
Dec  7 11:06:13 grafana-vm kernel: [    1.698056] NetLabel:  protocols = UNLABELED CIPSOv4 CALIPSO
Dec  7 11:06:13 grafana-vm kernel: [    1.698517] NetLabel:  unlabeled traffic allowed by default
Dec  7 11:06:13 grafana-vm kernel: [    1.702687] clocksource: Switched to clocksource hyperv_clocksource_tsc_page
Dec  7 11:06:13 grafana-vm kernel: [    1.732081] *** VALIDATE bpf ***
Dec  7 11:06:13 grafana-vm kernel: [    1.736014] VFS: Disk quotas dquot_6.6.0
Dec  7 11:06:13 grafana-vm kernel: [    1.740358] VFS: Dquot-cache hash table entries: 512 (order 0, 4096 bytes)
Dec  7 11:06:13 grafana-vm kernel: [    1.747171] *** VALIDATE ramfs ***
Dec  7 11:06:13 grafana-vm kernel: [    1.750975] *** VALIDATE hugetlbfs ***
Dec  7 11:06:13 grafana-vm kernel: [    1.755346] AppArmor: AppArmor Filesystem Enabled
Dec  7 11:06:13 grafana-vm kernel: [    1.760455] pnp: PnP ACPI init
Dec  7 11:06:13 grafana-vm kernel: [    1.763083] pnp 00:00: Plug and Play ACPI device, IDs PNP0b00 (active)
Dec  7 11:06:13 grafana-vm kernel: [    1.763132] pnp 00:01: Plug and Play ACPI device, IDs PNP0303 PNP030b (active)
Dec  7 11:06:13 grafana-vm kernel: [    1.763173] pnp 00:02: Plug and Play ACPI device, IDs PNP0f03 PNP0f13 (active)
Dec  7 11:06:13 grafana-vm kernel: [    1.764299] pnp 00:03: [dma 0 disabled]
Dec  7 11:06:13 grafana-vm kernel: [    1.764331] pnp 00:03: Plug and Play ACPI device, IDs PNP0501 (active)
Dec  7 11:06:13 grafana-vm kernel: [    1.765320] pnp 00:04: [dma 0 disabled]
Dec  7 11:06:13 grafana-vm kernel: [    1.765349] pnp 00:04: Plug and Play ACPI device, IDs PNP0501 (active)
Dec  7 11:06:13 grafana-vm kernel: [    1.766245] pnp 00:05: [dma 2]
Dec  7 11:06:13 grafana-vm kernel: [    1.766285] pnp 00:05: Plug and Play ACPI device, IDs PNP0700 (active)
Dec  7 11:06:13 grafana-vm kernel: [    1.766325] system 00:06: [io  0x01e0-0x01ef] has been reserved
Dec  7 11:06:13 grafana-vm kernel: [    1.772488] system 00:06: [io  0x0160-0x016f] has been reserved
Dec  7 11:06:13 grafana-vm kernel: [    1.780152] system 00:06: [io  0x0278-0x027f] has been reserved
Dec  7 11:06:13 grafana-vm kernel: [    1.785611] system 00:06: [io  0x0378-0x037f] has been reserved
Dec  7 11:06:13 grafana-vm kernel: [    1.791723] system 00:06: [io  0x0678-0x067f] has been reserved
Dec  7 11:06:13 grafana-vm kernel: [    1.799318] system 00:06: [io  0x0778-0x077f] has been reserved
Dec  7 11:06:13 grafana-vm kernel: [    1.805521] system 00:06: [io  0x04d0-0x04d1] has been reserved
Dec  7 11:06:13 grafana-vm kernel: [    1.811466] system 00:06: Plug and Play ACPI device, IDs PNP0c02 (active)
Dec  7 11:06:13 grafana-vm kernel: [    1.811651] system 00:07: [io  0x0400-0x043f] has been reserved
Dec  7 11:06:13 grafana-vm kernel: [    1.818041] system 00:07: [io  0x0370-0x0371] has been reserved
Dec  7 11:06:13 grafana-vm kernel: [    1.824715] system 00:07: [io  0x0440-0x044f] has been reserved
Dec  7 11:06:13 grafana-vm kernel: [    1.841132] system 00:07: [mem 0xfec00000-0xfec00fff] could not be reserved
Dec  7 11:06:13 grafana-vm kernel: [    1.848076] system 00:07: [mem 0xfee00000-0xfee00fff] has been reserved
Dec  7 11:06:13 grafana-vm kernel: [    1.854612] system 00:07: Plug and Play ACPI device, IDs PNP0c02 (active)
Dec  7 11:06:13 grafana-vm kernel: [    1.854772] system 00:08: [mem 0x00000000-0x0009ffff] could not be reserved
Dec  7 11:06:13 grafana-vm kernel: [    1.861008] system 00:08: [mem 0x000c0000-0x000dffff] could not be reserved
Dec  7 11:06:13 grafana-vm kernel: [    1.876123] system 00:08: [mem 0x000e0000-0x000fffff] could not be reserved
Dec  7 11:06:13 grafana-vm kernel: [    1.882897] system 00:08: [mem 0x00100000-0x3fffffff] could not be reserved
Dec  7 11:06:13 grafana-vm kernel: [    1.889821] system 00:08: [mem 0xfffc0000-0xffffffff] has been reserved
Dec  7 11:06:13 grafana-vm kernel: [    1.896276] system 00:08: Plug and Play ACPI device, IDs PNP0c01 (active)
Dec  7 11:06:13 grafana-vm kernel: [    1.896650] pnp: PnP ACPI: found 9 devices
Dec  7 11:06:13 grafana-vm kernel: [    1.902100] thermal_sys: Registered thermal governor 'fair_share'
Dec  7 11:06:13 grafana-vm kernel: [    1.902101] thermal_sys: Registered thermal governor 'bang_bang'
Dec  7 11:06:13 grafana-vm kernel: [    1.908610] thermal_sys: Registered thermal governor 'step_wise'
Dec  7 11:06:13 grafana-vm kernel: [    1.918376] thermal_sys: Registered thermal governor 'user_space'
Dec  7 11:06:13 grafana-vm kernel: [    1.924339] thermal_sys: Registered thermal governor 'power_allocator'
Dec  7 11:06:13 grafana-vm kernel: [    1.935282] clocksource: acpi_pm: mask: 0xffffff max_cycles: 0xffffff, max_idle_ns: 2085701024 ns
Dec  7 11:06:13 grafana-vm kernel: [    1.949329] pci_bus 0000:00: resource 4 [mem 0xfe0000000-0xfffffffff window]
Dec  7 11:06:13 grafana-vm kernel: [    1.956245] pci_bus 0000:00: resource 5 [io  0x0000-0x0cf7 window]
Dec  7 11:06:13 grafana-vm kernel: [    1.962377] pci_bus 0000:00: resource 6 [io  0x0d00-0xffff window]
Dec  7 11:06:13 grafana-vm kernel: [    1.968721] pci_bus 0000:00: resource 7 [mem 0x000a0000-0x000bffff window]
Dec  7 11:06:13 grafana-vm kernel: [    1.975373] pci_bus 0000:00: resource 8 [mem 0x40000000-0xfffbffff window]
Dec  7 11:06:13 grafana-vm kernel: [    1.982161] NET: Registered protocol family 2
Dec  7 11:06:13 grafana-vm kernel: [    1.986874] IP idents hash table entries: 65536 (order: 7, 524288 bytes, linear)
Dec  7 11:06:13 grafana-vm kernel: [    1.997504] tcp_listen_portaddr_hash hash table entries: 2048 (order: 3, 32768 bytes, linear)
Dec  7 11:06:13 grafana-vm kernel: [    2.006440] TCP established hash table entries: 32768 (order: 6, 262144 bytes, linear)
Dec  7 11:06:13 grafana-vm kernel: [    2.016020] TCP bind hash table entries: 32768 (order: 7, 524288 bytes, linear)
Dec  7 11:06:13 grafana-vm kernel: [    2.022580] TCP: Hash tables configured (established 32768 bind 32768)
Dec  7 11:06:13 grafana-vm kernel: [    2.028672] UDP hash table entries: 2048 (order: 4, 65536 bytes, linear)
Dec  7 11:06:13 grafana-vm kernel: [    2.036721] UDP-Lite hash table entries: 2048 (order: 4, 65536 bytes, linear)
Dec  7 11:06:13 grafana-vm kernel: [    2.042829] NET: Registered protocol family 1
Dec  7 11:06:13 grafana-vm kernel: [    2.046770] NET: Registered protocol family 44
Dec  7 11:06:13 grafana-vm kernel: [    2.051416] pci 0000:00:00.0: Limiting direct PCI/PCI transfers
Dec  7 11:06:13 grafana-vm kernel: [    2.058093] pci 0000:00:08.0: Video device with shadowed ROM at [mem 0x000c0000-0x000dffff]
Dec  7 11:06:13 grafana-vm kernel: [    2.065416] PCI: CLS 0 bytes, default 64
Dec  7 11:06:13 grafana-vm kernel: [    2.069360] Trying to unpack rootfs image as initramfs...
Dec  7 11:06:13 grafana-vm kernel: [    2.547056] Freeing initrd memory: 29588K
Dec  7 11:06:13 grafana-vm kernel: [    2.558399] PCI-DMA: Using software bounce buffering for IO (SWIOTLB)
Dec  7 11:06:13 grafana-vm kernel: [    2.564401] software IO TLB: mapped [mem 0x3bff0000-0x3fff0000] (64MB)
Dec  7 11:06:13 grafana-vm kernel: [    2.572176] check: Scanning for low memory corruption every 60 seconds
Dec  7 11:06:13 grafana-vm kernel: [    2.580037] Initialise system trusted keyrings
Dec  7 11:06:13 grafana-vm kernel: [    2.585811] Key type blacklist registered
Dec  7 11:06:13 grafana-vm kernel: [    2.590730] workingset: timestamp_bits=36 max_order=20 bucket_order=0
Dec  7 11:06:13 grafana-vm kernel: [    2.599248] zbud: loaded
Dec  7 11:06:13 grafana-vm kernel: [    2.607471] squashfs: version 4.0 (2009/01/31) Phillip Lougher
Dec  7 11:06:13 grafana-vm kernel: [    2.612730] fuse: init (API version 7.31)
Dec  7 11:06:13 grafana-vm kernel: [    2.620469] *** VALIDATE fuse ***
Dec  7 11:06:13 grafana-vm kernel: [    2.623690] *** VALIDATE fuse ***
Dec  7 11:06:13 grafana-vm kernel: [    2.627344] Platform Keyring initialized
Dec  7 11:06:13 grafana-vm kernel: [    2.635425] Key type asymmetric registered
Dec  7 11:06:13 grafana-vm kernel: [    2.646119] Asymmetric key parser 'x509' registered
Dec  7 11:06:13 grafana-vm kernel: [    2.650624] Block layer SCSI generic (bsg) driver version 0.4 loaded (major 244)
Dec  7 11:06:13 grafana-vm kernel: [    2.657913] io scheduler mq-deadline registered
Dec  7 11:06:13 grafana-vm kernel: [    2.664251] shpchp: Standard Hot Plug PCI Controller Driver version: 0.4
Dec  7 11:06:13 grafana-vm kernel: [    2.671521] hv_vmbus: registering driver hv_pci
Dec  7 11:06:13 grafana-vm kernel: [    2.675963] intel_idle: Please enable MWAIT in BIOS SETUP
Dec  7 11:06:13 grafana-vm kernel: [    2.676056] input: Power Button as /devices/LNXSYSTM:00/LNXPWRBN:00/input/input0
Dec  7 11:06:13 grafana-vm kernel: [    2.684625] ACPI: Power Button [PWRF]
Dec  7 11:06:13 grafana-vm kernel: [    2.688985] Serial: 8250/16550 driver, 32 ports, IRQ sharing enabled
Dec  7 11:06:13 grafana-vm kernel: [    2.731454] 00:03: ttyS0 at I/O 0x3f8 (irq = 4, base_baud = 115200) is a 16550A
Dec  7 11:06:13 grafana-vm kernel: [    2.781537] 00:04: ttyS1 at I/O 0x2f8 (irq = 3, base_baud = 115200) is a 16550A
Dec  7 11:06:13 grafana-vm kernel: [    2.787991] Linux agpgart interface v0.103
Dec  7 11:06:13 grafana-vm kernel: [    2.886584] loop: module loaded
Dec  7 11:06:13 grafana-vm kernel: [    2.890540] hv_vmbus: registering driver hv_storvsc
Dec  7 11:06:13 grafana-vm kernel: [    2.903670] ata_piix 0000:00:07.1: version 2.13
Dec  7 11:06:13 grafana-vm kernel: [    2.904107] ata_piix 0000:00:07.1: Hyper-V Virtual Machine detected, ATA device ignore set
Dec  7 11:06:13 grafana-vm kernel: [    2.915920] scsi host3: storvsc_host_t
Dec  7 11:06:13 grafana-vm kernel: [    2.920634] scsi host2: storvsc_host_t
Dec  7 11:06:13 grafana-vm kernel: [    2.927162] scsi host1: storvsc_host_t
Dec  7 11:06:13 grafana-vm kernel: [    2.933460] scsi host0: storvsc_host_t
Dec  7 11:06:13 grafana-vm kernel: [    2.939787] scsi host4: ata_piix
Dec  7 11:06:13 grafana-vm kernel: [    2.947085] scsi: waiting for bus probes to complete ...
Dec  7 11:06:13 grafana-vm kernel: [    2.952986] scsi: waiting for bus probes to complete ...
Dec  7 11:06:13 grafana-vm kernel: [    2.963432] scsi host5: ata_piix
Dec  7 11:06:13 grafana-vm kernel: [    2.972097] ata1: PATA max UDMA/33 cmd 0x1f0 ctl 0x3f6 bmdma 0xffa0 irq 14
Dec  7 11:06:13 grafana-vm kernel: [    2.982601] ata2: PATA max UDMA/33 cmd 0x170 ctl 0x376 bmdma 0xffa8 irq 15
Dec  7 11:06:13 grafana-vm kernel: [    3.001349] libphy: Fixed MDIO Bus: probed
Dec  7 11:06:13 grafana-vm kernel: [    3.011513] tun: Universal TUN/TAP device driver, 1.6
Dec  7 11:06:13 grafana-vm kernel: [    3.018537] PPP generic driver version 2.4.2
Dec  7 11:06:13 grafana-vm kernel: [    3.024035] VFIO - User Level meta-driver version: 0.3
Dec  7 11:06:13 grafana-vm kernel: [    3.030128] i8042: PNP: PS/2 Controller [PNP0303:PS2K,PNP0f03:PS2M] at 0x60,0x64 irq 1,12
Dec  7 11:06:13 grafana-vm kernel: [    3.046286] serio: i8042 KBD port at 0x60,0x64 irq 1
Dec  7 11:06:13 grafana-vm kernel: [    3.052299] serio: i8042 AUX port at 0x60,0x64 irq 12
Dec  7 11:06:13 grafana-vm kernel: [    3.060358] mousedev: PS/2 mouse device common for all mice
Dec  7 11:06:13 grafana-vm kernel: [    3.070123] scsi 0:0:0:0: Direct-Access     Msft     Virtual Disk     1.0  PQ: 0 ANSI: 5
Dec  7 11:06:13 grafana-vm kernel: [    3.078052] scsi 1:0:1:0: Direct-Access     Msft     Virtual Disk     1.0  PQ: 0 ANSI: 5
Dec  7 11:06:13 grafana-vm kernel: [    3.086994] rtc_cmos 00:00: RTC can wake from S4
Dec  7 11:06:13 grafana-vm kernel: [    3.119995] sd 0:0:0:0: Attached scsi generic sg0 type 0
Dec  7 11:06:13 grafana-vm kernel: [    3.127159] input: AT Translated Set 2 keyboard as /devices/platform/i8042/serio0/input/input1
Dec  7 11:06:13 grafana-vm kernel: [    3.136914] sd 1:0:1:0: Attached scsi generic sg1 type 0
Dec  7 11:06:13 grafana-vm kernel: [    3.143738] rtc_cmos 00:00: registered as rtc0
Dec  7 11:06:13 grafana-vm kernel: [    3.149506] rtc_cmos 00:00: alarms up to one month, 114 bytes nvram
Dec  7 11:06:13 grafana-vm kernel: [    3.158898] sd 0:0:0:0: [sda] 62916608 512-byte logical blocks: (32.2 GB/30.0 GiB)
Dec  7 11:06:13 grafana-vm kernel: [    3.177576] sd 0:0:0:0: [sda] 4096-byte physical blocks
Dec  7 11:06:13 grafana-vm kernel: [    3.383565] sd 1:0:1:0: [sdb] 14680064 512-byte logical blocks: (7.52 GB/7.00 GiB)
Dec  7 11:06:13 grafana-vm kernel: [    3.394525] sd 1:0:1:0: [sdb] 4096-byte physical blocks
Dec  7 11:06:13 grafana-vm kernel: [    3.401331] ata1.01: host indicates ignore ATA devices, ignored
Dec  7 11:06:13 grafana-vm kernel: [    3.448011] device-mapper: uevent: version 1.0.3
Dec  7 11:06:13 grafana-vm kernel: [    3.452753] device-mapper: ioctl: 4.41.0-ioctl (2019-09-16) initialised: dm-devel@redhat.com
Dec  7 11:06:13 grafana-vm kernel: [    3.460245] platform eisa.0: Probing EISA bus 0
Dec  7 11:06:13 grafana-vm kernel: [    3.464990] sd 1:0:1:0: [sdb] Write Protect is off
Dec  7 11:06:13 grafana-vm kernel: [    3.470129] sd 1:0:1:0: [sdb] Mode Sense: 0f 00 10 00
Dec  7 11:06:13 grafana-vm kernel: [    3.470163] platform eisa.0: EISA: Cannot allocate resource for mainboard
Dec  7 11:06:13 grafana-vm kernel: [    3.478713] sd 0:0:0:0: [sda] Write Protect is off
Dec  7 11:06:13 grafana-vm kernel: [    3.483134] sd 0:0:0:0: [sda] Mode Sense: 0f 00 10 00
Dec  7 11:06:13 grafana-vm kernel: [    3.483164] platform eisa.0: Cannot allocate resource for EISA slot 1
Dec  7 11:06:13 grafana-vm kernel: [    3.488858] platform eisa.0: Cannot allocate resource for EISA slot 2
Dec  7 11:06:13 grafana-vm kernel: [    3.495522] sd 0:0:0:0: [sda] Write cache: enabled, read cache: enabled, supports DPO and FUA
Dec  7 11:06:13 grafana-vm kernel: [    3.503753] sd 1:0:1:0: [sdb] Write cache: disabled, read cache: enabled, supports DPO and FUA
Dec  7 11:06:13 grafana-vm kernel: [    3.512562] platform eisa.0: Cannot allocate resource for EISA slot 3
Dec  7 11:06:13 grafana-vm kernel: [    3.519420] ata1.00: host indicates ignore ATA devices, ignored
Dec  7 11:06:13 grafana-vm kernel: [    3.520059] platform eisa.0: Cannot allocate resource for EISA slot 4
Dec  7 11:06:13 grafana-vm kernel: [    3.525967] platform eisa.0: Cannot allocate resource for EISA slot 5
Dec  7 11:06:13 grafana-vm kernel: [    3.532396] platform eisa.0: Cannot allocate resource for EISA slot 6
Dec  7 11:06:13 grafana-vm kernel: [    3.538773] platform eisa.0: Cannot allocate resource for EISA slot 7
Dec  7 11:06:13 grafana-vm kernel: [    3.545733] platform eisa.0: Cannot allocate resource for EISA slot 8
Dec  7 11:06:13 grafana-vm kernel: [    3.555856] platform eisa.0: EISA: Detected 0 cards
Dec  7 11:06:13 grafana-vm kernel: [    3.568757] intel_pstate: CPU model not supported
Dec  7 11:06:13 grafana-vm kernel: [    3.574424] drop_monitor: Initializing network drop monitor service
Dec  7 11:06:13 grafana-vm kernel: [    3.581043] NET: Registered protocol family 10
Dec  7 11:06:13 grafana-vm kernel: [    3.586892]  sdb: sdb1
Dec  7 11:06:13 grafana-vm kernel: [    3.590598] GPT:Primary header thinks Alt. header is not at the end of the disk.
Dec  7 11:06:13 grafana-vm kernel: [    3.597807] GPT:4612095 != 62916607
Dec  7 11:06:13 grafana-vm kernel: [    3.611234] GPT:Alternate GPT header not at the end of the disk.
Dec  7 11:06:13 grafana-vm kernel: [    3.620292] GPT:4612095 != 62916607
Dec  7 11:06:13 grafana-vm kernel: [    3.624709] GPT: Use GNU Parted to correct GPT errors.
Dec  7 11:06:13 grafana-vm kernel: [    3.639685]  sda: sda1 sda14 sda15
Dec  7 11:06:13 grafana-vm kernel: [    3.645549] ata2.01: NODEV after polling detection
Dec  7 11:06:13 grafana-vm kernel: [    3.795273] sd 1:0:1:0: [sdb] Attached SCSI disk
Dec  7 11:06:13 grafana-vm kernel: [    3.807136] sd 0:0:0:0: [sda] Attached SCSI disk
Dec  7 11:06:13 grafana-vm kernel: [    3.813794] Segment Routing with IPv6
Dec  7 11:06:13 grafana-vm kernel: [    3.821901] NET: Registered protocol family 17
Dec  7 11:06:13 grafana-vm kernel: [    3.826852] Key type dns_resolver registered
Dec  7 11:06:13 grafana-vm kernel: [    3.832012] RAS: Correctable Errors collector initialized.
Dec  7 11:06:13 grafana-vm kernel: [    3.839251] IPI shorthand broadcast: enabled
Dec  7 11:06:13 grafana-vm kernel: [    3.845475] registered taskstats version 1
Dec  7 11:06:13 grafana-vm kernel: [    3.860360] Loading compiled-in X.509 certificates
Dec  7 11:06:13 grafana-vm kernel: [    3.875931] Loaded X.509 cert 'Build time autogenerated kernel key: 5183f57283d533ffb80e6fdf7d6330cf3dc2e3b4'
Dec  7 11:06:13 grafana-vm kernel: [    3.886394] Loaded X.509 cert 'Canonical Ltd. Live Patch Signing: 14df34d1a87cf37625abec039ef2bf521249b969'
Dec  7 11:06:13 grafana-vm kernel: [    3.896458] Loaded X.509 cert 'Canonical Ltd. Kernel Module Signing: 88f752e560a1e0737e31163a466ad7b70a850c19'
Dec  7 11:06:13 grafana-vm kernel: [    3.907383] zswap: loaded using pool lzo/zbud
Dec  7 11:06:13 grafana-vm kernel: [    3.921778] Key type ._fscrypt registered
Dec  7 11:06:13 grafana-vm kernel: [    3.926124] Key type .fscrypt registered
Dec  7 11:06:13 grafana-vm kernel: [    3.931358] ata2.00: ATAPI: Virtual CD, , max MWDMA2
Dec  7 11:06:13 grafana-vm kernel: [    3.945689] scsi 5:0:0:0: CD-ROM            Msft     Virtual CD/ROM   1.0  PQ: 0 ANSI: 5
Dec  7 11:06:13 grafana-vm kernel: [    3.963226] sr 5:0:0:0: [sr0] scsi3-mmc drive: 0x/0x tray
Dec  7 11:06:13 grafana-vm kernel: [    3.968747] cdrom: Uniform CD-ROM driver Revision: 3.20
Dec  7 11:06:13 grafana-vm kernel: [    3.974935] Key type big_key registered
Dec  7 11:06:13 grafana-vm kernel: [    3.981159] Key type encrypted registered
Dec  7 11:06:13 grafana-vm kernel: [    3.985551] AppArmor: AppArmor sha1 policy hashing enabled
Dec  7 11:06:13 grafana-vm kernel: [    3.992554] ima: No TPM chip found, activating TPM-bypass!
Dec  7 11:06:13 grafana-vm kernel: [    3.999423] sr 5:0:0:0: Attached scsi CD-ROM sr0
Dec  7 11:06:13 grafana-vm kernel: [    4.000961] sr 5:0:0:0: Attached scsi generic sg2 type 5
Dec  7 11:06:13 grafana-vm kernel: [    4.007744] ima: Allocated hash algorithm: sha1
Dec  7 11:06:13 grafana-vm kernel: [    4.014038] ima: No architecture policies found
Dec  7 11:06:13 grafana-vm kernel: [    4.018172] evm: Initialising EVM extended attributes:
Dec  7 11:06:13 grafana-vm kernel: [    4.022667] evm: security.selinux
Dec  7 11:06:13 grafana-vm kernel: [    4.026610] evm: security.SMACK64
Dec  7 11:06:13 grafana-vm kernel: [    4.030636] evm: security.SMACK64EXEC
Dec  7 11:06:13 grafana-vm kernel: [    4.038019] evm: security.SMACK64TRANSMUTE
Dec  7 11:06:13 grafana-vm kernel: [    4.042252] evm: security.SMACK64MMAP
Dec  7 11:06:13 grafana-vm kernel: [    4.046018] evm: security.apparmor
Dec  7 11:06:13 grafana-vm kernel: [    4.050131] evm: security.ima
Dec  7 11:06:13 grafana-vm kernel: [    4.054017] evm: security.capability
Dec  7 11:06:13 grafana-vm kernel: [    4.057840] evm: HMAC attrs: 0x1
Dec  7 11:06:13 grafana-vm kernel: [    4.061985] PM:   Magic number: 1:242:74
Dec  7 11:06:13 grafana-vm kernel: [    4.066905] rtc_cmos 00:00: setting system clock to 2021-12-07T11:05:53 UTC (1638875153)
Dec  7 11:06:13 grafana-vm kernel: [    4.075033] Unstable clock detected, switching default tracing clock to "global"
Dec  7 11:06:13 grafana-vm kernel: [    4.075033] If you want to keep using the local clock, then add:
Dec  7 11:06:13 grafana-vm kernel: [    4.075033]   "trace_clock=local"
Dec  7 11:06:13 grafana-vm kernel: [    4.075033] on the kernel command line
Dec  7 11:06:13 grafana-vm kernel: [    4.102264] Freeing unused decrypted memory: 2040K
Dec  7 11:06:13 grafana-vm kernel: [    4.108606] Freeing unused kernel image memory: 2472K
Dec  7 11:06:13 grafana-vm kernel: [    4.114267] Write protecting the kernel read-only data: 22528k
Dec  7 11:06:13 grafana-vm kernel: [    4.121985] Freeing unused kernel image memory: 2000K
Dec  7 11:06:13 grafana-vm kernel: [    4.127564] Freeing unused kernel image memory: 1568K
Dec  7 11:06:13 grafana-vm kernel: [    4.146186] x86/mm: Checked W+X mappings: passed, no W+X pages found.
Dec  7 11:06:13 grafana-vm kernel: [    4.151826] x86/mm: Checking user space page tables
Dec  7 11:06:13 grafana-vm kernel: [    4.166699] x86/mm: Checked W+X mappings: passed, no W+X pages found.
Dec  7 11:06:13 grafana-vm kernel: [    4.173294] Run /init as init process
Dec  7 11:06:13 grafana-vm kernel: [    4.326270] hv_utils: Registering HyperV Utility Driver
Dec  7 11:06:13 grafana-vm kernel: [    4.337760] hv_vmbus: registering driver hv_utils
Dec  7 11:06:13 grafana-vm kernel: [    4.347990] hv_vmbus: registering driver hyperv_fb
Dec  7 11:06:13 grafana-vm kernel: [    4.355314] hidraw: raw HID events driver (C) Jiri Kosina
Dec  7 11:06:13 grafana-vm kernel: [    4.363963] hv_vmbus: registering driver hv_netvsc
Dec  7 11:06:13 grafana-vm kernel: [    4.380128] hv_vmbus: registering driver hyperv_keyboard
Dec  7 11:06:13 grafana-vm kernel: [    4.408089] input: AT Translated Set 2 keyboard as /devices/LNXSYSTM:00/LNXSYBUS:00/PNP0A03:00/device:07/VMBUS:01/d34b2567-b9b6-42b9-8778-0a4ec0b955bf/serio2/input/input3
Dec  7 11:06:13 grafana-vm kernel: [    4.431248] hyperv_fb: Screen resolution: 1152x864, Color depth: 32
Dec  7 11:06:13 grafana-vm kernel: [    4.439170] hv_vmbus: registering driver hid_hyperv
Dec  7 11:06:13 grafana-vm kernel: [    4.446229] Console: switching to colour frame buffer device 144x54
Dec  7 11:06:13 grafana-vm kernel: [    4.480501] input: Microsoft Vmbus HID-compliant Mouse as /devices/0006:045E:0621.0001/input/input4
Dec  7 11:06:13 grafana-vm kernel: [    4.500980] hid 0006:045E:0621.0001: input: VIRTUAL HID v0.01 Mouse [Microsoft Vmbus HID-compliant Mouse] on 
Dec  7 11:06:13 grafana-vm kernel: [    4.524927] hv_utils: Heartbeat IC version 3.0
Dec  7 11:06:13 grafana-vm kernel: [    4.537417] hv_utils: Shutdown IC version 3.2
Dec  7 11:06:13 grafana-vm kernel: [    4.541270] hv_utils: TimeSync IC version 4.0
Dec  7 11:06:13 grafana-vm kernel: [    4.590298] cryptd: max_cpu_qlen set to 1000
Dec  7 11:06:13 grafana-vm kernel: [    4.630316] AVX2 version of gcm_enc/dec engaged.
Dec  7 11:06:13 grafana-vm kernel: [    4.636765] AES CTR mode by8 optimization enabled
Dec  7 11:06:13 grafana-vm kernel: [    6.678511] raid6: avx2x4   gen() 22708 MB/s
Dec  7 11:06:13 grafana-vm kernel: [    6.734514] raid6: avx2x4   xor() 14543 MB/s
Dec  7 11:06:13 grafana-vm kernel: [    6.786499] raid6: avx2x2   gen() 20096 MB/s
Dec  7 11:06:13 grafana-vm kernel: [    6.834507] raid6: avx2x2   xor() 12416 MB/s
Dec  7 11:06:13 grafana-vm kernel: [    6.882510] raid6: avx2x1   gen() 17152 MB/s
Dec  7 11:06:13 grafana-vm kernel: [    6.930502] raid6: avx2x1   xor() 11769 MB/s
Dec  7 11:06:13 grafana-vm kernel: [    6.978498] raid6: sse2x4   gen() 12698 MB/s
Dec  7 11:06:13 grafana-vm kernel: [    7.030501] raid6: sse2x4   xor()  7156 MB/s
Dec  7 11:06:13 grafana-vm kernel: [    7.078503] raid6: sse2x2   gen() 10544 MB/s
Dec  7 11:06:13 grafana-vm kernel: [    7.130500] raid6: sse2x2   xor()  7023 MB/s
Dec  7 11:06:13 grafana-vm kernel: [    7.182509] raid6: sse2x1   gen()  9129 MB/s
Dec  7 11:06:13 grafana-vm kernel: [    7.230506] raid6: sse2x1   xor()  6510 MB/s
Dec  7 11:06:13 grafana-vm kernel: [    7.237654] raid6: using algorithm avx2x4 gen() 22708 MB/s
Dec  7 11:06:13 grafana-vm kernel: [    7.242651] raid6: .... xor() 14543 MB/s, rmw enabled
Dec  7 11:06:13 grafana-vm kernel: [    7.246923] raid6: using avx2x2 recovery algorithm
Dec  7 11:06:13 grafana-vm kernel: [    7.254033] xor: automatically using best checksumming function   avx       
Dec  7 11:06:13 grafana-vm kernel: [    7.263325] async_tx: api initialized (async)
Dec  7 11:06:13 grafana-vm kernel: [    7.340276] Btrfs loaded, crc32c=crc32c-intel
Dec  7 11:06:13 grafana-vm kernel: [    7.448809] EXT4-fs (sda1): mounted filesystem with ordered data mode. Opts: (null)
Dec  7 11:06:13 grafana-vm kernel: [    8.076045] Loading iSCSI transport class v2.0-870.
Dec  7 11:06:13 grafana-vm kernel: [    8.137147] iscsi: registered transport (tcp)
Dec  7 11:06:13 grafana-vm kernel: [    8.207375] EXT4-fs (sda1): re-mounted. Opts: discard
Dec  7 11:06:13 grafana-vm kernel: [    8.297160] iscsi: registered transport (iser)
Dec  7 11:06:13 grafana-vm kernel: [    9.032033] hv_vmbus: registering driver hv_balloon
Dec  7 11:06:13 grafana-vm kernel: [    9.032451] hv_balloon: Using Dynamic Memory protocol version 2.0
Dec  7 11:06:13 grafana-vm kernel: [    9.237877] RAPL PMU: API unit is 2^-32 Joules, 0 fixed counters, 10737418240 ms ovfl timer
Dec  7 11:06:13 grafana-vm kernel: [    9.351261] hv_utils: KVP IC version 4.0
Dec  7 11:06:13 grafana-vm kernel: [   10.528193] audit: type=1400 audit(1638875161.093:2): apparmor="STATUS" operation="profile_load" profile="unconfined" name="lxc-container-default" pid=683 comm="apparmor_parser"
Dec  7 11:06:13 grafana-vm kernel: [   10.528847] audit: type=1400 audit(1638875161.093:3): apparmor="STATUS" operation="profile_load" profile="unconfined" name="lxc-container-default-cgns" pid=683 comm="apparmor_parser"
Dec  7 11:06:13 grafana-vm kernel: [   10.531091] audit: type=1400 audit(1638875161.097:4): apparmor="STATUS" operation="profile_load" profile="unconfined" name="lxc-container-default-with-mounting" pid=683 comm="apparmor_parser"
Dec  7 11:06:13 grafana-vm kernel: [   10.531683] audit: type=1400 audit(1638875161.097:5): apparmor="STATUS" operation="profile_load" profile="unconfined" name="lxc-container-default-with-nesting" pid=683 comm="apparmor_parser"
Dec  7 11:06:13 grafana-vm kernel: [   10.693425] audit: type=1400 audit(1638875161.257:6): apparmor="STATUS" operation="profile_load" profile="unconfined" name="/sbin/dhclient" pid=689 comm="apparmor_parser"
Dec  7 11:06:13 grafana-vm kernel: [   10.694077] audit: type=1400 audit(1638875161.257:7): apparmor="STATUS" operation="profile_load" profile="unconfined" name="/usr/lib/NetworkManager/nm-dhcp-client.action" pid=689 comm="apparmor_parser"
Dec  7 11:06:13 grafana-vm kernel: [   10.694685] audit: type=1400 audit(1638875161.261:8): apparmor="STATUS" operation="profile_load" profile="unconfined" name="/usr/lib/NetworkManager/nm-dhcp-helper" pid=689 comm="apparmor_parser"
Dec  7 11:06:13 grafana-vm kernel: [   10.695149] audit: type=1400 audit(1638875161.261:9): apparmor="STATUS" operation="profile_load" profile="unconfined" name="/usr/lib/connman/scripts/dhclient-script" pid=689 comm="apparmor_parser"
Dec  7 11:06:13 grafana-vm kernel: [   10.706884] audit: type=1400 audit(1638875161.273:10): apparmor="STATUS" operation="profile_load" profile="unconfined" name="/usr/bin/lxc-start" pid=691 comm="apparmor_parser"
Dec  7 11:06:13 grafana-vm kernel: [   10.777955] audit: type=1400 audit(1638875161.341:11): apparmor="STATUS" operation="profile_load" profile="unconfined" name="/usr/bin/man" pid=693 comm="apparmor_parser"
Dec  7 11:06:13 grafana-vm kernel: [   12.037937] UDF-fs: INFO Mounting volume 'UDF Volume', timestamp 2021/12/08 00:00 (1000)
Dec  7 11:06:13 grafana-vm kernel: [   12.138653] IPv6: ADDRCONF(NETDEV_CHANGE): eth0: link becomes ready
Dec  7 11:06:13 grafana-vm kernel: [   19.229554] EXT4-fs (sda1): resizing filesystem from 548091 to 7836155 blocks
Dec  7 11:06:13 grafana-vm kernel: [   20.278552] EXT4-fs (sda1): resized filesystem to 7836155
Dec  7 11:06:13 grafana-vm kernel: [   20.760918]  sdb: sdb1
Dec  7 11:06:13 grafana-vm kernel: [   21.231830] EXT4-fs (sdb1): mounted filesystem with ordered data mode. Opts: (null)
Dec  7 11:06:13 grafana-vm kernel: [   22.649266] new mount options do not match the existing superblock, will be ignored
Dec  7 11:06:16 grafana-vm kernel: [   25.569465] bpfilter: Loaded bpfilter_umh pid 1186
Dec  7 11:06:47 grafana-vm kernel: [   57.143286] hv_balloon: Max. dynamic memory size: 3584 MB
