Dec  7 11:06:13 grafana-vm systemd-modules-load[432]: Inserted module 'iscsi_tcp'
Dec  7 11:06:13 grafana-vm systemd-modules-load[432]: Inserted module 'ib_iser'
Dec  7 11:06:13 grafana-vm systemd[1]: Started Monitoring of LVM2 mirrors, snapshots etc. using dmeventd or progress polling.
Dec  7 11:06:13 grafana-vm systemd[1]: Started udev Kernel Device Manager.
Dec  7 11:06:13 grafana-vm systemd[1]: Started Set the console keyboard layout.
Dec  7 11:06:13 grafana-vm systemd[1]: Started Apply Kernel Variables.
Dec  7 11:06:13 grafana-vm systemd[1]: Mounted Kernel Configuration File System.
Dec  7 11:06:13 grafana-vm systemd[1]: Mounted FUSE Control File System.
Dec  7 11:06:13 grafana-vm systemd[1]: Reached target Local File Systems (Pre).
Dec  7 11:06:13 grafana-vm systemd[1]: Starting Flush Journal to Persistent Storage...
Dec  7 11:06:13 grafana-vm systemd[1]: Started udev Coldplug all Devices.
Dec  7 11:06:13 grafana-vm systemd[1]: Started Dispatch Password Requests to Console Directory Watch.
Dec  7 11:06:13 grafana-vm systemd[1]: Reached target Local Encrypted Volumes.
Dec  7 11:06:13 grafana-vm systemd[1]: Started Flush Journal to Persistent Storage.
Dec  7 11:06:13 grafana-vm systemd-udevd[464]: link_config: autonegotiation is unset or enabled, the speed and duplex are not writable.
Dec  7 11:06:13 grafana-vm systemd[1]: Found device /dev/ttyS0.
Dec  7 11:06:13 grafana-vm systemd[1]: Listening on Load/Save RF Kill Switch Status /dev/rfkill Watch.
Dec  7 11:06:13 grafana-vm systemd[1]: Found device /sys/devices/virtual/misc/vmbus!hv_kvp.
Dec  7 11:06:13 grafana-vm systemd-udevd[469]: link_config: autonegotiation is unset or enabled, the speed and duplex are not writable.
Dec  7 11:06:13 grafana-vm systemd[1]: Started Hyper-V KVP Protocol Daemon.
Dec  7 11:06:13 grafana-vm KVP: KVP starting; pid is:505
Dec  7 11:06:13 grafana-vm KVP: KVP LIC Version: 3.1
Dec  7 11:06:13 grafana-vm systemd[1]: Found device Virtual_Disk UEFI.
Dec  7 11:06:13 grafana-vm systemd[1]: Starting File System Check on /dev/disk/by-uuid/D09A-F73D...
Dec  7 11:06:13 grafana-vm systemd[1]: Started File System Check Daemon to report status.
Dec  7 11:06:13 grafana-vm systemd-fsck[613]: fsck.fat 4.1 (2017-01-24)
Dec  7 11:06:13 grafana-vm systemd-fsck[613]: /dev/sda15: 11 files, 8921/213716 clusters
Dec  7 11:06:13 grafana-vm systemd[1]: Started File System Check on /dev/disk/by-uuid/D09A-F73D.
Dec  7 11:06:13 grafana-vm systemd[1]: Mounting /boot/efi...
Dec  7 11:06:13 grafana-vm systemd[1]: Mounted /boot/efi.
Dec  7 11:06:13 grafana-vm systemd[1]: Reached target Local File Systems.
Dec  7 11:06:13 grafana-vm systemd[1]: Starting AppArmor initialization...
Dec  7 11:06:13 grafana-vm systemd[1]: Starting Commit a transient machine-id on disk...
Dec  7 11:06:13 grafana-vm systemd[1]: Starting Set console font and keymap...
Dec  7 11:06:13 grafana-vm systemd[1]: Starting ebtables ruleset management...
Dec  7 11:06:13 grafana-vm systemd[1]: Starting Tell Plymouth To Write Out Runtime Data...
Dec  7 11:06:13 grafana-vm systemd[1]: Starting Create Volatile Files and Directories...
Dec  7 11:06:13 grafana-vm systemd[1]: Started Commit a transient machine-id on disk.
Dec  7 11:06:13 grafana-vm systemd[1]: Started Set console font and keymap.
Dec  7 11:06:13 grafana-vm systemd[1]: Started Tell Plymouth To Write Out Runtime Data.
Dec  7 11:06:13 grafana-vm systemd[1]: Started Create Volatile Files and Directories.
Dec  7 11:06:13 grafana-vm systemd[1]: Starting Network Time Synchronization...
Dec  7 11:06:13 grafana-vm systemd[1]: Starting Update UTMP about System Boot/Shutdown...
Dec  7 11:06:13 grafana-vm systemd[1]: Started Update UTMP about System Boot/Shutdown.
Dec  7 11:06:13 grafana-vm apparmor[630]:  * Starting AppArmor profiles
Dec  7 11:06:13 grafana-vm systemd[1]: Started ebtables ruleset management.
Dec  7 11:06:13 grafana-vm systemd[1]: Started Network Time Synchronization.
Dec  7 11:06:13 grafana-vm systemd[1]: Reached target System Time Synchronized.
Dec  7 11:06:13 grafana-vm apparmor[630]: Skipping profile in /etc/apparmor.d/disable: usr.sbin.rsyslogd
Dec  7 11:06:13 grafana-vm apparmor[630]:    ...done.
Dec  7 11:06:13 grafana-vm systemd[1]: Started AppArmor initialization.
Dec  7 11:06:13 grafana-vm systemd[1]: Starting Initial cloud-init job (pre-networking)...
Dec  7 11:06:13 grafana-vm sh[700]: + [ -e /var/lib/cloud/instance/obj.pkl ]
Dec  7 11:06:13 grafana-vm sh[700]: + exit 0
Dec  7 11:06:13 grafana-vm systemd[1]: Starting Load AppArmor profiles managed internally by snapd...
Dec  7 11:06:13 grafana-vm systemd[1]: Started Load AppArmor profiles managed internally by snapd.
Dec  7 11:06:13 grafana-vm snapd-apparmor[710]: find: ‘/var/lib/snapd/apparmor/profiles/’: No such file or directory
Dec  7 11:06:13 grafana-vm dhclient[749]: Internet Systems Consortium DHCP Client 4.3.5
Dec  7 11:06:13 grafana-vm dhclient[749]: Copyright 2004-2016 Internet Systems Consortium.
Dec  7 11:06:13 grafana-vm dhclient[749]: All rights reserved.
Dec  7 11:06:13 grafana-vm dhclient[749]: For info, please visit https://www.isc.org/software/dhcp/
Dec  7 11:06:13 grafana-vm dhclient[749]: 
Dec  7 11:06:13 grafana-vm dhclient[749]: Listening on LPF/eth0/60:45:bd:87:66:71
Dec  7 11:06:13 grafana-vm dhclient[749]: Sending on   LPF/eth0/60:45:bd:87:66:71
Dec  7 11:06:13 grafana-vm dhclient[749]: Sending on   Socket/fallback
Dec  7 11:06:13 grafana-vm dhclient[749]: DHCPDISCOVER on eth0 to 255.255.255.255 port 67 interval 3 (xid=0xed7db90b)
Dec  7 11:06:13 grafana-vm dhclient[749]: DHCPREQUEST of 10.0.0.4 on eth0 to 255.255.255.255 port 67 (xid=0xbb97ded)
Dec  7 11:06:13 grafana-vm dhclient[749]: DHCPOFFER of 10.0.0.4 from 168.63.129.16
Dec  7 11:06:13 grafana-vm dhclient[749]: DHCPACK of 10.0.0.4 from 168.63.129.16
Dec  7 11:06:13 grafana-vm kernel: [    0.000000] Linux version 5.4.0-1064-azure (buildd@lgw01-amd64-001) (gcc version 7.5.0 (Ubuntu 7.5.0-3ubuntu1~18.04)) #67~18.04.1-Ubuntu SMP Wed Nov 10 11:38:21 UTC 2021 (Ubuntu 5.4.0-1064.67~18.04.1-azure 5.4.151)
Dec  7 11:06:13 grafana-vm kernel: [    0.000000] Command line: BOOT_IMAGE=/boot/vmlinuz-5.4.0-1064-azure root=UUID=8d5f53a6-b580-4a54-b4b2-e8bf23b9b891 ro console=tty1 console=ttyS0 earlyprintk=ttyS0
Dec  7 11:06:13 grafana-vm kernel: [    0.000000] KERNEL supported cpus:
Dec  7 11:06:13 grafana-vm kernel: [    0.000000]   Intel GenuineIntel
Dec  7 11:06:13 grafana-vm kernel: [    0.000000]   AMD AuthenticAMD
Dec  7 11:06:13 grafana-vm kernel: [    0.000000]   Hygon HygonGenuine
Dec  7 11:06:13 grafana-vm kernel: [    0.000000]   Centaur CentaurHauls
Dec  7 11:06:13 grafana-vm kernel: [    0.000000]   zhaoxin   Shanghai  
Dec  7 11:06:13 grafana-vm kernel: [    0.000000] x86/fpu: Supporting XSAVE feature 0x001: 'x87 floating point registers'
Dec  7 11:06:13 grafana-vm kernel: [    0.000000] x86/fpu: Supporting XSAVE feature 0x002: 'SSE registers'
Dec  7 11:06:13 grafana-vm kernel: [    0.000000] x86/fpu: Supporting XSAVE feature 0x004: 'AVX registers'
Dec  7 11:06:13 grafana-vm kernel: [    0.000000] x86/fpu: xstate_offset[2]:  576, xstate_sizes[2]:  256
Dec  7 11:06:13 grafana-vm kernel: [    0.000000] x86/fpu: Enabled xstate features 0x7, context size is 832 bytes, using 'standard' format.
Dec  7 11:06:13 grafana-vm kernel: [    0.000000] BIOS-provided physical RAM map:
Dec  7 11:06:13 grafana-vm kernel: [    0.000000] BIOS-e820: [mem 0x0000000000000000-0x000000000009fbff] usable
Dec  7 11:06:13 grafana-vm kernel: [    0.000000] BIOS-e820: [mem 0x000000000009fc00-0x000000000009ffff] reserved
Dec  7 11:06:13 grafana-vm kernel: [    0.000000] BIOS-e820: [mem 0x00000000000e0000-0x00000000000fffff] reserved
Dec  7 11:06:13 grafana-vm kernel: [    0.000000] BIOS-e820: [mem 0x0000000000100000-0x000000003ffeffff] usable
Dec  7 11:06:13 grafana-vm kernel: [    0.000000] BIOS-e820: [mem 0x000000003fff0000-0x000000003fffefff] ACPI data
Dec  7 11:06:13 grafana-vm kernel: [    0.000000] BIOS-e820: [mem 0x000000003ffff000-0x000000003fffffff] ACPI NVS
Dec  7 11:06:13 grafana-vm kernel: [    0.000000] BIOS-e820: [mem 0x0000000100000000-0x000000019fffffff] usable
Dec  7 11:06:13 grafana-vm kernel: [    0.000000] printk: bootconsole [earlyser0] enabled
Dec  7 11:06:13 grafana-vm kernel: [    0.000000] NX (Execute Disable) protection: active
Dec  7 11:06:13 grafana-vm kernel: [    0.000000] SMBIOS 2.3 present.
Dec  7 11:06:13 grafana-vm kernel: [    0.000000] DMI: Microsoft Corporation Virtual Machine/Virtual Machine, BIOS 090008  12/07/2018
Dec  7 11:06:13 grafana-vm kernel: [    0.000000] Hypervisor detected: Microsoft Hyper-V
Dec  7 11:06:13 grafana-vm kernel: [    0.000000] Hyper-V: features 0x2e7f, hints 0x60c2c, misc 0xed7b2
Dec  7 11:06:13 grafana-vm kernel: [    0.000000] Hyper-V Host Build:18362-10.0-3-0.3356
Dec  7 11:06:13 grafana-vm kernel: [    0.000000] Hyper-V: LAPIC Timer Frequency: 0xc3500
Dec  7 11:06:13 grafana-vm kernel: [    0.000000] tsc: Marking TSC unstable due to running on Hyper-V
Dec  7 11:06:13 grafana-vm kernel: [    0.000000] Hyper-V: Using hypercall for remote TLB flush
Dec  7 11:06:13 grafana-vm kernel: [    0.000000] clocksource: hyperv_clocksource_tsc_page: mask: 0xffffffffffffffff max_cycles: 0x24e6a1710, max_idle_ns: 440795202120 ns
Dec  7 11:06:13 grafana-vm kernel: [    0.000005] tsc: Detected 2394.453 MHz processor
Dec  7 11:06:13 grafana-vm kernel: [    0.005308] e820: update [mem 0x00000000-0x00000fff] usable ==> reserved
Dec  7 11:06:13 grafana-vm kernel: [    0.005311] e820: remove [mem 0x000a0000-0x000fffff] usable
Dec  7 11:06:13 grafana-vm kernel: [    0.005315] last_pfn = 0x1a0000 max_arch_pfn = 0x400000000
Dec  7 11:06:13 grafana-vm kernel: [    0.013448] MTRR default type: uncachable
Dec  7 11:06:13 grafana-vm kernel: [    0.013449] MTRR fixed ranges enabled:
Dec  7 11:06:13 grafana-vm kernel: [    0.013451]   00000-9FFFF write-back
Dec  7 11:06:13 grafana-vm kernel: [    0.013452]   A0000-DFFFF uncachable
Dec  7 11:06:13 grafana-vm kernel: [    0.013452]   E0000-FFFFF write-back
Dec  7 11:06:13 grafana-vm kernel: [    0.013453] MTRR variable ranges enabled:
Dec  7 11:06:13 grafana-vm kernel: [    0.013455]   0 base 000000000000 mask 3FFFC0000000 write-back
Dec  7 11:06:13 grafana-vm kernel: [    0.013456]   1 base 000100000000 mask 3FF000000000 write-back
Dec  7 11:06:13 grafana-vm kernel: [    0.013456]   2 disabled
Dec  7 11:06:13 grafana-vm kernel: [    0.013457]   3 disabled
Dec  7 11:06:13 grafana-vm kernel: [    0.013457]   4 disabled
Dec  7 11:06:13 grafana-vm kernel: [    0.013457]   5 disabled
Dec  7 11:06:13 grafana-vm kernel: [    0.013458]   6 disabled
Dec  7 11:06:13 grafana-vm kernel: [    0.013458]   7 disabled
Dec  7 11:06:13 grafana-vm kernel: [    0.013469] x86/PAT: Configuration [0-7]: WB  WC  UC- UC  WB  WP  UC- WT  
Dec  7 11:06:13 grafana-vm kernel: [    0.018821] e820: update [mem 0x40000000-0xffffffff] usable ==> reserved
Dec  7 11:06:13 grafana-vm kernel: [    0.021261] last_pfn = 0x3fff0 max_arch_pfn = 0x400000000
Dec  7 11:06:13 grafana-vm kernel: [    0.046351] found SMP MP-table at [mem 0x000ff780-0x000ff78f]
Dec  7 11:06:13 grafana-vm kernel: [    0.051716] check: Scanning 1 areas for low memory corruption
Dec  7 11:06:13 grafana-vm kernel: [    0.056650] Using GB pages for direct mapping
Dec  7 11:06:13 grafana-vm kernel: [    0.060353] RAMDISK: [mem 0x34625000-0x36309fff]
Dec  7 11:06:13 grafana-vm kernel: [    0.064874] ACPI: Early table checksum verification disabled
Dec  7 11:06:13 grafana-vm kernel: [    0.071702] ACPI: RSDP 0x00000000000F5C00 000014 (v00 ACPIAM)
Dec  7 11:06:13 grafana-vm kernel: [    0.076338] ACPI: RSDT 0x000000003FFF0000 000040 (v01 VRTUAL MICROSFT 12001807 MSFT 00000097)
Dec  7 11:06:13 grafana-vm kernel: [    0.085067] ACPI: FACP 0x000000003FFF0200 000081 (v02 VRTUAL MICROSFT 12001807 MSFT 00000097)
Dec  7 11:06:13 grafana-vm kernel: [    0.094794] ACPI: DSDT 0x000000003FFF1D24 003CD5 (v01 MSFTVM MSFTVM02 00000002 INTL 02002026)
Dec  7 11:06:13 grafana-vm kernel: [    0.111111] ACPI: FACS 0x000000003FFFF000 000040
Dec  7 11:06:13 grafana-vm kernel: [    0.117021] ACPI: WAET 0x000000003FFF1A80 000028 (v01 VRTUAL MICROSFT 12001807 MSFT 00000097)
Dec  7 11:06:13 grafana-vm kernel: [    0.125317] ACPI: SLIC 0x000000003FFF1AC0 000176 (v01 VRTUAL MICROSFT 12001807 MSFT 00000097)
Dec  7 11:06:13 grafana-vm kernel: [    0.137681] ACPI: OEM0 0x000000003FFF1CC0 000064 (v01 VRTUAL MICROSFT 12001807 MSFT 00000097)
Dec  7 11:06:13 grafana-vm kernel: [    0.149383] ACPI: SRAT 0x000000003FFF0800 000130 (v02 VRTUAL MICROSFT 00000001 MSFT 00000001)
Dec  7 11:06:13 grafana-vm kernel: [    0.159880] ACPI: APIC 0x000000003FFF0300 00005A (v01 VRTUAL MICROSFT 12001807 MSFT 00000097)
Dec  7 11:06:13 grafana-vm kernel: [    0.169680] ACPI: OEMB 0x000000003FFFF040 000064 (v01 VRTUAL MICROSFT 12001807 MSFT 00000097)
Dec  7 11:06:13 grafana-vm kernel: [    0.177332] ACPI: Reserving FACP table memory at [mem 0x3fff0200-0x3fff0280]
Dec  7 11:06:13 grafana-vm kernel: [    0.183323] ACPI: Reserving DSDT table memory at [mem 0x3fff1d24-0x3fff59f8]
Dec  7 11:06:13 grafana-vm kernel: [    0.190993] ACPI: Reserving FACS table memory at [mem 0x3ffff000-0x3ffff03f]
Dec  7 11:06:13 grafana-vm kernel: [    0.197009] ACPI: Reserving WAET table memory at [mem 0x3fff1a80-0x3fff1aa7]
Dec  7 11:06:13 grafana-vm kernel: [    0.206085] ACPI: Reserving SLIC table memory at [mem 0x3fff1ac0-0x3fff1c35]
Dec  7 11:06:13 grafana-vm kernel: [    0.212344] ACPI: Reserving OEM0 table memory at [mem 0x3fff1cc0-0x3fff1d23]
Dec  7 11:06:13 grafana-vm kernel: [    0.218362] ACPI: Reserving SRAT table memory at [mem 0x3fff0800-0x3fff092f]
Dec  7 11:06:13 grafana-vm kernel: [    0.224434] ACPI: Reserving APIC table memory at [mem 0x3fff0300-0x3fff0359]
Dec  7 11:06:13 grafana-vm kernel: [    0.230857] ACPI: Reserving OEMB table memory at [mem 0x3ffff040-0x3ffff0a3]
Dec  7 11:06:13 grafana-vm kernel: [    0.242654] ACPI: Local APIC address 0xfee00000
Dec  7 11:06:13 grafana-vm kernel: [    0.242716] SRAT: PXM 0 -> APIC 0x00 -> Node 0
Dec  7 11:06:13 grafana-vm kernel: [    0.246398] ACPI: SRAT: Node 0 PXM 0 [mem 0x00000000-0x3fffffff] hotplug
Dec  7 11:06:13 grafana-vm kernel: [    0.252663] ACPI: SRAT: Node 0 PXM 0 [mem 0x100000000-0x19fffffff] hotplug
Dec  7 11:06:13 grafana-vm kernel: [    0.259881] ACPI: SRAT: Node 0 PXM 0 [mem 0x1a0200000-0xfdfffffff] hotplug
Dec  7 11:06:13 grafana-vm kernel: [    0.265547] ACPI: SRAT: Node 0 PXM 0 [mem 0x1000000000-0xffffffffff] hotplug
Dec  7 11:06:13 grafana-vm kernel: [    0.271333] ACPI: SRAT: Node 0 PXM 0 [mem 0x10000200000-0x1ffffffffff] hotplug
Dec  7 11:06:13 grafana-vm kernel: [    0.277951] ACPI: SRAT: Node 0 PXM 0 [mem 0x20000200000-0x3ffffffffff] hotplug
Dec  7 11:06:13 grafana-vm kernel: [    0.284332] NUMA: Node 0 [mem 0x00000000-0x3fffffff] + [mem 0x100000000-0x19fffffff] -> [mem 0x00000000-0x19fffffff]
Dec  7 11:06:13 grafana-vm kernel: [    0.299143] NODE_DATA(0) allocated [mem 0x19ffd5000-0x19fffffff]
Dec  7 11:06:13 grafana-vm kernel: [    0.304652] Zone ranges:
Dec  7 11:06:13 grafana-vm kernel: [    0.306811]   DMA      [mem 0x0000000000001000-0x0000000000ffffff]
Dec  7 11:06:13 grafana-vm kernel: [    0.311992]   DMA32    [mem 0x0000000001000000-0x00000000ffffffff]
Dec  7 11:06:13 grafana-vm kernel: [    0.317473]   Normal   [mem 0x0000000100000000-0x000000019fffffff]
Dec  7 11:06:13 grafana-vm kernel: [    0.322625]   Device   empty
Dec  7 11:06:13 grafana-vm kernel: [    0.324942] Movable zone start for each node
Dec  7 11:06:13 grafana-vm kernel: [    0.333139] Early memory node ranges
Dec  7 11:06:13 grafana-vm kernel: [    0.336624]   node   0: [mem 0x0000000000001000-0x000000000009efff]
Dec  7 11:06:13 grafana-vm kernel: [    0.350195]   node   0: [mem 0x0000000000100000-0x000000003ffeffff]
Dec  7 11:06:13 grafana-vm kernel: [    0.354878]   node   0: [mem 0x0000000100000000-0x000000019fffffff]
Dec  7 11:06:13 grafana-vm kernel: [    0.360602] Zeroed struct page in unavailable ranges: 114 pages
Dec  7 11:06:13 grafana-vm kernel: [    0.360605] Initmem setup node 0 [mem 0x0000000000001000-0x000000019fffffff]
Dec  7 11:06:13 grafana-vm kernel: [    0.372613] On node 0 totalpages: 917390
Dec  7 11:06:13 grafana-vm kernel: [    0.372615]   DMA zone: 64 pages used for memmap
Dec  7 11:06:13 grafana-vm kernel: [    0.372616]   DMA zone: 21 pages reserved
Dec  7 11:06:13 grafana-vm kernel: [    0.372617]   DMA zone: 3998 pages, LIFO batch:0
Dec  7 11:06:13 grafana-vm kernel: [    0.372713]   DMA32 zone: 4032 pages used for memmap
Dec  7 11:06:13 grafana-vm kernel: [    0.372714]   DMA32 zone: 258032 pages, LIFO batch:63
Dec  7 11:06:13 grafana-vm kernel: [    0.378929]   Normal zone: 10240 pages used for memmap
Dec  7 11:06:13 grafana-vm kernel: [    0.378932]   Normal zone: 655360 pages, LIFO batch:63
Dec  7 11:06:13 grafana-vm kernel: [    0.391659] ACPI: PM-Timer IO Port: 0x408
Dec  7 11:06:13 grafana-vm kernel: [    0.399241] ACPI: Local APIC address 0xfee00000
Dec  7 11:06:13 grafana-vm kernel: [    0.399251] ACPI: LAPIC_NMI (acpi_id[0xff] dfl dfl lint[0x1])
Dec  7 11:06:13 grafana-vm kernel: [    0.407481] IOAPIC[0]: apic_id 0, version 17, address 0xfec00000, GSI 0-23
Dec  7 11:06:13 grafana-vm kernel: [    0.428379] ACPI: INT_SRC_OVR (bus 0 bus_irq 0 global_irq 2 dfl dfl)
Dec  7 11:06:13 grafana-vm kernel: [    0.433165] ACPI: INT_SRC_OVR (bus 0 bus_irq 9 global_irq 9 high level)
Dec  7 11:06:13 grafana-vm kernel: [    0.438593] ACPI: IRQ0 used by override.
Dec  7 11:06:13 grafana-vm kernel: [    0.438594] ACPI: IRQ9 used by override.
Dec  7 11:06:13 grafana-vm kernel: [    0.438598] Using ACPI (MADT) for SMP configuration information
Dec  7 11:06:13 grafana-vm kernel: [    0.443670] smpboot: Allowing 1 CPUs, 0 hotplug CPUs
Dec  7 11:06:13 grafana-vm kernel: [    0.448495] PM: Registered nosave memory: [mem 0x00000000-0x00000fff]
Dec  7 11:06:13 grafana-vm kernel: [    0.454461] PM: Registered nosave memory: [mem 0x0009f000-0x0009ffff]
Dec  7 11:06:13 grafana-vm kernel: [    0.460739] PM: Registered nosave memory: [mem 0x000a0000-0x000dffff]
Dec  7 11:06:13 grafana-vm kernel: [    0.466703] PM: Registered nosave memory: [mem 0x000e0000-0x000fffff]
Dec  7 11:06:13 grafana-vm kernel: [    0.472601] PM: Registered nosave memory: [mem 0x3fff0000-0x3fffefff]
Dec  7 11:06:13 grafana-vm kernel: [    0.478762] PM: Registered nosave memory: [mem 0x3ffff000-0x3fffffff]
Dec  7 11:06:13 grafana-vm kernel: [    0.484424] PM: Registered nosave memory: [mem 0x40000000-0xffffffff]
Dec  7 11:06:13 grafana-vm kernel: [    0.496616] [mem 0x40000000-0xffffffff] available for PCI devices
Dec  7 11:06:13 grafana-vm kernel: [    0.504010] Booting paravirtualized kernel on Hyper-V
Dec  7 11:06:13 grafana-vm kernel: [    0.508760] clocksource: refined-jiffies: mask: 0xffffffff max_cycles: 0xffffffff, max_idle_ns: 7645519600211568 ns
Dec  7 11:06:13 grafana-vm kernel: [    0.522557] setup_percpu: NR_CPUS:8192 nr_cpumask_bits:1 nr_cpu_ids:1 nr_node_ids:1
Dec  7 11:06:13 grafana-vm kernel: [    0.531680] percpu: Embedded 53 pages/cpu s180224 r8192 d28672 u2097152
Dec  7 11:06:13 grafana-vm kernel: [    0.541617] pcpu-alloc: s180224 r8192 d28672 u2097152 alloc=1*2097152
Dec  7 11:06:13 grafana-vm kernel: [    0.541618] pcpu-alloc: [0] 0 
Dec  7 11:06:13 grafana-vm kernel: [    0.541638] Hyper-V: PV spinlocks enabled
Dec  7 11:06:13 grafana-vm kernel: [    0.544794] PV qspinlock hash table entries: 256 (order: 0, 4096 bytes, linear)
Dec  7 11:06:13 grafana-vm kernel: [    0.553105] Built 1 zonelists, mobility grouping on.  Total pages: 903033
Dec  7 11:06:13 grafana-vm kernel: [    0.559315] Policy zone: Normal
Dec  7 11:06:13 grafana-vm kernel: [    0.561946] Kernel command line: BOOT_IMAGE=/boot/vmlinuz-5.4.0-1064-azure root=UUID=8d5f53a6-b580-4a54-b4b2-e8bf23b9b891 ro console=tty1 console=ttyS0 earlyprintk=ttyS0
Dec  7 11:06:13 grafana-vm kernel: [    0.580978] Dentry cache hash table entries: 524288 (order: 10, 4194304 bytes, linear)
Dec  7 11:06:13 grafana-vm kernel: [    0.589276] Inode-cache hash table entries: 262144 (order: 9, 2097152 bytes, linear)
Dec  7 11:06:13 grafana-vm kernel: [    0.600483] mem auto-init: stack:off, heap alloc:on, heap free:off
Dec  7 11:06:13 grafana-vm kernel: [    0.621460] Calgary: detecting Calgary via BIOS EBDA area
Dec  7 11:06:13 grafana-vm kernel: [    0.621463] Calgary: Unable to locate Rio Grande table in EBDA - bailing!
Dec  7 11:06:13 grafana-vm kernel: [    0.633329] Memory: 3477216K/3669560K available (14340K kernel code, 2311K rwdata, 4576K rodata, 2472K init, 5324K bss, 192344K reserved, 0K cma-reserved)
Dec  7 11:06:13 grafana-vm kernel: [    0.665930] random: get_random_u64 called from __kmem_cache_create+0x41/0x550 with crng_init=0
Dec  7 11:06:13 grafana-vm kernel: [    0.666047] SLUB: HWalign=64, Order=0-3, MinObjects=0, CPUs=1, Nodes=1
Dec  7 11:06:13 grafana-vm kernel: [    0.678834] Kernel/User page tables isolation: enabled
Dec  7 11:06:13 grafana-vm kernel: [    0.683065] ftrace: allocating 42038 entries in 165 pages
Dec  7 11:06:13 grafana-vm kernel: [    0.704788] rcu: Hierarchical RCU implementation.
Dec  7 11:06:13 grafana-vm kernel: [    0.710444] rcu: 	RCU restricting CPUs from NR_CPUS=8192 to nr_cpu_ids=1.
Dec  7 11:06:13 grafana-vm kernel: [    0.716778] 	Tasks RCU enabled.
Dec  7 11:06:13 grafana-vm kernel: [    0.719376] rcu: RCU calculated value of scheduler-enlistment delay is 25 jiffies.
Dec  7 11:06:13 grafana-vm kernel: [    0.729274] rcu: Adjusting geometry for rcu_fanout_leaf=16, nr_cpu_ids=1
Dec  7 11:06:13 grafana-vm kernel: [    0.745359] NR_IRQS: 524544, nr_irqs: 256, preallocated irqs: 16
Dec  7 11:06:13 grafana-vm kernel: [    0.751868] random: crng done (trusting CPU's manufacturer)
Dec  7 11:06:13 grafana-vm kernel: [    0.765728] Console: colour VGA+ 80x25
Dec  7 11:06:13 grafana-vm kernel: [    0.885520] printk: console [tty1] enabled
Dec  7 11:06:13 grafana-vm kernel: [    0.890687] printk: console [ttyS0] enabled
Dec  7 11:06:13 grafana-vm kernel: [    0.898984] printk: bootconsole [earlyser0] disabled
Dec  7 11:06:13 grafana-vm kernel: [    0.910015] ACPI: Core revision 20190816
Dec  7 11:06:13 grafana-vm kernel: [    0.915053] APIC: Switch to symmetric I/O mode setup
Dec  7 11:06:13 grafana-vm kernel: [    0.923572] Hyper-V: Using IPI hypercalls
Dec  7 11:06:13 grafana-vm kernel: [    0.927240] Hyper-V: Using enlightened APIC (xapic mode)
Dec  7 11:06:13 grafana-vm kernel: [    0.944907] ..TIMER: vector=0x30 apic1=0 pin1=2 apic2=-1 pin2=-1
Dec  7 11:06:13 grafana-vm kernel: [    0.962489] Calibrating delay loop (skipped), value calculated using timer frequency.. 4788.90 BogoMIPS (lpj=9577812)
Dec  7 11:06:13 grafana-vm kernel: [    0.966494] pid_max: default: 32768 minimum: 301
Dec  7 11:06:13 grafana-vm kernel: [    0.970538] LSM: Security Framework initializing
Dec  7 11:06:13 grafana-vm kernel: [    0.974514] Yama: becoming mindful.
Dec  7 11:06:13 grafana-vm kernel: [    0.978533] AppArmor: AppArmor initialized
Dec  7 11:06:13 grafana-vm kernel: [    0.982553] Mount-cache hash table entries: 8192 (order: 4, 65536 bytes, linear)
Dec  7 11:06:13 grafana-vm kernel: [    0.986505] Mountpoint-cache hash table entries: 8192 (order: 4, 65536 bytes, linear)
Dec  7 11:06:13 grafana-vm kernel: [    0.990524] *** VALIDATE tmpfs ***
Dec  7 11:06:13 grafana-vm kernel: [    0.994647] *** VALIDATE proc ***
Dec  7 11:06:13 grafana-vm kernel: [    0.998231] *** VALIDATE cgroup1 ***
Dec  7 11:06:13 grafana-vm kernel: [    0.998494] *** VALIDATE cgroup2 ***
Dec  7 11:06:13 grafana-vm kernel: [    1.006263] Last level iTLB entries: 4KB 1024, 2MB 1024, 4MB 1024
Dec  7 11:06:13 grafana-vm kernel: [    1.006491] Last level dTLB entries: 4KB 1024, 2MB 1024, 4MB 1024, 1GB 4
Dec  7 11:06:13 grafana-vm kernel: [    1.010497] Spectre V1 : Mitigation: usercopy/swapgs barriers and __user pointer sanitization
Dec  7 11:06:13 grafana-vm kernel: [    1.014494] Spectre V2 : Mitigation: Full generic retpoline
Dec  7 11:06:13 grafana-vm kernel: [    1.018491] Spectre V2 : Spectre v2 / SpectreRSB mitigation: Filling RSB on context switch
Dec  7 11:06:13 grafana-vm kernel: [    1.022493] Speculative Store Bypass: Vulnerable
Dec  7 11:06:13 grafana-vm kernel: [    1.026497] MDS: Mitigation: Clear CPU buffers
Dec  7 11:06:13 grafana-vm kernel: [    1.040027] Freeing SMP alternatives memory: 40K
Dec  7 11:06:13 grafana-vm kernel: [    1.043686] smpboot: CPU0: Intel(R) Xeon(R) CPU E5-2673 v3 @ 2.40GHz (family: 0x6, model: 0x3f, stepping: 0x2)
Dec  7 11:06:13 grafana-vm kernel: [    1.046660] Performance Events: unsupported p6 CPU model 63 no PMU driver, software events only.
Dec  7 11:06:13 grafana-vm kernel: [    1.050580] rcu: Hierarchical SRCU implementation.
Dec  7 11:06:13 grafana-vm kernel: [    1.055133] NMI watchdog: Perf NMI watchdog permanently disabled
Dec  7 11:06:13 grafana-vm kernel: [    1.058565] smp: Bringing up secondary CPUs ...
Dec  7 11:06:13 grafana-vm kernel: [    1.062504] smp: Brought up 1 node, 1 CPU
Dec  7 11:06:13 grafana-vm kernel: [    1.066497] smpboot: Max logical packages: 1
Dec  7 11:06:13 grafana-vm kernel: [    1.070498] smpboot: Total of 1 processors activated (4788.90 BogoMIPS)
Dec  7 11:06:13 grafana-vm kernel: [    1.074801] devtmpfs: initialized
Dec  7 11:06:13 grafana-vm kernel: [    1.078553] x86/mm: Memory block size: 128MB
Dec  7 11:06:13 grafana-vm kernel: [    1.082935] PM: Registering ACPI NVS region [mem 0x3ffff000-0x3fffffff] (4096 bytes)
Dec  7 11:06:13 grafana-vm kernel: [    1.086641] clocksource: jiffies: mask: 0xffffffff max_cycles: 0xffffffff, max_idle_ns: 7645041785100000 ns
Dec  7 11:06:13 grafana-vm kernel: [    1.090517] futex hash table entries: 256 (order: 2, 16384 bytes, linear)
Dec  7 11:06:13 grafana-vm kernel: [    1.094566] pinctrl core: initialized pinctrl subsystem
Dec  7 11:06:13 grafana-vm kernel: [    1.099250] PM: RTC time: 11:05:50, date: 2021-12-07
Dec  7 11:06:13 grafana-vm kernel: [    1.102657] NET: Registered protocol family 16
Dec  7 11:06:13 grafana-vm kernel: [    1.106608] audit: initializing netlink subsys (disabled)
Dec  7 11:06:13 grafana-vm kernel: [    1.110698] EISA bus registered
Dec  7 11:06:13 grafana-vm kernel: [    1.114502] audit: type=2000 audit(1638875149.168:1): state=initialized audit_enabled=0 res=1
Dec  7 11:06:13 grafana-vm kernel: [    1.118505] cpuidle: using governor ladder
Dec  7 11:06:13 grafana-vm kernel: [    1.122506] cpuidle: using governor menu
Dec  7 11:06:13 grafana-vm kernel: [    1.126555] ACPI: bus type PCI registered
Dec  7 11:06:13 grafana-vm kernel: [    1.130494] acpiphp: ACPI Hot Plug PCI Controller Driver version: 0.5
Dec  7 11:06:13 grafana-vm kernel: [    1.135171] PCI: Using configuration type 1 for base access
Dec  7 11:06:13 grafana-vm kernel: [    1.139992] HugeTLB registered 1.00 GiB page size, pre-allocated 0 pages
Dec  7 11:06:13 grafana-vm kernel: [    1.142503] HugeTLB registered 2.00 MiB page size, pre-allocated 0 pages
Dec  7 11:06:13 grafana-vm kernel: [    1.147460] ACPI: Added _OSI(Module Device)
Dec  7 11:06:13 grafana-vm kernel: [    1.150503] ACPI: Added _OSI(Processor Device)
Dec  7 11:06:13 grafana-vm kernel: [    1.154494] ACPI: Added _OSI(3.0 _SCP Extensions)
Dec  7 11:06:13 grafana-vm kernel: [    1.158494] ACPI: Added _OSI(Processor Aggregator Device)
Dec  7 11:06:13 grafana-vm kernel: [    1.162514] ACPI: Added _OSI(Linux-Dell-Video)
Dec  7 11:06:13 grafana-vm kernel: [    1.166596] ACPI: Added _OSI(Linux-Lenovo-NV-HDMI-Audio)
Dec  7 11:06:13 grafana-vm kernel: [    1.170514] ACPI: Added _OSI(Linux-HPI-Hybrid-Graphics)
Dec  7 11:06:13 grafana-vm kernel: [    1.175888] ACPI: 1 ACPI AML tables successfully acquired and loaded
Dec  7 11:06:13 grafana-vm kernel: [    1.180942] ACPI: Interpreter enabled
Dec  7 11:06:13 grafana-vm kernel: [    1.182519] ACPI: (supports S0 S5)
Dec  7 11:06:13 grafana-vm kernel: [    1.186179] ACPI: Using IOAPIC for interrupt routing
Dec  7 11:06:13 grafana-vm kernel: [    1.186550] PCI: Using host bridge windows from ACPI; if necessary, use "pci=nocrs" and report a bug
Dec  7 11:06:13 grafana-vm kernel: [    1.190834] ACPI: Enabled 1 GPEs in block 00 to 0F
Dec  7 11:06:13 grafana-vm kernel: [    1.227982] ACPI: PCI Root Bridge [PCI0] (domain 0000 [bus 00-ff])
Dec  7 11:06:13 grafana-vm kernel: [    1.230501] acpi PNP0A03:00: _OSC: OS supports [ASPM ClockPM Segments MSI HPX-Type3]
Dec  7 11:06:13 grafana-vm kernel: [    1.234528] acpi PNP0A03:00: fail to add MMCONFIG information, can't access extended PCI configuration space under this bridge.
Dec  7 11:06:13 grafana-vm kernel: [    1.238732] PCI host bridge to bus 0000:00
Dec  7 11:06:13 grafana-vm kernel: [    1.242497] pci_bus 0000:00: root bus resource [mem 0xfe0000000-0xfffffffff window]
Dec  7 11:06:13 grafana-vm kernel: [    1.246496] pci_bus 0000:00: root bus resource [io  0x0000-0x0cf7 window]
Dec  7 11:06:13 grafana-vm kernel: [    1.250496] pci_bus 0000:00: root bus resource [io  0x0d00-0xffff window]
Dec  7 11:06:13 grafana-vm kernel: [    1.254499] pci_bus 0000:00: root bus resource [mem 0x000a0000-0x000bffff window]
Dec  7 11:06:13 grafana-vm kernel: [    1.258499] pci_bus 0000:00: root bus resource [mem 0x40000000-0xfffbffff window]
Dec  7 11:06:13 grafana-vm kernel: [    1.262496] pci_bus 0000:00: root bus resource [bus 00-ff]
Dec  7 11:06:13 grafana-vm kernel: [    1.266772] pci 0000:00:00.0: [8086:7192] type 00 class 0x060000
Dec  7 11:06:13 grafana-vm kernel: [    1.275038] pci 0000:00:07.0: [8086:7110] type 00 class 0x060100
Dec  7 11:06:13 grafana-vm kernel: [    1.283243] pci 0000:00:07.1: [8086:7111] type 00 class 0x010180
Dec  7 11:06:13 grafana-vm kernel: [    1.289905] pci 0000:00:07.1: reg 0x20: [io  0xffa0-0xffaf]
Dec  7 11:06:13 grafana-vm kernel: [    1.291763] pci 0000:00:07.1: legacy IDE quirk: reg 0x10: [io  0x01f0-0x01f7]
Dec  7 11:06:13 grafana-vm kernel: [    1.294494] pci 0000:00:07.1: legacy IDE quirk: reg 0x14: [io  0x03f6]
Dec  7 11:06:13 grafana-vm kernel: [    1.298496] pci 0000:00:07.1: legacy IDE quirk: reg 0x18: [io  0x0170-0x0177]
Dec  7 11:06:13 grafana-vm kernel: [    1.302496] pci 0000:00:07.1: legacy IDE quirk: reg 0x1c: [io  0x0376]
Dec  7 11:06:13 grafana-vm kernel: [    1.307508] pci 0000:00:07.3: [8086:7113] type 00 class 0x068000
Dec  7 11:06:13 grafana-vm kernel: [    1.310557] * Found PM-Timer Bug on the chipset. Due to workarounds for a bug,
Dec  7 11:06:13 grafana-vm kernel: [    1.310557] * this clock source is slow. Consider trying other clock sources
Dec  7 11:06:13 grafana-vm kernel: [    1.318368] pci 0000:00:07.3: quirk: [io  0x0400-0x043f] claimed by PIIX4 ACPI
Dec  7 11:06:13 grafana-vm kernel: [    1.319938] pci 0000:00:08.0: [1414:5353] type 00 class 0x030000
Dec  7 11:06:13 grafana-vm kernel: [    1.323701] pci 0000:00:08.0: reg 0x10: [mem 0xf8000000-0xfbffffff]
Dec  7 11:06:13 grafana-vm kernel: [    1.354007] ACPI: PCI Interrupt Link [LNKA] (IRQs 3 4 5 7 9 10 *11 12 14 15)
Dec  7 11:06:13 grafana-vm kernel: [    1.354855] ACPI: PCI Interrupt Link [LNKB] (IRQs 3 4 5 7 9 10 11 12 14 15) *0, disabled.
Dec  7 11:06:13 grafana-vm kernel: [    1.358892] ACPI: PCI Interrupt Link [LNKC] (IRQs 3 4 5 7 9 10 11 12 14 15) *0, disabled.
Dec  7 11:06:13 grafana-vm kernel: [    1.362876] ACPI: PCI Interrupt Link [LNKD] (IRQs 3 4 5 7 9 10 11 12 14 15) *0, disabled.
Dec  7 11:06:13 grafana-vm kernel: [    1.366896] iommu: Default domain type: Translated 
Dec  7 11:06:13 grafana-vm kernel: [    1.370671] SCSI subsystem initialized
Dec  7 11:06:13 grafana-vm kernel: [    1.374558] libata version 3.00 loaded.
Dec  7 11:06:13 grafana-vm kernel: [    1.374802] pci 0000:00:08.0: vgaarb: setting as boot VGA device
Dec  7 11:06:13 grafana-vm kernel: [    1.378483] pci 0000:00:08.0: vgaarb: VGA device added: decodes=io+mem,owns=io+mem,locks=none
Dec  7 11:06:13 grafana-vm kernel: [    1.378498] pci 0000:00:08.0: vgaarb: bridge control possible
Dec  7 11:06:13 grafana-vm kernel: [    1.382494] vgaarb: loaded
Dec  7 11:06:13 grafana-vm kernel: [    1.386557] ACPI: bus type USB registered
Dec  7 11:06:13 grafana-vm kernel: [    1.390446] usbcore: registered new interface driver usbfs
Dec  7 11:06:13 grafana-vm kernel: [    1.390527] usbcore: registered new interface driver hub
Dec  7 11:06:13 grafana-vm kernel: [    1.394518] usbcore: registered new device driver usb
Dec  7 11:06:13 grafana-vm kernel: [    1.398543] pps_core: LinuxPPS API ver. 1 registered
Dec  7 11:06:13 grafana-vm kernel: [    1.402495] pps_core: Software ver. 5.3.6 - Copyright 2005-2007 Rodolfo Giometti <giometti@linux.it>
Dec  7 11:06:13 grafana-vm kernel: [    1.406515] PTP clock support registered
Dec  7 11:06:13 grafana-vm kernel: [    1.410577] EDAC MC: Ver: 3.0.0
Dec  7 11:06:13 grafana-vm kernel: [    1.682500] hv_vmbus: Vmbus version:4.0
Dec  7 11:06:13 grafana-vm kernel: [    1.686643] PCI: Using ACPI for IRQ routing
Dec  7 11:06:13 grafana-vm kernel: [    1.690503] PCI: pci_cache_line_size set to 64 bytes
Dec  7 11:06:13 grafana-vm kernel: [    1.691274] e820: reserve RAM buffer [mem 0x0009fc00-0x0009ffff]
Dec  7 11:06:13 grafana-vm kernel: [    1.691276] e820: reserve RAM buffer [mem 0x3fff0000-0x3fffffff]
Dec  7 11:06:13 grafana-vm kernel: [    1.691787] NetLabel: Initializing
Dec  7 11:06:13 grafana-vm kernel: [    1.694491] NetLabel:  domain hash size = 128
Dec  7 11:06:13 grafana-vm kernel: [    1.698056] NetLabel:  protocols = UNLABELED CIPSOv4 CALIPSO
Dec  7 11:06:13 grafana-vm kernel: [    1.698517] NetLabel:  unlabeled traffic allowed by default
Dec  7 11:06:13 grafana-vm kernel: [    1.702687] clocksource: Switched to clocksource hyperv_clocksource_tsc_page
Dec  7 11:06:13 grafana-vm kernel: [    1.732081] *** VALIDATE bpf ***
Dec  7 11:06:13 grafana-vm kernel: [    1.736014] VFS: Disk quotas dquot_6.6.0
Dec  7 11:06:13 grafana-vm kernel: [    1.740358] VFS: Dquot-cache hash table entries: 512 (order 0, 4096 bytes)
Dec  7 11:06:13 grafana-vm kernel: [    1.747171] *** VALIDATE ramfs ***
Dec  7 11:06:13 grafana-vm kernel: [    1.750975] *** VALIDATE hugetlbfs ***
Dec  7 11:06:13 grafana-vm kernel: [    1.755346] AppArmor: AppArmor Filesystem Enabled
Dec  7 11:06:13 grafana-vm kernel: [    1.760455] pnp: PnP ACPI init
Dec  7 11:06:13 grafana-vm kernel: [    1.763083] pnp 00:00: Plug and Play ACPI device, IDs PNP0b00 (active)
Dec  7 11:06:13 grafana-vm kernel: [    1.763132] pnp 00:01: Plug and Play ACPI device, IDs PNP0303 PNP030b (active)
Dec  7 11:06:13 grafana-vm kernel: [    1.763173] pnp 00:02: Plug and Play ACPI device, IDs PNP0f03 PNP0f13 (active)
Dec  7 11:06:13 grafana-vm kernel: [    1.764299] pnp 00:03: [dma 0 disabled]
Dec  7 11:06:13 grafana-vm kernel: [    1.764331] pnp 00:03: Plug and Play ACPI device, IDs PNP0501 (active)
Dec  7 11:06:13 grafana-vm kernel: [    1.765320] pnp 00:04: [dma 0 disabled]
Dec  7 11:06:13 grafana-vm kernel: [    1.765349] pnp 00:04: Plug and Play ACPI device, IDs PNP0501 (active)
Dec  7 11:06:13 grafana-vm kernel: [    1.766245] pnp 00:05: [dma 2]
Dec  7 11:06:13 grafana-vm kernel: [    1.766285] pnp 00:05: Plug and Play ACPI device, IDs PNP0700 (active)
Dec  7 11:06:13 grafana-vm kernel: [    1.766325] system 00:06: [io  0x01e0-0x01ef] has been reserved
Dec  7 11:06:13 grafana-vm kernel: [    1.772488] system 00:06: [io  0x0160-0x016f] has been reserved
Dec  7 11:06:13 grafana-vm kernel: [    1.780152] system 00:06: [io  0x0278-0x027f] has been reserved
Dec  7 11:06:13 grafana-vm kernel: [    1.785611] system 00:06: [io  0x0378-0x037f] has been reserved
Dec  7 11:06:13 grafana-vm kernel: [    1.791723] system 00:06: [io  0x0678-0x067f] has been reserved
Dec  7 11:06:13 grafana-vm kernel: [    1.799318] system 00:06: [io  0x0778-0x077f] has been reserved
Dec  7 11:06:13 grafana-vm kernel: [    1.805521] system 00:06: [io  0x04d0-0x04d1] has been reserved
Dec  7 11:06:13 grafana-vm kernel: [    1.811466] system 00:06: Plug and Play ACPI device, IDs PNP0c02 (active)
Dec  7 11:06:13 grafana-vm kernel: [    1.811651] system 00:07: [io  0x0400-0x043f] has been reserved
Dec  7 11:06:13 grafana-vm kernel: [    1.818041] system 00:07: [io  0x0370-0x0371] has been reserved
Dec  7 11:06:13 grafana-vm kernel: [    1.824715] system 00:07: [io  0x0440-0x044f] has been reserved
Dec  7 11:06:13 grafana-vm kernel: [    1.841132] system 00:07: [mem 0xfec00000-0xfec00fff] could not be reserved
Dec  7 11:06:13 grafana-vm kernel: [    1.848076] system 00:07: [mem 0xfee00000-0xfee00fff] has been reserved
Dec  7 11:06:13 grafana-vm kernel: [    1.854612] system 00:07: Plug and Play ACPI device, IDs PNP0c02 (active)
Dec  7 11:06:13 grafana-vm kernel: [    1.854772] system 00:08: [mem 0x00000000-0x0009ffff] could not be reserved
Dec  7 11:06:13 grafana-vm kernel: [    1.861008] system 00:08: [mem 0x000c0000-0x000dffff] could not be reserved
Dec  7 11:06:13 grafana-vm kernel: [    1.876123] system 00:08: [mem 0x000e0000-0x000fffff] could not be reserved
Dec  7 11:06:13 grafana-vm kernel: [    1.882897] system 00:08: [mem 0x00100000-0x3fffffff] could not be reserved
Dec  7 11:06:13 grafana-vm kernel: [    1.889821] system 00:08: [mem 0xfffc0000-0xffffffff] has been reserved
Dec  7 11:06:13 grafana-vm kernel: [    1.896276] system 00:08: Plug and Play ACPI device, IDs PNP0c01 (active)
Dec  7 11:06:13 grafana-vm kernel: [    1.896650] pnp: PnP ACPI: found 9 devices
Dec  7 11:06:13 grafana-vm kernel: [    1.902100] thermal_sys: Registered thermal governor 'fair_share'
Dec  7 11:06:13 grafana-vm kernel: [    1.902101] thermal_sys: Registered thermal governor 'bang_bang'
Dec  7 11:06:13 grafana-vm kernel: [    1.908610] thermal_sys: Registered thermal governor 'step_wise'
Dec  7 11:06:13 grafana-vm kernel: [    1.918376] thermal_sys: Registered thermal governor 'user_space'
Dec  7 11:06:13 grafana-vm kernel: [    1.924339] thermal_sys: Registered thermal governor 'power_allocator'
Dec  7 11:06:13 grafana-vm kernel: [    1.935282] clocksource: acpi_pm: mask: 0xffffff max_cycles: 0xffffff, max_idle_ns: 2085701024 ns
Dec  7 11:06:13 grafana-vm kernel: [    1.949329] pci_bus 0000:00: resource 4 [mem 0xfe0000000-0xfffffffff window]
Dec  7 11:06:13 grafana-vm kernel: [    1.956245] pci_bus 0000:00: resource 5 [io  0x0000-0x0cf7 window]
Dec  7 11:06:13 grafana-vm kernel: [    1.962377] pci_bus 0000:00: resource 6 [io  0x0d00-0xffff window]
Dec  7 11:06:13 grafana-vm kernel: [    1.968721] pci_bus 0000:00: resource 7 [mem 0x000a0000-0x000bffff window]
Dec  7 11:06:13 grafana-vm kernel: [    1.975373] pci_bus 0000:00: resource 8 [mem 0x40000000-0xfffbffff window]
Dec  7 11:06:13 grafana-vm kernel: [    1.982161] NET: Registered protocol family 2
Dec  7 11:06:13 grafana-vm kernel: [    1.986874] IP idents hash table entries: 65536 (order: 7, 524288 bytes, linear)
Dec  7 11:06:13 grafana-vm kernel: [    1.997504] tcp_listen_portaddr_hash hash table entries: 2048 (order: 3, 32768 bytes, linear)
Dec  7 11:06:13 grafana-vm kernel: [    2.006440] TCP established hash table entries: 32768 (order: 6, 262144 bytes, linear)
Dec  7 11:06:13 grafana-vm kernel: [    2.016020] TCP bind hash table entries: 32768 (order: 7, 524288 bytes, linear)
Dec  7 11:06:13 grafana-vm kernel: [    2.022580] TCP: Hash tables configured (established 32768 bind 32768)
Dec  7 11:06:13 grafana-vm kernel: [    2.028672] UDP hash table entries: 2048 (order: 4, 65536 bytes, linear)
Dec  7 11:06:13 grafana-vm kernel: [    2.036721] UDP-Lite hash table entries: 2048 (order: 4, 65536 bytes, linear)
Dec  7 11:06:13 grafana-vm kernel: [    2.042829] NET: Registered protocol family 1
Dec  7 11:06:13 grafana-vm kernel: [    2.046770] NET: Registered protocol family 44
Dec  7 11:06:13 grafana-vm kernel: [    2.051416] pci 0000:00:00.0: Limiting direct PCI/PCI transfers
Dec  7 11:06:13 grafana-vm kernel: [    2.058093] pci 0000:00:08.0: Video device with shadowed ROM at [mem 0x000c0000-0x000dffff]
Dec  7 11:06:13 grafana-vm kernel: [    2.065416] PCI: CLS 0 bytes, default 64
Dec  7 11:06:13 grafana-vm kernel: [    2.069360] Trying to unpack rootfs image as initramfs...
Dec  7 11:06:13 grafana-vm kernel: [    2.547056] Freeing initrd memory: 29588K
Dec  7 11:06:13 grafana-vm kernel: [    2.558399] PCI-DMA: Using software bounce buffering for IO (SWIOTLB)
Dec  7 11:06:13 grafana-vm kernel: [    2.564401] software IO TLB: mapped [mem 0x3bff0000-0x3fff0000] (64MB)
Dec  7 11:06:13 grafana-vm kernel: [    2.572176] check: Scanning for low memory corruption every 60 seconds
Dec  7 11:06:13 grafana-vm kernel: [    2.580037] Initialise system trusted keyrings
Dec  7 11:06:13 grafana-vm kernel: [    2.585811] Key type blacklist registered
Dec  7 11:06:13 grafana-vm kernel: [    2.590730] workingset: timestamp_bits=36 max_order=20 bucket_order=0
Dec  7 11:06:13 grafana-vm kernel: [    2.599248] zbud: loaded
Dec  7 11:06:13 grafana-vm kernel: [    2.607471] squashfs: version 4.0 (2009/01/31) Phillip Lougher
Dec  7 11:06:13 grafana-vm kernel: [    2.612730] fuse: init (API version 7.31)
Dec  7 11:06:13 grafana-vm kernel: [    2.620469] *** VALIDATE fuse ***
Dec  7 11:06:13 grafana-vm kernel: [    2.623690] *** VALIDATE fuse ***
Dec  7 11:06:13 grafana-vm kernel: [    2.627344] Platform Keyring initialized
Dec  7 11:06:13 grafana-vm kernel: [    2.635425] Key type asymmetric registered
Dec  7 11:06:13 grafana-vm kernel: [    2.646119] Asymmetric key parser 'x509' registered
Dec  7 11:06:13 grafana-vm kernel: [    2.650624] Block layer SCSI generic (bsg) driver version 0.4 loaded (major 244)
Dec  7 11:06:13 grafana-vm kernel: [    2.657913] io scheduler mq-deadline registered
Dec  7 11:06:13 grafana-vm kernel: [    2.664251] shpchp: Standard Hot Plug PCI Controller Driver version: 0.4
Dec  7 11:06:13 grafana-vm kernel: [    2.671521] hv_vmbus: registering driver hv_pci
Dec  7 11:06:13 grafana-vm kernel: [    2.675963] intel_idle: Please enable MWAIT in BIOS SETUP
Dec  7 11:06:13 grafana-vm kernel: [    2.676056] input: Power Button as /devices/LNXSYSTM:00/LNXPWRBN:00/input/input0
Dec  7 11:06:13 grafana-vm kernel: [    2.684625] ACPI: Power Button [PWRF]
Dec  7 11:06:13 grafana-vm kernel: [    2.688985] Serial: 8250/16550 driver, 32 ports, IRQ sharing enabled
Dec  7 11:06:13 grafana-vm kernel: [    2.731454] 00:03: ttyS0 at I/O 0x3f8 (irq = 4, base_baud = 115200) is a 16550A
Dec  7 11:06:13 grafana-vm kernel: [    2.781537] 00:04: ttyS1 at I/O 0x2f8 (irq = 3, base_baud = 115200) is a 16550A
Dec  7 11:06:13 grafana-vm kernel: [    2.787991] Linux agpgart interface v0.103
Dec  7 11:06:13 grafana-vm kernel: [    2.886584] loop: module loaded
Dec  7 11:06:13 grafana-vm kernel: [    2.890540] hv_vmbus: registering driver hv_storvsc
Dec  7 11:06:13 grafana-vm kernel: [    2.903670] ata_piix 0000:00:07.1: version 2.13
Dec  7 11:06:13 grafana-vm kernel: [    2.904107] ata_piix 0000:00:07.1: Hyper-V Virtual Machine detected, ATA device ignore set
Dec  7 11:06:13 grafana-vm kernel: [    2.915920] scsi host3: storvsc_host_t
Dec  7 11:06:13 grafana-vm kernel: [    2.920634] scsi host2: storvsc_host_t
Dec  7 11:06:13 grafana-vm kernel: [    2.927162] scsi host1: storvsc_host_t
Dec  7 11:06:13 grafana-vm kernel: [    2.933460] scsi host0: storvsc_host_t
Dec  7 11:06:13 grafana-vm kernel: [    2.939787] scsi host4: ata_piix
Dec  7 11:06:13 grafana-vm kernel: [    2.947085] scsi: waiting for bus probes to complete ...
Dec  7 11:06:13 grafana-vm kernel: [    2.952986] scsi: waiting for bus probes to complete ...
Dec  7 11:06:13 grafana-vm kernel: [    2.963432] scsi host5: ata_piix
Dec  7 11:06:13 grafana-vm kernel: [    2.972097] ata1: PATA max UDMA/33 cmd 0x1f0 ctl 0x3f6 bmdma 0xffa0 irq 14
Dec  7 11:06:13 grafana-vm kernel: [    2.982601] ata2: PATA max UDMA/33 cmd 0x170 ctl 0x376 bmdma 0xffa8 irq 15
Dec  7 11:06:13 grafana-vm kernel: [    3.001349] libphy: Fixed MDIO Bus: probed
Dec  7 11:06:13 grafana-vm kernel: [    3.011513] tun: Universal TUN/TAP device driver, 1.6
Dec  7 11:06:13 grafana-vm kernel: [    3.018537] PPP generic driver version 2.4.2
Dec  7 11:06:13 grafana-vm kernel: [    3.024035] VFIO - User Level meta-driver version: 0.3
Dec  7 11:06:13 grafana-vm kernel: [    3.030128] i8042: PNP: PS/2 Controller [PNP0303:PS2K,PNP0f03:PS2M] at 0x60,0x64 irq 1,12
Dec  7 11:06:13 grafana-vm kernel: [    3.046286] serio: i8042 KBD port at 0x60,0x64 irq 1
Dec  7 11:06:13 grafana-vm kernel: [    3.052299] serio: i8042 AUX port at 0x60,0x64 irq 12
Dec  7 11:06:13 grafana-vm kernel: [    3.060358] mousedev: PS/2 mouse device common for all mice
Dec  7 11:06:13 grafana-vm kernel: [    3.070123] scsi 0:0:0:0: Direct-Access     Msft     Virtual Disk     1.0  PQ: 0 ANSI: 5
Dec  7 11:06:13 grafana-vm kernel: [    3.078052] scsi 1:0:1:0: Direct-Access     Msft     Virtual Disk     1.0  PQ: 0 ANSI: 5
Dec  7 11:06:13 grafana-vm kernel: [    3.086994] rtc_cmos 00:00: RTC can wake from S4
Dec  7 11:06:13 grafana-vm kernel: [    3.119995] sd 0:0:0:0: Attached scsi generic sg0 type 0
Dec  7 11:06:13 grafana-vm kernel: [    3.127159] input: AT Translated Set 2 keyboard as /devices/platform/i8042/serio0/input/input1
Dec  7 11:06:13 grafana-vm kernel: [    3.136914] sd 1:0:1:0: Attached scsi generic sg1 type 0
Dec  7 11:06:13 grafana-vm kernel: [    3.143738] rtc_cmos 00:00: registered as rtc0
Dec  7 11:06:13 grafana-vm kernel: [    3.149506] rtc_cmos 00:00: alarms up to one month, 114 bytes nvram
Dec  7 11:06:13 grafana-vm kernel: [    3.158898] sd 0:0:0:0: [sda] 62916608 512-byte logical blocks: (32.2 GB/30.0 GiB)
Dec  7 11:06:13 grafana-vm kernel: [    3.177576] sd 0:0:0:0: [sda] 4096-byte physical blocks
Dec  7 11:06:13 grafana-vm kernel: [    3.383565] sd 1:0:1:0: [sdb] 14680064 512-byte logical blocks: (7.52 GB/7.00 GiB)
Dec  7 11:06:13 grafana-vm kernel: [    3.394525] sd 1:0:1:0: [sdb] 4096-byte physical blocks
Dec  7 11:06:13 grafana-vm kernel: [    3.401331] ata1.01: host indicates ignore ATA devices, ignored
Dec  7 11:06:13 grafana-vm kernel: [    3.448011] device-mapper: uevent: version 1.0.3
Dec  7 11:06:13 grafana-vm kernel: [    3.452753] device-mapper: ioctl: 4.41.0-ioctl (2019-09-16) initialised: dm-devel@redhat.com
Dec  7 11:06:13 grafana-vm kernel: [    3.460245] platform eisa.0: Probing EISA bus 0
Dec  7 11:06:13 grafana-vm kernel: [    3.464990] sd 1:0:1:0: [sdb] Write Protect is off
Dec  7 11:06:13 grafana-vm kernel: [    3.470129] sd 1:0:1:0: [sdb] Mode Sense: 0f 00 10 00
Dec  7 11:06:13 grafana-vm kernel: [    3.470163] platform eisa.0: EISA: Cannot allocate resource for mainboard
Dec  7 11:06:13 grafana-vm kernel: [    3.478713] sd 0:0:0:0: [sda] Write Protect is off
Dec  7 11:06:13 grafana-vm kernel: [    3.483134] sd 0:0:0:0: [sda] Mode Sense: 0f 00 10 00
Dec  7 11:06:13 grafana-vm kernel: [    3.483164] platform eisa.0: Cannot allocate resource for EISA slot 1
Dec  7 11:06:13 grafana-vm kernel: [    3.488858] platform eisa.0: Cannot allocate resource for EISA slot 2
Dec  7 11:06:13 grafana-vm kernel: [    3.495522] sd 0:0:0:0: [sda] Write cache: enabled, read cache: enabled, supports DPO and FUA
Dec  7 11:06:13 grafana-vm kernel: [    3.503753] sd 1:0:1:0: [sdb] Write cache: disabled, read cache: enabled, supports DPO and FUA
Dec  7 11:06:13 grafana-vm kernel: [    3.512562] platform eisa.0: Cannot allocate resource for EISA slot 3
Dec  7 11:06:13 grafana-vm kernel: [    3.519420] ata1.00: host indicates ignore ATA devices, ignored
Dec  7 11:06:13 grafana-vm kernel: [    3.520059] platform eisa.0: Cannot allocate resource for EISA slot 4
Dec  7 11:06:13 grafana-vm kernel: [    3.525967] platform eisa.0: Cannot allocate resource for EISA slot 5
Dec  7 11:06:13 grafana-vm kernel: [    3.532396] platform eisa.0: Cannot allocate resource for EISA slot 6
Dec  7 11:06:13 grafana-vm kernel: [    3.538773] platform eisa.0: Cannot allocate resource for EISA slot 7
Dec  7 11:06:13 grafana-vm kernel: [    3.545733] platform eisa.0: Cannot allocate resource for EISA slot 8
Dec  7 11:06:13 grafana-vm kernel: [    3.555856] platform eisa.0: EISA: Detected 0 cards
Dec  7 11:06:13 grafana-vm kernel: [    3.568757] intel_pstate: CPU model not supported
Dec  7 11:06:13 grafana-vm kernel: [    3.574424] drop_monitor: Initializing network drop monitor service
Dec  7 11:06:13 grafana-vm kernel: [    3.581043] NET: Registered protocol family 10
Dec  7 11:06:13 grafana-vm kernel: [    3.586892]  sdb: sdb1
Dec  7 11:06:13 grafana-vm kernel: [    3.590598] GPT:Primary header thinks Alt. header is not at the end of the disk.
Dec  7 11:06:13 grafana-vm kernel: [    3.597807] GPT:4612095 != 62916607
Dec  7 11:06:13 grafana-vm kernel: [    3.611234] GPT:Alternate GPT header not at the end of the disk.
Dec  7 11:06:13 grafana-vm kernel: [    3.620292] GPT:4612095 != 62916607
Dec  7 11:06:13 grafana-vm kernel: [    3.624709] GPT: Use GNU Parted to correct GPT errors.
Dec  7 11:06:13 grafana-vm kernel: [    3.639685]  sda: sda1 sda14 sda15
Dec  7 11:06:13 grafana-vm kernel: [    3.645549] ata2.01: NODEV after polling detection
Dec  7 11:06:13 grafana-vm kernel: [    3.795273] sd 1:0:1:0: [sdb] Attached SCSI disk
Dec  7 11:06:13 grafana-vm kernel: [    3.807136] sd 0:0:0:0: [sda] Attached SCSI disk
Dec  7 11:06:13 grafana-vm kernel: [    3.813794] Segment Routing with IPv6
Dec  7 11:06:13 grafana-vm kernel: [    3.821901] NET: Registered protocol family 17
Dec  7 11:06:13 grafana-vm kernel: [    3.826852] Key type dns_resolver registered
Dec  7 11:06:13 grafana-vm kernel: [    3.832012] RAS: Correctable Errors collector initialized.
Dec  7 11:06:13 grafana-vm kernel: [    3.839251] IPI shorthand broadcast: enabled
Dec  7 11:06:13 grafana-vm kernel: [    3.845475] registered taskstats version 1
Dec  7 11:06:13 grafana-vm kernel: [    3.860360] Loading compiled-in X.509 certificates
Dec  7 11:06:13 grafana-vm kernel: [    3.875931] Loaded X.509 cert 'Build time autogenerated kernel key: 5183f57283d533ffb80e6fdf7d6330cf3dc2e3b4'
Dec  7 11:06:13 grafana-vm kernel: [    3.886394] Loaded X.509 cert 'Canonical Ltd. Live Patch Signing: 14df34d1a87cf37625abec039ef2bf521249b969'
Dec  7 11:06:13 grafana-vm kernel: [    3.896458] Loaded X.509 cert 'Canonical Ltd. Kernel Module Signing: 88f752e560a1e0737e31163a466ad7b70a850c19'
Dec  7 11:06:13 grafana-vm kernel: [    3.907383] zswap: loaded using pool lzo/zbud
Dec  7 11:06:13 grafana-vm kernel: [    3.921778] Key type ._fscrypt registered
Dec  7 11:06:13 grafana-vm kernel: [    3.926124] Key type .fscrypt registered
Dec  7 11:06:13 grafana-vm kernel: [    3.931358] ata2.00: ATAPI: Virtual CD, , max MWDMA2
Dec  7 11:06:13 grafana-vm kernel: [    3.945689] scsi 5:0:0:0: CD-ROM            Msft     Virtual CD/ROM   1.0  PQ: 0 ANSI: 5
Dec  7 11:06:13 grafana-vm kernel: [    3.963226] sr 5:0:0:0: [sr0] scsi3-mmc drive: 0x/0x tray
Dec  7 11:06:13 grafana-vm kernel: [    3.968747] cdrom: Uniform CD-ROM driver Revision: 3.20
Dec  7 11:06:13 grafana-vm kernel: [    3.974935] Key type big_key registered
Dec  7 11:06:13 grafana-vm kernel: [    3.981159] Key type encrypted registered
Dec  7 11:06:13 grafana-vm kernel: [    3.985551] AppArmor: AppArmor sha1 policy hashing enabled
Dec  7 11:06:13 grafana-vm kernel: [    3.992554] ima: No TPM chip found, activating TPM-bypass!
Dec  7 11:06:13 grafana-vm kernel: [    3.999423] sr 5:0:0:0: Attached scsi CD-ROM sr0
Dec  7 11:06:13 grafana-vm kernel: [    4.000961] sr 5:0:0:0: Attached scsi generic sg2 type 5
Dec  7 11:06:13 grafana-vm kernel: [    4.007744] ima: Allocated hash algorithm: sha1
Dec  7 11:06:13 grafana-vm kernel: [    4.014038] ima: No architecture policies found
Dec  7 11:06:13 grafana-vm kernel: [    4.018172] evm: Initialising EVM extended attributes:
Dec  7 11:06:13 grafana-vm kernel: [    4.022667] evm: security.selinux
Dec  7 11:06:13 grafana-vm kernel: [    4.026610] evm: security.SMACK64
Dec  7 11:06:13 grafana-vm kernel: [    4.030636] evm: security.SMACK64EXEC
Dec  7 11:06:13 grafana-vm kernel: [    4.038019] evm: security.SMACK64TRANSMUTE
Dec  7 11:06:13 grafana-vm kernel: [    4.042252] evm: security.SMACK64MMAP
Dec  7 11:06:13 grafana-vm kernel: [    4.046018] evm: security.apparmor
Dec  7 11:06:13 grafana-vm kernel: [    4.050131] evm: security.ima
Dec  7 11:06:13 grafana-vm kernel: [    4.054017] evm: security.capability
Dec  7 11:06:13 grafana-vm kernel: [    4.057840] evm: HMAC attrs: 0x1
Dec  7 11:06:13 grafana-vm kernel: [    4.061985] PM:   Magic number: 1:242:74
Dec  7 11:06:13 grafana-vm kernel: [    4.066905] rtc_cmos 00:00: setting system clock to 2021-12-07T11:05:53 UTC (1638875153)
Dec  7 11:06:13 grafana-vm kernel: [    4.075033] Unstable clock detected, switching default tracing clock to "global"
Dec  7 11:06:13 grafana-vm kernel: [    4.075033] If you want to keep using the local clock, then add:
Dec  7 11:06:13 grafana-vm kernel: [    4.075033]   "trace_clock=local"
Dec  7 11:06:13 grafana-vm kernel: [    4.075033] on the kernel command line
Dec  7 11:06:13 grafana-vm kernel: [    4.102264] Freeing unused decrypted memory: 2040K
Dec  7 11:06:13 grafana-vm kernel: [    4.108606] Freeing unused kernel image memory: 2472K
Dec  7 11:06:13 grafana-vm kernel: [    4.114267] Write protecting the kernel read-only data: 22528k
Dec  7 11:06:13 grafana-vm kernel: [    4.121985] Freeing unused kernel image memory: 2000K
Dec  7 11:06:13 grafana-vm kernel: [    4.127564] Freeing unused kernel image memory: 1568K
Dec  7 11:06:13 grafana-vm kernel: [    4.146186] x86/mm: Checked W+X mappings: passed, no W+X pages found.
Dec  7 11:06:13 grafana-vm kernel: [    4.151826] x86/mm: Checking user space page tables
Dec  7 11:06:13 grafana-vm kernel: [    4.166699] x86/mm: Checked W+X mappings: passed, no W+X pages found.
Dec  7 11:06:13 grafana-vm kernel: [    4.173294] Run /init as init process
Dec  7 11:06:13 grafana-vm kernel: [    4.326270] hv_utils: Registering HyperV Utility Driver
Dec  7 11:06:13 grafana-vm kernel: [    4.337760] hv_vmbus: registering driver hv_utils
Dec  7 11:06:13 grafana-vm kernel: [    4.347990] hv_vmbus: registering driver hyperv_fb
Dec  7 11:06:13 grafana-vm kernel: [    4.355314] hidraw: raw HID events driver (C) Jiri Kosina
Dec  7 11:06:13 grafana-vm kernel: [    4.363963] hv_vmbus: registering driver hv_netvsc
Dec  7 11:06:13 grafana-vm kernel: [    4.380128] hv_vmbus: registering driver hyperv_keyboard
Dec  7 11:06:13 grafana-vm kernel: [    4.408089] input: AT Translated Set 2 keyboard as /devices/LNXSYSTM:00/LNXSYBUS:00/PNP0A03:00/device:07/VMBUS:01/d34b2567-b9b6-42b9-8778-0a4ec0b955bf/serio2/input/input3
Dec  7 11:06:13 grafana-vm kernel: [    4.431248] hyperv_fb: Screen resolution: 1152x864, Color depth: 32
Dec  7 11:06:13 grafana-vm kernel: [    4.439170] hv_vmbus: registering driver hid_hyperv
Dec  7 11:06:13 grafana-vm kernel: [    4.446229] Console: switching to colour frame buffer device 144x54
Dec  7 11:06:13 grafana-vm kernel: [    4.480501] input: Microsoft Vmbus HID-compliant Mouse as /devices/0006:045E:0621.0001/input/input4
Dec  7 11:06:13 grafana-vm kernel: [    4.500980] hid 0006:045E:0621.0001: input: VIRTUAL HID v0.01 Mouse [Microsoft Vmbus HID-compliant Mouse] on 
Dec  7 11:06:13 grafana-vm kernel: [    4.524927] hv_utils: Heartbeat IC version 3.0
Dec  7 11:06:13 grafana-vm kernel: [    4.537417] hv_utils: Shutdown IC version 3.2
Dec  7 11:06:13 grafana-vm kernel: [    4.541270] hv_utils: TimeSync IC version 4.0
Dec  7 11:06:13 grafana-vm kernel: [    4.590298] cryptd: max_cpu_qlen set to 1000
Dec  7 11:06:13 grafana-vm kernel: [    4.630316] AVX2 version of gcm_enc/dec engaged.
Dec  7 11:06:13 grafana-vm kernel: [    4.636765] AES CTR mode by8 optimization enabled
Dec  7 11:06:13 grafana-vm kernel: [    6.678511] raid6: avx2x4   gen() 22708 MB/s
Dec  7 11:06:13 grafana-vm kernel: [    6.734514] raid6: avx2x4   xor() 14543 MB/s
Dec  7 11:06:13 grafana-vm kernel: [    6.786499] raid6: avx2x2   gen() 20096 MB/s
Dec  7 11:06:13 grafana-vm kernel: [    6.834507] raid6: avx2x2   xor() 12416 MB/s
Dec  7 11:06:13 grafana-vm kernel: [    6.882510] raid6: avx2x1   gen() 17152 MB/s
Dec  7 11:06:13 grafana-vm kernel: [    6.930502] raid6: avx2x1   xor() 11769 MB/s
Dec  7 11:06:13 grafana-vm kernel: [    6.978498] raid6: sse2x4   gen() 12698 MB/s
Dec  7 11:06:13 grafana-vm kernel: [    7.030501] raid6: sse2x4   xor()  7156 MB/s
Dec  7 11:06:13 grafana-vm kernel: [    7.078503] raid6: sse2x2   gen() 10544 MB/s
Dec  7 11:06:13 grafana-vm kernel: [    7.130500] raid6: sse2x2   xor()  7023 MB/s
Dec  7 11:06:13 grafana-vm kernel: [    7.182509] raid6: sse2x1   gen()  9129 MB/s
Dec  7 11:06:13 grafana-vm kernel: [    7.230506] raid6: sse2x1   xor()  6510 MB/s
Dec  7 11:06:13 grafana-vm kernel: [    7.237654] raid6: using algorithm avx2x4 gen() 22708 MB/s
Dec  7 11:06:13 grafana-vm kernel: [    7.242651] raid6: .... xor() 14543 MB/s, rmw enabled
Dec  7 11:06:13 grafana-vm kernel: [    7.246923] raid6: using avx2x2 recovery algorithm
Dec  7 11:06:13 grafana-vm kernel: [    7.254033] xor: automatically using best checksumming function   avx       
Dec  7 11:06:13 grafana-vm kernel: [    7.263325] async_tx: api initialized (async)
Dec  7 11:06:13 grafana-vm kernel: [    7.340276] Btrfs loaded, crc32c=crc32c-intel
Dec  7 11:06:13 grafana-vm kernel: [    7.448809] EXT4-fs (sda1): mounted filesystem with ordered data mode. Opts: (null)
Dec  7 11:06:13 grafana-vm kernel: [    7.596280] systemd[1]: systemd 237 running in system mode. (+PAM +AUDIT +SELINUX +IMA +APPARMOR +SMACK +SYSVINIT +UTMP +LIBCRYPTSETUP +GCRYPT +GNUTLS +ACL +XZ +LZ4 +SECCOMP +BLKID +ELFUTILS +KMOD -IDN2 +IDN -PCRE2 default-hierarchy=hybrid)
Dec  7 11:06:13 grafana-vm kernel: [    7.632089] systemd[1]: Detected virtualization microsoft.
Dec  7 11:06:13 grafana-vm kernel: [    7.638127] systemd[1]: Detected architecture x86-64.
Dec  7 11:06:13 grafana-vm kernel: [    7.660062] systemd[1]: Set hostname to <ubuntu>.
Dec  7 11:06:13 grafana-vm kernel: [    7.665578] systemd[1]: Initializing machine ID from random generator.
Dec  7 11:06:13 grafana-vm kernel: [    7.672927] systemd[1]: Installed transient /etc/machine-id file.
Dec  7 11:06:13 grafana-vm kernel: [    7.866542] systemd[1]: Unnecessary job for sys-devices-virtual-misc-vmbus\x21hv_fcopy.device was removed.
Dec  7 11:06:13 grafana-vm kernel: [    7.875468] systemd[1]: Unnecessary job for sys-devices-virtual-misc-vmbus\x21hv_vss.device was removed.
Dec  7 11:06:13 grafana-vm kernel: [    7.884267] systemd[1]: Started Forward Password Requests to Wall Directory Watch.
Dec  7 11:06:13 grafana-vm kernel: [    7.911530] systemd[1]: Created slice User and Session Slice.
Dec  7 11:06:13 grafana-vm kernel: [    8.076045] Loading iSCSI transport class v2.0-870.
Dec  7 11:06:13 grafana-vm kernel: [    8.137147] iscsi: registered transport (tcp)
Dec  7 11:06:13 grafana-vm kernel: [    8.207375] EXT4-fs (sda1): re-mounted. Opts: discard
Dec  7 11:06:13 grafana-vm kernel: [    8.297160] iscsi: registered transport (iser)
Dec  7 11:06:13 grafana-vm kernel: [    8.679172] systemd-journald[441]: Received request to flush runtime journal from PID 1
Dec  7 11:06:13 grafana-vm kernel: [    9.032033] hv_vmbus: registering driver hv_balloon
Dec  7 11:06:13 grafana-vm kernel: [    9.032451] hv_balloon: Using Dynamic Memory protocol version 2.0
Dec  7 11:06:13 grafana-vm kernel: [    9.237877] RAPL PMU: API unit is 2^-32 Joules, 0 fixed counters, 10737418240 ms ovfl timer
Dec  7 11:06:13 grafana-vm kernel: [    9.351261] hv_utils: KVP IC version 4.0
Dec  7 11:06:13 grafana-vm kernel: [   10.528193] audit: type=1400 audit(1638875161.093:2): apparmor="STATUS" operation="profile_load" profile="unconfined" name="lxc-container-default" pid=683 comm="apparmor_parser"
Dec  7 11:06:13 grafana-vm kernel: [   10.528847] audit: type=1400 audit(1638875161.093:3): apparmor="STATUS" operation="profile_load" profile="unconfined" name="lxc-container-default-cgns" pid=683 comm="apparmor_parser"
Dec  7 11:06:13 grafana-vm kernel: [   10.531091] audit: type=1400 audit(1638875161.097:4): apparmor="STATUS" operation="profile_load" profile="unconfined" name="lxc-container-default-with-mounting" pid=683 comm="apparmor_parser"
Dec  7 11:06:13 grafana-vm kernel: [   10.531683] audit: type=1400 audit(1638875161.097:5): apparmor="STATUS" operation="profile_load" profile="unconfined" name="lxc-container-default-with-nesting" pid=683 comm="apparmor_parser"
Dec  7 11:06:13 grafana-vm kernel: [   10.693425] audit: type=1400 audit(1638875161.257:6): apparmor="STATUS" operation="profile_load" profile="unconfined" name="/sbin/dhclient" pid=689 comm="apparmor_parser"
Dec  7 11:06:13 grafana-vm kernel: [   10.694077] audit: type=1400 audit(1638875161.257:7): apparmor="STATUS" operation="profile_load" profile="unconfined" name="/usr/lib/NetworkManager/nm-dhcp-client.action" pid=689 comm="apparmor_parser"
Dec  7 11:06:13 grafana-vm kernel: [   10.694685] audit: type=1400 audit(1638875161.261:8): apparmor="STATUS" operation="profile_load" profile="unconfined" name="/usr/lib/NetworkManager/nm-dhcp-helper" pid=689 comm="apparmor_parser"
Dec  7 11:06:13 grafana-vm kernel: [   10.695149] audit: type=1400 audit(1638875161.261:9): apparmor="STATUS" operation="profile_load" profile="unconfined" name="/usr/lib/connman/scripts/dhclient-script" pid=689 comm="apparmor_parser"
Dec  7 11:06:13 grafana-vm kernel: [   10.706884] audit: type=1400 audit(1638875161.273:10): apparmor="STATUS" operation="profile_load" profile="unconfined" name="/usr/bin/lxc-start" pid=691 comm="apparmor_parser"
Dec  7 11:06:13 grafana-vm kernel: [   10.777955] audit: type=1400 audit(1638875161.341:11): apparmor="STATUS" operation="profile_load" profile="unconfined" name="/usr/bin/man" pid=693 comm="apparmor_parser"
Dec  7 11:06:13 grafana-vm kernel: [   12.037937] UDF-fs: INFO Mounting volume 'UDF Volume', timestamp 2021/12/08 00:00 (1000)
Dec  7 11:06:13 grafana-vm kernel: [   12.138653] IPv6: ADDRCONF(NETDEV_CHANGE): eth0: link becomes ready
Dec  7 11:06:13 grafana-vm kernel: [   19.229554] EXT4-fs (sda1): resizing filesystem from 548091 to 7836155 blocks
Dec  7 11:06:13 grafana-vm kernel: [   20.278552] EXT4-fs (sda1): resized filesystem to 7836155
Dec  7 11:06:13 grafana-vm kernel: [   20.760918]  sdb: sdb1
Dec  7 11:06:13 grafana-vm kernel: [   21.231830] EXT4-fs (sdb1): mounted filesystem with ordered data mode. Opts: (null)
Dec  7 11:06:13 grafana-vm dhclient[749]: bound to 10.0.0.4 -- renewal in 4294967295 seconds.
Dec  7 11:06:13 grafana-vm cloud-init[712]: Cloud-init v. 21.4-0ubuntu1~18.04.1 running 'init-local' at Tue, 07 Dec 2021 11:06:02 +0000. Up 11.65 seconds.
Dec  7 11:06:13 grafana-vm systemd[1]: Started Initial cloud-init job (pre-networking).
Dec  7 11:06:13 grafana-vm systemd[1]: Reached target Network (Pre).
Dec  7 11:06:13 grafana-vm systemd[1]: Starting Network Service...
Dec  7 11:06:13 grafana-vm systemd-networkd[782]: Enumeration completed
Dec  7 11:06:13 grafana-vm systemd[1]: Started Network Service.
Dec  7 11:06:13 grafana-vm systemd-networkd[782]: eth0: Link UP
Dec  7 11:06:13 grafana-vm systemd-networkd[782]: eth0: Gained carrier
Dec  7 11:06:13 grafana-vm systemd-networkd[782]: eth0: Gained IPv6LL
Dec  7 11:06:13 grafana-vm systemd-timesyncd[654]: Network configuration changed, trying to establish connection.
Dec  7 11:06:13 grafana-vm systemd-timesyncd[654]: Network configuration changed, trying to establish connection.
Dec  7 11:06:13 grafana-vm systemd[1]: Starting Wait for Network to be Configured...
Dec  7 11:06:13 grafana-vm systemd-networkd[782]: eth0: Link DOWN
Dec  7 11:06:13 grafana-vm systemd-networkd[782]: eth0: Lost carrier
Dec  7 11:06:13 grafana-vm systemd-networkd[782]: eth0: IPv6 successfully enabled
Dec  7 11:06:13 grafana-vm systemd-networkd[782]: lo: Link is not managed by us
Dec  7 11:06:13 grafana-vm systemd[1]: Starting Network Name Resolution...
Dec  7 11:06:13 grafana-vm systemd-networkd[782]: eth0: Link UP
Dec  7 11:06:13 grafana-vm systemd-networkd[782]: eth0: Gained carrier
Dec  7 11:06:13 grafana-vm systemd-networkd-wait-online[788]: ignoring: lo
Dec  7 11:06:13 grafana-vm systemd-networkd[782]: eth0: DHCPv4 address 10.0.0.4/24 via 10.0.0.1
Dec  7 11:06:13 grafana-vm systemd-networkd-wait-online[788]: ignoring: lo
Dec  7 11:06:13 grafana-vm systemd-timesyncd[654]: Network configuration changed, trying to establish connection.
Dec  7 11:06:13 grafana-vm systemd-resolved[791]: Positive Trust Anchors:
Dec  7 11:06:13 grafana-vm systemd-resolved[791]: . IN DS 19036 8 2 49aac11d7b6f6446702e54a1607371607a1a41855200fd2ce1cdde32f24e8fb5
Dec  7 11:06:13 grafana-vm systemd-resolved[791]: . IN DS 20326 8 2 e06d44b80b8f1d39a95c0b0d7c65d08458e880409bbc683457104237c7f8ec8d
Dec  7 11:06:13 grafana-vm systemd-resolved[791]: Negative trust anchors: 10.in-addr.arpa 16.172.in-addr.arpa 17.172.in-addr.arpa 18.172.in-addr.arpa 19.172.in-addr.arpa 20.172.in-addr.arpa 21.172.in-addr.arpa 22.172.in-addr.arpa 23.172.in-addr.arpa 24.172.in-addr.arpa 25.172.in-addr.arpa 26.172.in-addr.arpa 27.172.in-addr.arpa 28.172.in-addr.arpa 29.172.in-addr.arpa 30.172.in-addr.arpa 31.172.in-addr.arpa 168.192.in-addr.arpa d.f.ip6.arpa corp home internal intranet lan local private test
Dec  7 11:06:13 grafana-vm systemd-resolved[791]: Using system hostname 'grafana-vm'.
Dec  7 11:06:13 grafana-vm systemd[1]: Started Network Name Resolution.
Dec  7 11:06:13 grafana-vm systemd[1]: Reached target Network.
Dec  7 11:06:13 grafana-vm systemd[1]: Reached target Host and Network Name Lookups.
Dec  7 11:06:13 grafana-vm systemd-networkd[782]: eth0: Gained IPv6LL
Dec  7 11:06:13 grafana-vm systemd-networkd[782]: eth0: Configured
Dec  7 11:06:13 grafana-vm systemd-networkd-wait-online[788]: ignoring: lo
Dec  7 11:06:13 grafana-vm systemd-networkd-wait-online[788]: managing: eth0
Dec  7 11:06:13 grafana-vm systemd-timesyncd[654]: Network configuration changed, trying to establish connection.
Dec  7 11:06:13 grafana-vm systemd[1]: Started Wait for Network to be Configured.
Dec  7 11:06:13 grafana-vm systemd[1]: Starting Initial cloud-init job (metadata service crawler)...
Dec  7 11:06:13 grafana-vm cloud-init[809]: Cloud-init v. 21.4-0ubuntu1~18.04.1 running 'init' at Tue, 07 Dec 2021 11:06:07 +0000. Up 17.19 seconds.
Dec  7 11:06:13 grafana-vm cloud-init[809]: ci-info: +++++++++++++++++++++++++++++++++++++++Net device info+++++++++++++++++++++++++++++++++++++++
Dec  7 11:06:13 grafana-vm cloud-init[809]: ci-info: +--------+------+------------------------------+---------------+--------+-------------------+
Dec  7 11:06:13 grafana-vm cloud-init[809]: ci-info: | Device |  Up  |           Address            |      Mask     | Scope  |     Hw-Address    |
Dec  7 11:06:13 grafana-vm cloud-init[809]: ci-info: +--------+------+------------------------------+---------------+--------+-------------------+
Dec  7 11:06:13 grafana-vm cloud-init[809]: ci-info: |  eth0  | True |           10.0.0.4           | 255.255.255.0 | global | 60:45:bd:87:66:71 |
Dec  7 11:06:13 grafana-vm cloud-init[809]: ci-info: |  eth0  | True | fe80::6245:bdff:fe87:6671/64 |       .       |  link  | 60:45:bd:87:66:71 |
Dec  7 11:06:13 grafana-vm cloud-init[809]: ci-info: |   lo   | True |          127.0.0.1           |   255.0.0.0   |  host  |         .         |
Dec  7 11:06:13 grafana-vm cloud-init[809]: ci-info: |   lo   | True |           ::1/128            |       .       |  host  |         .         |
Dec  7 11:06:13 grafana-vm cloud-init[809]: ci-info: +--------+------+------------------------------+---------------+--------+-------------------+
Dec  7 11:06:13 grafana-vm cloud-init[809]: ci-info: ++++++++++++++++++++++++++++++Route IPv4 info+++++++++++++++++++++++++++++++
Dec  7 11:06:13 grafana-vm cloud-init[809]: ci-info: +-------+-----------------+----------+-----------------+-----------+-------+
Dec  7 11:06:13 grafana-vm cloud-init[809]: ci-info: | Route |   Destination   | Gateway  |     Genmask     | Interface | Flags |
Dec  7 11:06:13 grafana-vm cloud-init[809]: ci-info: +-------+-----------------+----------+-----------------+-----------+-------+
Dec  7 11:06:13 grafana-vm cloud-init[809]: ci-info: |   0   |     0.0.0.0     | 10.0.0.1 |     0.0.0.0     |    eth0   |   UG  |
Dec  7 11:06:13 grafana-vm cloud-init[809]: ci-info: |   1   |     10.0.0.0    | 0.0.0.0  |  255.255.255.0  |    eth0   |   U   |
Dec  7 11:06:13 grafana-vm cloud-init[809]: ci-info: |   2   |  168.63.129.16  | 10.0.0.1 | 255.255.255.255 |    eth0   |  UGH  |
Dec  7 11:06:13 grafana-vm cloud-init[809]: ci-info: |   3   | 169.254.169.254 | 10.0.0.1 | 255.255.255.255 |    eth0   |  UGH  |
Dec  7 11:06:13 grafana-vm cloud-init[809]: ci-info: +-------+-----------------+----------+-----------------+-----------+-------+
Dec  7 11:06:13 grafana-vm cloud-init[809]: ci-info: +++++++++++++++++++Route IPv6 info+++++++++++++++++++
Dec  7 11:06:13 grafana-vm cloud-init[809]: ci-info: +-------+-------------+---------+-----------+-------+
Dec  7 11:06:13 grafana-vm cloud-init[809]: ci-info: | Route | Destination | Gateway | Interface | Flags |
Dec  7 11:06:13 grafana-vm cloud-init[809]: ci-info: +-------+-------------+---------+-----------+-------+
Dec  7 11:06:13 grafana-vm cloud-init[809]: ci-info: |   1   |  fe80::/64  |    ::   |    eth0   |   U   |
Dec  7 11:06:13 grafana-vm cloud-init[809]: ci-info: |   3   |    local    |    ::   |    eth0   |   U   |
Dec  7 11:06:13 grafana-vm cloud-init[809]: ci-info: |   4   |  multicast  |    ::   |    eth0   |   U   |
Dec  7 11:06:13 grafana-vm cloud-init[809]: ci-info: +-------+-------------+---------+-----------+-------+
Dec  7 11:06:13 grafana-vm ntfs-3g[860]: Version 2017.3.23 integrated FUSE 28
Dec  7 11:06:13 grafana-vm ntfs-3g[860]: Mounted /dev/sdb1 (Read-Only, label "Temporary Storage", NTFS 3.1)
Dec  7 11:06:13 grafana-vm ntfs-3g[860]: Cmdline options: ro
Dec  7 11:06:13 grafana-vm ntfs-3g[860]: Mount options: ro,allow_other,nonempty,relatime,fsname=/dev/sdb1,blkdev,blksize=4096
Dec  7 11:06:13 grafana-vm ntfs-3g[860]: Ownership and permissions disabled, configuration type 7
Dec  7 11:06:13 grafana-vm ntfs-3g[860]: Unmounting /dev/sdb1 (Temporary Storage)
Dec  7 11:06:13 grafana-vm systemd[1]: Reloading.
Dec  7 11:06:13 grafana-vm cloud-init[809]: Generating public/private rsa key pair.
Dec  7 11:06:13 grafana-vm cloud-init[809]: Your identification has been saved in /etc/ssh/ssh_host_rsa_key.
Dec  7 11:06:13 grafana-vm cloud-init[809]: Your public key has been saved in /etc/ssh/ssh_host_rsa_key.pub.
Dec  7 11:06:13 grafana-vm cloud-init[809]: The key fingerprint is:
Dec  7 11:06:13 grafana-vm cloud-init[809]: SHA256:qMmsEdBkBMWYDl4ujAdYUau4EpjMXT/xMPi0+o2nYD8 root@grafana-vm
Dec  7 11:06:13 grafana-vm cloud-init[809]: The key's randomart image is:
Dec  7 11:06:13 grafana-vm cloud-init[809]: +---[RSA 2048]----+
Dec  7 11:06:13 grafana-vm cloud-init[809]: |oOBo.            |
Dec  7 11:06:13 grafana-vm cloud-init[809]: |*+.. ..          |
Dec  7 11:06:13 grafana-vm cloud-init[809]: |B.+ .o =         |
Dec  7 11:06:13 grafana-vm cloud-init[809]: |=Ooo. +.*        |
Dec  7 11:06:13 grafana-vm cloud-init[809]: |=++.  .=S.       |
Dec  7 11:06:13 grafana-vm cloud-init[809]: | o + o. .        |
Dec  7 11:06:13 grafana-vm cloud-init[809]: |o . =+           |
Dec  7 11:06:13 grafana-vm cloud-init[809]: |.  o. +Eo.       |
Dec  7 11:06:13 grafana-vm cloud-init[809]: |  .    =+.       |
Dec  7 11:06:13 grafana-vm cloud-init[809]: +----[SHA256]-----+
Dec  7 11:06:13 grafana-vm cloud-init[809]: Generating public/private dsa key pair.
Dec  7 11:06:13 grafana-vm cloud-init[809]: Your identification has been saved in /etc/ssh/ssh_host_dsa_key.
Dec  7 11:06:13 grafana-vm cloud-init[809]: Your public key has been saved in /etc/ssh/ssh_host_dsa_key.pub.
Dec  7 11:06:13 grafana-vm cloud-init[809]: The key fingerprint is:
Dec  7 11:06:13 grafana-vm cloud-init[809]: SHA256:y8mVdxCwiq9ab/dCUy1gztqY/sM0G1ZcWwYMDgA+/CU root@grafana-vm
Dec  7 11:06:13 grafana-vm cloud-init[809]: The key's randomart image is:
Dec  7 11:06:13 grafana-vm cloud-init[809]: +---[DSA 1024]----+
Dec  7 11:06:13 grafana-vm cloud-init[809]: |      ....o.oo.. |
Dec  7 11:06:13 grafana-vm cloud-init[809]: |     o    o+ .o o|
Dec  7 11:06:13 grafana-vm cloud-init[809]: |      + E+oooo + |
Dec  7 11:06:13 grafana-vm cloud-init[809]: |       + +o.=.o  |
Dec  7 11:06:13 grafana-vm cloud-init[809]: |      . S=oo...  |
Dec  7 11:06:13 grafana-vm cloud-init[809]: |       +++O. .   |
Dec  7 11:06:13 grafana-vm cloud-init[809]: |      ..*= =     |
Dec  7 11:06:13 grafana-vm cloud-init[809]: |     . oo *      |
Dec  7 11:06:13 grafana-vm cloud-init[809]: |    .....o.+.    |
Dec  7 11:06:13 grafana-vm cloud-init[809]: +----[SHA256]-----+
Dec  7 11:06:13 grafana-vm cloud-init[809]: Generating public/private ecdsa key pair.
Dec  7 11:06:13 grafana-vm cloud-init[809]: Your identification has been saved in /etc/ssh/ssh_host_ecdsa_key.
Dec  7 11:06:13 grafana-vm cloud-init[809]: Your public key has been saved in /etc/ssh/ssh_host_ecdsa_key.pub.
Dec  7 11:06:13 grafana-vm cloud-init[809]: The key fingerprint is:
Dec  7 11:06:13 grafana-vm cloud-init[809]: SHA256:4TbWYP6HG5UdZrVoAcPio3RexAVbFMTxTW6w+FZJSG4 root@grafana-vm
Dec  7 11:06:13 grafana-vm cloud-init[809]: The key's randomart image is:
Dec  7 11:06:13 grafana-vm cloud-init[809]: +---[ECDSA 256]---+
Dec  7 11:06:13 grafana-vm cloud-init[809]: |          o+OX=.o|
Dec  7 11:06:13 grafana-vm cloud-init[809]: |         . +=+=*+|
Dec  7 11:06:13 grafana-vm cloud-init[809]: |        = o..E=+=|
Dec  7 11:06:13 grafana-vm cloud-init[809]: |       = B .o* + |
Dec  7 11:06:13 grafana-vm cloud-init[809]: |      . S + o +  |
Dec  7 11:06:13 grafana-vm cloud-init[809]: |       + + o .   |
Dec  7 11:06:13 grafana-vm cloud-init[809]: |          + .    |
Dec  7 11:06:13 grafana-vm cloud-init[809]: |           +     |
Dec  7 11:06:13 grafana-vm cloud-init[809]: |          .      |
Dec  7 11:06:13 grafana-vm cloud-init[809]: +----[SHA256]-----+
Dec  7 11:06:13 grafana-vm cloud-init[809]: Generating public/private ed25519 key pair.
Dec  7 11:06:13 grafana-vm cloud-init[809]: Your identification has been saved in /etc/ssh/ssh_host_ed25519_key.
Dec  7 11:06:13 grafana-vm kernel: [   22.649266] new mount options do not match the existing superblock, will be ignored
Dec  7 11:06:13 grafana-vm cloud-init[809]: Your public key has been saved in /etc/ssh/ssh_host_ed25519_key.pub.
Dec  7 11:06:13 grafana-vm cloud-init[809]: The key fingerprint is:
Dec  7 11:06:13 grafana-vm cloud-init[809]: SHA256:lb8ci91GHqBAflXU28OAuxLEXAEm4JGgUMoil6KOqGk root@grafana-vm
Dec  7 11:06:13 grafana-vm cloud-init[809]: The key's randomart image is:
Dec  7 11:06:13 grafana-vm cloud-init[809]: +--[ED25519 256]--+
Dec  7 11:06:13 grafana-vm cloud-init[809]: |.....oo.+ooo+oo. |
Dec  7 11:06:13 grafana-vm cloud-init[809]: |o......oo+ + .  .|
Dec  7 11:06:13 grafana-vm cloud-init[809]: |=oo  .  + + o o o|
Dec  7 11:06:13 grafana-vm cloud-init[809]: |+o       = + . +.|
Dec  7 11:06:13 grafana-vm cloud-init[809]: |.       S o + o .|
Dec  7 11:06:13 grafana-vm cloud-init[809]: |+        . = B . |
Dec  7 11:06:13 grafana-vm cloud-init[809]: |o.        o = +  |
Dec  7 11:06:13 grafana-vm cloud-init[809]: |.E           .   |
Dec  7 11:06:13 grafana-vm cloud-init[809]: |+                |
Dec  7 11:06:13 grafana-vm systemd[1]: Started Initial cloud-init job (metadata service crawler).
Dec  7 11:06:13 grafana-vm cron[1021]: (CRON) INFO (pidfile fd = 3)
Dec  7 11:06:13 grafana-vm cloud-init[809]: +----[SHA256]-----+
Dec  7 11:06:13 grafana-vm systemd[1]: Reached target Cloud-config availability.
Dec  7 11:06:13 grafana-vm cron[1021]: (CRON) INFO (Running @reboot jobs)
Dec  7 11:06:13 grafana-vm systemd[1]: Reached target System Initialization.
Dec  7 11:06:13 grafana-vm rsyslogd: imuxsock: Acquired UNIX socket '/run/systemd/journal/syslog' (fd 3) from systemd.  [v8.32.0]
Dec  7 11:06:13 grafana-vm systemd[1]: Started Daily apt download activities.
Dec  7 11:06:13 grafana-vm rsyslogd: rsyslogd's groupid changed to 106
Dec  7 11:06:13 grafana-vm grub-common[1012]:  * Recording successful boot for GRUB
Dec  7 11:06:13 grafana-vm grub-common[1012]:    ...done.
Dec  7 11:06:13 grafana-vm systemd[1]: Started Daily Cleanup of Temporary Directories.
Dec  7 11:06:13 grafana-vm rsyslogd: rsyslogd's userid changed to 102
Dec  7 11:06:13 grafana-vm systemd[1]: Started Message of the Day.
Dec  7 11:06:13 grafana-vm rsyslogd:  [origin software="rsyslogd" swVersion="8.32.0" x-pid="1013" x-info="http://www.rsyslog.com"] start
Dec  7 11:06:13 grafana-vm systemd[1]: Started Daily apt upgrade and clean activities.
Dec  7 11:06:13 grafana-vm dbus-daemon[1025]: [system] AppArmor D-Bus mediation is enabled
Dec  7 11:06:14 grafana-vm systemd[1]: Started Discard unused blocks once a week.
Dec  7 11:06:14 grafana-vm dbus-daemon[1025]: [system] Successfully activated service 'org.freedesktop.systemd1'
Dec  7 11:06:14 grafana-vm systemd[1]: Started Trigger to poll for Ubuntu Pro licenses (Only enabled on GCP LTS non-pro).
Dec  7 11:06:14 grafana-vm /usr/sbin/irqbalance: Balancing is ineffective on systems with a single cpu.  Shutting down
Dec  7 11:06:14 grafana-vm lxcfs[1022]: mount namespace: 5
Dec  7 11:06:14 grafana-vm lxcfs[1022]: hierarchies:
Dec  7 11:06:14 grafana-vm lxcfs[1022]:   0: fd:   6: perf_event
Dec  7 11:06:14 grafana-vm lxcfs[1022]:   1: fd:   7: hugetlb
Dec  7 11:06:14 grafana-vm lxcfs[1022]:   2: fd:   8: memory
Dec  7 11:06:14 grafana-vm lxcfs[1022]:   3: fd:   9: blkio
Dec  7 11:06:14 grafana-vm lxcfs[1022]:   4: fd:  10: devices
Dec  7 11:06:14 grafana-vm lxcfs[1022]:   5: fd:  11: cpuset
Dec  7 11:06:14 grafana-vm lxcfs[1022]:   6: fd:  12: rdma
Dec  7 11:06:14 grafana-vm lxcfs[1022]:   7: fd:  13: freezer
Dec  7 11:06:14 grafana-vm lxcfs[1022]:   8: fd:  14: pids
Dec  7 11:06:14 grafana-vm lxcfs[1022]:   9: fd:  15: net_cls,net_prio
Dec  7 11:06:14 grafana-vm lxcfs[1022]:  10: fd:  16: cpu,cpuacct
Dec  7 11:06:14 grafana-vm lxcfs[1022]:  11: fd:  17: name=systemd
Dec  7 11:06:14 grafana-vm lxcfs[1022]:  12: fd:  18: unified
Dec  7 11:06:14 grafana-vm systemd[1]: Listening on D-Bus System Message Bus Socket.
Dec  7 11:06:14 grafana-vm dbus-daemon[1025]: [system] Activating via systemd: service name='org.freedesktop.PolicyKit1' unit='polkit.service' requested by ':1.4' (uid=0 pid=1037 comm="/usr/lib/accountsservice/accounts-daemon " label="unconfined")
Dec  7 11:06:14 grafana-vm systemd[1]: Listening on Open-iSCSI iscsid Socket.
Dec  7 11:06:14 grafana-vm pollinate[1036]: client sent challenge to [https://entropy.ubuntu.com/]
Dec  7 11:06:14 grafana-vm apport[1024]:  * Starting automatic crash report generation: apport
Dec  7 11:06:14 grafana-vm apport[1024]:    ...done.
Dec  7 11:06:14 grafana-vm systemd[1]: Listening on ACPID Listen Socket.
Dec  7 11:06:14 grafana-vm polkitd[1065]: started daemon version 0.105 using authority implementation `local' version `0.105'
Dec  7 11:06:14 grafana-vm systemd[1]: Starting LXD - unix socket.
Dec  7 11:06:14 grafana-vm dbus-daemon[1025]: [system] Successfully activated service 'org.freedesktop.PolicyKit1'
Dec  7 11:06:14 grafana-vm systemd[1]: Listening on UUID daemon activation socket.
Dec  7 11:06:14 grafana-vm accounts-daemon[1037]: started daemon version 0.6.45
Dec  7 11:06:14 grafana-vm systemd[1]: Listening on cloud-init hotplug hook socket.
Dec  7 11:06:14 grafana-vm systemd[1]: Starting Socket activation for snappy daemon.
Dec  7 11:06:14 grafana-vm systemd[1]: Started Ubuntu Advantage Timer for running repeated jobs.
Dec  7 11:06:14 grafana-vm systemd[1]: Started ACPI Events Check.
Dec  7 11:06:14 grafana-vm systemd[1]: Reached target Paths.
Dec  7 11:06:14 grafana-vm systemd[1]: Reached target Timers.
Dec  7 11:06:14 grafana-vm systemd[1]: Reached target Network is Online.
Dec  7 11:06:14 grafana-vm systemd[1]: Starting Availability of block devices...
Dec  7 11:06:14 grafana-vm systemd[1]: Reached target Remote File Systems (Pre).
Dec  7 11:06:14 grafana-vm systemd[1]: Reached target Remote File Systems.
Dec  7 11:06:14 grafana-vm systemd[1]: Listening on LXD - unix socket.
Dec  7 11:06:14 grafana-vm systemd[1]: Listening on Socket activation for snappy daemon.
Dec  7 11:06:14 grafana-vm systemd[1]: Started Availability of block devices.
Dec  7 11:06:14 grafana-vm systemd[1]: Reached target Sockets.
Dec  7 11:06:14 grafana-vm systemd[1]: Reached target Basic System.
Dec  7 11:06:14 grafana-vm systemd[1]: Starting Permit User Sessions...
Dec  7 11:06:14 grafana-vm systemd[1]: Starting LSB: Record successful boot for GRUB...
Dec  7 11:06:14 grafana-vm systemd[1]: Starting System Logging Service...
Dec  7 11:06:14 grafana-vm systemd[1]: Starting Login Service...
Dec  7 11:06:14 grafana-vm systemd[1]: Starting Dispatcher daemon for systemd-networkd...
Dec  7 11:06:14 grafana-vm systemd[1]: Started Azure Linux Agent.
Dec  7 11:06:14 grafana-vm systemd[1]: Started Regular background program processing daemon.
Dec  7 11:06:14 grafana-vm systemd[1]: Started FUSE filesystem for LXC.
Dec  7 11:06:14 grafana-vm systemd[1]: Started Deferred execution scheduler.
Dec  7 11:06:14 grafana-vm systemd[1]: Starting LSB: automatic crash report generation...
Dec  7 11:06:14 grafana-vm systemd[1]: Started D-Bus System Message Bus.
Dec  7 11:06:14 grafana-vm systemd[1]: Started Login Service.
Dec  7 11:06:14 grafana-vm systemd[1]: Started Unattended Upgrades Shutdown.
Dec  7 11:06:14 grafana-vm systemd[1]: Starting Snap Daemon...
Dec  7 11:06:14 grafana-vm systemd[1]: Started irqbalance daemon.
Dec  7 11:06:14 grafana-vm systemd[1]: Starting Pollinate to seed the pseudo random number generator...
Dec  7 11:06:14 grafana-vm systemd[1]: Starting Accounts Service...
Dec  7 11:06:14 grafana-vm systemd[1]: Starting LXD - container startup/shutdown...
Dec  7 11:06:14 grafana-vm systemd[1]: Started System Logging Service.
Dec  7 11:06:14 grafana-vm systemd[1]: Started Permit User Sessions.
Dec  7 11:06:14 grafana-vm systemd[1]: Starting Terminate Plymouth Boot Screen...
Dec  7 11:06:14 grafana-vm systemd[1]: Starting Hold until boot process finishes up...
Dec  7 11:06:14 grafana-vm systemd[1]: Started Hold until boot process finishes up.
Dec  7 11:06:14 grafana-vm systemd[1]: Started Serial Getty on ttyS0.
Dec  7 11:06:14 grafana-vm systemd[1]: Starting Set console scheme...
Dec  7 11:06:14 grafana-vm systemd[1]: Started Terminate Plymouth Boot Screen.
Dec  7 11:06:14 grafana-vm systemd[1]: Started Set console scheme.
Dec  7 11:06:14 grafana-vm systemd[1]: Starting Authorization Manager...
Dec  7 11:06:14 grafana-vm systemd[1]: Created slice system-getty.slice.
Dec  7 11:06:14 grafana-vm systemd[1]: Started Getty on tty1.
Dec  7 11:06:14 grafana-vm systemd[1]: Reached target Login Prompts.
Dec  7 11:06:14 grafana-vm systemd[1]: Started LSB: Record successful boot for GRUB.
Dec  7 11:06:14 grafana-vm systemd[1]: Started LSB: automatic crash report generation.
Dec  7 11:06:14 grafana-vm systemd[1]: Started Authorization Manager.
Dec  7 11:06:14 grafana-vm systemd[1]: Started Accounts Service.
Dec  7 11:06:14 grafana-vm networkd-dispatcher[1019]: No valid path found for iwconfig
Dec  7 11:06:14 grafana-vm systemd[1]: Started Dispatcher daemon for systemd-networkd.
Dec  7 11:06:14 grafana-vm snapd[1034]: AppArmor status: apparmor is enabled and all features are available
Dec  7 11:06:14 grafana-vm python3[1020]: 2021/12/07 11:06:14.328257 INFO Daemon Azure Linux Agent Version:2.2.45
Dec  7 11:06:14 grafana-vm python3[1020]: 2021/12/07 11:06:14.335625 INFO Daemon OS: ubuntu 18.04
Dec  7 11:06:14 grafana-vm python3[1020]: 2021/12/07 11:06:14.342725 INFO Daemon Python: 3.6.9
Dec  7 11:06:14 grafana-vm python3[1020]: 2021/12/07 11:06:14.350316 INFO Daemon CGroups Status: The cgroup filesystem is ready to use
Dec  7 11:06:14 grafana-vm python3[1020]: 2021/12/07 11:06:14.365374 INFO Daemon Run daemon
Dec  7 11:06:14 grafana-vm python3[1020]: 2021/12/07 11:06:14.394642 INFO Daemon cloud-init is enabled: True
Dec  7 11:06:14 grafana-vm python3[1020]: 2021/12/07 11:06:14.410429 INFO Daemon Using cloud-init for provisioning
Dec  7 11:06:14 grafana-vm python3[1020]: 2021/12/07 11:06:14.418991 INFO Daemon Clean protocol
Dec  7 11:06:14 grafana-vm python3[1020]: 2021/12/07 11:06:14.422931 INFO Daemon Running CloudInit provisioning handler
Dec  7 11:06:14 grafana-vm python3[1020]: 2021/12/07 11:06:14.431390 INFO Daemon Detect protocol endpoints
Dec  7 11:06:14 grafana-vm python3[1020]: 2021/12/07 11:06:14.441519 INFO Daemon Clean protocol
Dec  7 11:06:14 grafana-vm python3[1020]: 2021/12/07 11:06:14.446381 INFO Daemon WireServer endpoint is not found. Rerun dhcp handler
Dec  7 11:06:14 grafana-vm python3[1020]: 2021/12/07 11:06:14.457892 INFO Daemon Test for route to 168.63.129.16
Dec  7 11:06:14 grafana-vm python3[1020]: 2021/12/07 11:06:14.462180 INFO Daemon Route to 168.63.129.16 exists
Dec  7 11:06:14 grafana-vm python3[1020]: 2021/12/07 11:06:14.466774 INFO Daemon Wire server endpoint:168.63.129.16
Dec  7 11:06:14 grafana-vm python3[1020]: 2021/12/07 11:06:14.489130 INFO Daemon Fabric preferred wire protocol version:2015-04-05
Dec  7 11:06:14 grafana-vm python3[1020]: 2021/12/07 11:06:14.497723 INFO Daemon Wire protocol version:2012-11-30
Dec  7 11:06:14 grafana-vm python3[1020]: 2021/12/07 11:06:14.516933 INFO Daemon Server preferred version:2015-04-05
Dec  7 11:06:14 grafana-vm python3[1020]: 2021/12/07 11:06:14.748430 INFO Daemon ssh host key found at: /etc/ssh/ssh_host_rsa_key.pub
Dec  7 11:06:14 grafana-vm systemd[1]: Started LXD - container startup/shutdown.
Dec  7 11:06:14 grafana-vm python3[1020]: 2021/12/07 11:06:14.767725 INFO Daemon Thumbprint obtained from : /etc/ssh/ssh_host_rsa_key.pub
Dec  7 11:06:14 grafana-vm python3[1020]: 2021/12/07 11:06:14.777580 INFO Daemon Finished provisioning
Dec  7 11:06:14 grafana-vm snapd[1034]: daemon.go:248: started snapd/2.51.1+18.04 (series 16; classic) ubuntu/18.04 (amd64) linux/5.4.0-1064-azure.
Dec  7 11:06:14 grafana-vm snapd[1034]: daemon.go:341: adjusting startup timeout by 30s (pessimistic estimate of 30s plus 5s per snap)
Dec  7 11:06:15 grafana-vm snapd[1034]: helpers.go:105: error trying to compare the snap system key: system-key missing on disk
Dec  7 11:06:15 grafana-vm systemd[1]: Started Snap Daemon.
Dec  7 11:06:15 grafana-vm systemd[1]: Starting Wait until snapd is fully seeded...
Dec  7 11:06:15 grafana-vm python3[1020]: 2021/12/07 11:06:15.800517 INFO Daemon RDMA capabilities are not enabled, skipping
Dec  7 11:06:15 grafana-vm python3[1020]: 2021/12/07 11:06:15.807582 INFO Daemon Installed Agent WALinuxAgent-2.2.45 is the most current agent
Dec  7 11:06:16 grafana-vm python3[1020]: 2021/12/07 11:06:16.034719 INFO ExtHandler Agent WALinuxAgent-2.2.45 is running as the goal state agent
Dec  7 11:06:16 grafana-vm python3[1020]: 2021/12/07 11:06:16.042806 INFO ExtHandler Distro info: ubuntu 18.04, osutil class being used: Ubuntu18OSUtil, agent service name: walinuxagent
Dec  7 11:06:16 grafana-vm python3[1020]: 2021/12/07 11:06:16.053782 INFO ExtHandler Wire server endpoint:168.63.129.16
Dec  7 11:06:16 grafana-vm python3[1020]: 2021/12/07 11:06:16.084219 INFO ExtHandler Start env monitor service.
Dec  7 11:06:16 grafana-vm python3[1020]: 2021/12/07 11:06:16.090857 INFO ExtHandler Configure routes
Dec  7 11:06:16 grafana-vm python3[1020]: 2021/12/07 11:06:16.099664 INFO ExtHandler Gateway:None
Dec  7 11:06:16 grafana-vm python3[1020]: 2021/12/07 11:06:16.103956 INFO ExtHandler Routes:None
Dec  7 11:06:16 grafana-vm python3[1020]: 2021/12/07 11:06:16.108139 INFO ExtHandler Hostname record does not exist, creating [/var/lib/waagent/published_hostname] with hostname [grafana-vm]
Dec  7 11:06:16 grafana-vm kernel: [   25.569465] bpfilter: Loaded bpfilter_umh pid 1186
Dec  7 11:06:16 grafana-vm kernel: [   25.569819] Started bpfilter
Dec  7 11:06:16 grafana-vm python3[1020]: 2021/12/07 11:06:16.140485 INFO ExtHandler WALinuxAgent-2.2.45 running as process 1173
Dec  7 11:06:16 grafana-vm python3[1020]: 2021/12/07 11:06:16.146857 INFO ExtHandler Wire server endpoint:168.63.129.16
Dec  7 11:06:16 grafana-vm python3[1020]: 2021/12/07 11:06:16.160246 INFO ExtHandler CGroups Status: The cgroup filesystem is ready to use
Dec  7 11:06:16 grafana-vm python3[1020]: 2021/12/07 11:06:16.179639 INFO ExtHandler Started tracking new cgroup: walinuxagent.service, path: /sys/fs/cgroup/cpu/system.slice/walinuxagent.service
Dec  7 11:06:16 grafana-vm python3[1020]: 2021/12/07 11:06:16.202875 INFO ExtHandler Started tracking new cgroup: walinuxagent.service, path: /sys/fs/cgroup/memory/system.slice/walinuxagent.service
Dec  7 11:06:16 grafana-vm python3[1020]: 2021/12/07 11:06:16.227915 INFO ExtHandler Route table: [{"Iface": "eth0", "Destination": "0.0.0.0", "Gateway": "10.0.0.1", "Mask": "0.0.0.0", "Flags": "0x0003", "Metric": "100"},{"Iface": "eth0", "Destination": "10.0.0.0", "Gateway": "0.0.0.0", "Mask": "255.255.255.0", "Flags": "0x0001", "Metric": "0"},{"Iface": "eth0", "Destination": "168.63.129.16", "Gateway": "10.0.0.1", "Mask": "255.255.255.255", "Flags": "0x0007", "Metric": "100"},{"Iface": "eth0", "Destination": "169.254.169.254", "Gateway": "10.0.0.1", "Mask": "255.255.255.255", "Flags": "0x0007", "Metric": "100"}]
Dec  7 11:06:16 grafana-vm systemd[1]: Reloading.
Dec  7 11:06:16 grafana-vm python3[1020]: 2021/12/07 11:06:16.394846 INFO ExtHandler Initial NIC state: [{ "name": "lo", "link": "<LOOPBACK,UP,LOWER_UP> mtu 65536 qdisc noqueue state UNKNOWN mode DEFAULT group default qlen 1000\    link/loopback 00:00:00:00:00:00 brd 00:00:00:00:00:00" }, { "name": "eth0", "link": "<BROADCAST,MULTICAST,UP,LOWER_UP> mtu 1500 qdisc mq state UP mode DEFAULT group default qlen 1000\    link/ether 60:45:bd:87:66:71 brd ff:ff:ff:ff:ff:ff" }]
Dec  7 11:06:16 grafana-vm python3[1020]: 2021/12/07 11:06:16.430514 INFO ExtHandler Successfully added Azure fabric firewall rules
Dec  7 11:06:16 grafana-vm python3[1020]: 2021/12/07 11:06:16.454903 INFO ExtHandler Firewall rules:
Dec  7 11:06:16 grafana-vm python3[1020]: Chain INPUT (policy ACCEPT 0 packets, 0 bytes)
Dec  7 11:06:16 grafana-vm python3[1020]:     pkts      bytes target     prot opt in     out     source               destination
Dec  7 11:06:16 grafana-vm python3[1020]: Chain FORWARD (policy ACCEPT 0 packets, 0 bytes)
Dec  7 11:06:16 grafana-vm python3[1020]:     pkts      bytes target     prot opt in     out     source               destination
Dec  7 11:06:16 grafana-vm python3[1020]: Chain OUTPUT (policy ACCEPT 0 packets, 0 bytes)
Dec  7 11:06:16 grafana-vm python3[1020]:     pkts      bytes target     prot opt in     out     source               destination
Dec  7 11:06:16 grafana-vm python3[1020]:        0        0 ACCEPT     tcp  --  *      *       0.0.0.0/0            168.63.129.16        owner UID match 0
Dec  7 11:06:16 grafana-vm python3[1020]:        0        0 DROP       tcp  --  *      *       0.0.0.0/0            168.63.129.16        ctstate INVALID,NEW
Dec  7 11:06:16 grafana-vm python3[1020]: 2021/12/07 11:06:16.547702 INFO ExtHandler Set block dev timeout: sdb with timeout: 300
Dec  7 11:06:16 grafana-vm python3[1020]: 2021/12/07 11:06:16.558788 INFO ExtHandler Set block dev timeout: sda with timeout: 300
Dec  7 11:06:16 grafana-vm systemd[1]: Started Wait until snapd is fully seeded.
Dec  7 11:06:16 grafana-vm systemd[1]: Created slice Slice for walinuxagent extensions.
Dec  7 11:06:16 grafana-vm python3[1020]: 2021/12/07 11:06:16.623394 INFO ExtHandler Created slice for walinuxagent extensions system-walinuxagent.extensions.slice
Dec  7 11:06:16 grafana-vm systemd[1]: Starting Apply the settings specified in cloud-config...
Dec  7 11:06:16 grafana-vm python3[1020]: 2021/12/07 11:06:16.672167 INFO ExtHandler Wire server endpoint:168.63.129.16
Dec  7 11:06:17 grafana-vm python3[1020]: 2021/12/07 11:06:17.073673 INFO ExtHandler Agent WALinuxAgent-2.2.45 discovered update WALinuxAgent-2.5.0.2 -- exiting
Dec  7 11:06:17 grafana-vm pollinate[1036]: client verified challenge/response with [https://entropy.ubuntu.com/]
Dec  7 11:06:17 grafana-vm pollinate[1036]: client hashed response from [https://entropy.ubuntu.com/]
Dec  7 11:06:17 grafana-vm pollinate[1036]: client successfully seeded [/dev/urandom]
Dec  7 11:06:17 grafana-vm systemd[1]: Started Pollinate to seed the pseudo random number generator.
Dec  7 11:06:17 grafana-vm systemd[1]: Starting OpenBSD Secure Shell server...
Dec  7 11:06:17 grafana-vm systemd[1]: Started OpenBSD Secure Shell server.
Dec  7 11:06:17 grafana-vm python3[1020]: 2021/12/07 11:06:17.831171 INFO Daemon Agent WALinuxAgent-2.2.45 launched with command 'python3 -u /usr/sbin/waagent -run-exthandlers' is successfully running
Dec  7 11:06:17 grafana-vm python3[1020]: 2021/12/07 11:06:17.851375 INFO Daemon Determined Agent WALinuxAgent-2.5.0.2 to be the latest agent
Dec  7 11:06:18 grafana-vm python3[1020]: 2021-12-07T11:06:18.196313Z INFO ExtHandler ExtHandler The agent will now check for updates and then will process extensions. Output to /dev/console will be suspended during those operations.
Dec  7 11:06:18 grafana-vm systemd[1]: Stopping OpenBSD Secure Shell server...
Dec  7 11:06:18 grafana-vm systemd[1]: Stopped OpenBSD Secure Shell server.
Dec  7 11:06:18 grafana-vm systemd[1]: Starting OpenBSD Secure Shell server...
Dec  7 11:06:18 grafana-vm systemd[1]: Started OpenBSD Secure Shell server.
Dec  7 11:06:18 grafana-vm python3[1020]: 2021-12-07T11:06:18.415348Z INFO ExtHandler ExtHandler Agent WALinuxAgent-2.5.0.2 is running as the goal state agent
Dec  7 11:06:18 grafana-vm python3[1020]: 2021-12-07T11:06:18.415988Z INFO ExtHandler ExtHandler WireServer endpoint 168.63.129.16 read from file
Dec  7 11:06:18 grafana-vm python3[1020]: 2021-12-07T11:06:18.416373Z INFO ExtHandler ExtHandler Wire server endpoint:168.63.129.16
Dec  7 11:06:18 grafana-vm python3[1020]: 2021-12-07T11:06:18.431163Z INFO ExtHandler ExtHandler Fetching new goal state [incarnation 2 (force update)]
Dec  7 11:06:18 grafana-vm python3[1020]: 2021-12-07T11:06:18.574154Z INFO ExtHandler ExtHandler Found private key matching thumbprint 8B974C0763C681FB6055B63245756E25BAEE079D
Dec  7 11:06:18 grafana-vm python3[1020]: 2021-12-07T11:06:18.579729Z INFO ExtHandler ExtHandler Fetch goal state completed
Dec  7 11:06:18 grafana-vm python3[1020]: 2021-12-07T11:06:18.602617Z INFO ExtHandler ExtHandler Distro: ubuntu-18.04; OSUtil: Ubuntu18OSUtil; AgentService: walinuxagent; Python: 3.6.9; systemd: True; LISDrivers: Failed; logrotate: ;
Dec  7 11:06:18 grafana-vm python3[1020]: 2021-12-07T11:06:18.610956Z INFO ExtHandler ExtHandler WALinuxAgent-2.5.0.2 running as process 1305
Dec  7 11:06:18 grafana-vm python3[1020]: 2021-12-07T11:06:18.617854Z INFO ExtHandler ExtHandler [CGI] systemd version: systemd 237
Dec  7 11:06:18 grafana-vm python3[1020]: +PAM +AUDIT +SELINUX +IMA +APPARMOR +SMACK +SYSVINIT +UTMP +LIBCRYPTSETUP +GCRYPT +GNUTLS +ACL +XZ +LZ4 +SECCOMP +BLKID +ELFUTILS +KMOD -IDN2 +IDN -PCRE2 default-hierarchy=hybrid
Dec  7 11:06:18 grafana-vm python3[1020]: 2021-12-07T11:06:18.630382Z INFO ExtHandler ExtHandler [CGI] Removed /etc/systemd/system/system-walinuxagent.extensions.slice
Dec  7 11:06:18 grafana-vm python3[1020]: 2021-12-07T11:06:18.631955Z INFO ExtHandler ExtHandler [CGI] Created /lib/systemd/system/azure.slice
Dec  7 11:06:18 grafana-vm python3[1020]: 2021-12-07T11:06:18.632745Z INFO ExtHandler ExtHandler [CGI] Created /lib/systemd/system/azure-vmextensions.slice
Dec  7 11:06:18 grafana-vm python3[1020]: 2021-12-07T11:06:18.633363Z INFO ExtHandler ExtHandler [CGI] Created /lib/systemd/system/azure-walinuxagent-logcollector.slice
Dec  7 11:06:18 grafana-vm python3[1020]: 2021-12-07T11:06:18.634138Z INFO ExtHandler ExtHandler [CGI] Created /lib/systemd/system/walinuxagent.service.d/10-Slice.conf
Dec  7 11:06:18 grafana-vm python3[1020]: 2021-12-07T11:06:18.634746Z INFO ExtHandler ExtHandler [CGI] Created /lib/systemd/system/walinuxagent.service.d/11-CPUAccounting.conf
Dec  7 11:06:18 grafana-vm python3[1020]: 2021-12-07T11:06:18.635299Z INFO ExtHandler ExtHandler Executing systemctl daemon-reload...
Dec  7 11:06:18 grafana-vm systemd[1]: Reloading.
Dec  7 11:06:18 grafana-vm python3[1020]: 2021-12-07T11:06:18.900983Z INFO ExtHandler ExtHandler The CPU cgroup controller is mounted at /sys/fs/cgroup/cpu,cpuacct
Dec  7 11:06:18 grafana-vm python3[1020]: 2021-12-07T11:06:18.901646Z INFO ExtHandler ExtHandler The memory cgroup controller is mounted at /sys/fs/cgroup/memory
Dec  7 11:06:18 grafana-vm python3[1020]: 2021-12-07T11:06:18.915752Z INFO ExtHandler ExtHandler [CGI] cgroups v2 mounted at /sys/fs/cgroup/unified.  Controllers: []
Dec  7 11:06:18 grafana-vm python3[1020]: 2021-12-07T11:06:18.938755Z INFO ExtHandler ExtHandler [CGI] CPUAccounting: yes
Dec  7 11:06:18 grafana-vm python3[1020]: 2021-12-07T11:06:18.958148Z INFO ExtHandler ExtHandler [CGI] CPUQuota: infinity
Dec  7 11:06:18 grafana-vm python3[1020]: 2021-12-07T11:06:18.959643Z INFO ExtHandler ExtHandler [CGI] The Agent is not in the expected memory cgroup; will not enable monitoring. CGroup:[None] Expected:[system.slice/walinuxagent.service]
Dec  7 11:06:18 grafana-vm python3[1020]: 2021-12-07T11:06:18.960708Z INFO ExtHandler ExtHandler [CGI] Agent CPU cgroup: /sys/fs/cgroup/cpu,cpuacct/system.slice/walinuxagent.service
Dec  7 11:06:18 grafana-vm python3[1020]: 2021-12-07T11:06:18.961277Z INFO ExtHandler ExtHandler [CGI] Ensuring the agent's CPUQuota is 100%
Dec  7 11:06:18 grafana-vm python3[1020]: 2021-12-07T11:06:18.962612Z INFO ExtHandler ExtHandler [CGI] Created /lib/systemd/system/walinuxagent.service.d/12-CPUQuota.conf
Dec  7 11:06:18 grafana-vm python3[1020]: 2021-12-07T11:06:18.963313Z INFO ExtHandler ExtHandler Executing systemctl daemon-reload...
Dec  7 11:06:18 grafana-vm systemd[1]: Reloading.
Dec  7 11:06:19 grafana-vm python3[1020]: 2021-12-07T11:06:19.218388Z INFO ExtHandler ExtHandler Started tracking cgroup walinuxagent.service [/sys/fs/cgroup/cpu,cpuacct/system.slice/walinuxagent.service]
Dec  7 11:06:19 grafana-vm python3[1020]: 2021-12-07T11:06:19.221146Z INFO ExtHandler ExtHandler [CGI] Cgroups enabled: True
Dec  7 11:06:19 grafana-vm python3[1020]: 2021-12-07T11:06:19.222768Z INFO ExtHandler ExtHandler Starting setup for Persistent firewall rules
Dec  7 11:06:19 grafana-vm python3[1020]: 2021-12-07T11:06:19.230496Z INFO ExtHandler ExtHandler Firewalld service not running/unavailable, trying to set up walinuxagent-network-setup.service
Dec  7 11:06:19 grafana-vm python3[1020]: 2021-12-07T11:06:19.231138Z INFO ExtHandler ExtHandler Successfully updated the Binary file /var/lib/waagent/waagent-network-setup.py for firewall setup
Dec  7 11:06:19 grafana-vm python3[1020]: 2021-12-07T11:06:19.239882Z INFO ExtHandler ExtHandler Service: walinuxagent-network-setup.service not enabled. Adding it now
Dec  7 11:06:19 grafana-vm systemd[1]: Reloading.
Dec  7 11:06:19 grafana-vm python3[1020]: 2021-12-07T11:06:19.510750Z INFO ExtHandler ExtHandler Executing systemctl daemon-reload for setting up walinuxagent-network-setup.service
Dec  7 11:06:19 grafana-vm systemd[1]: Reloading.
Dec  7 11:06:19 grafana-vm cloud-init[1254]: Cloud-init v. 21.4-0ubuntu1~18.04.1 running 'modules:config' at Tue, 07 Dec 2021 11:06:17 +0000. Up 26.70 seconds.
Dec  7 11:06:19 grafana-vm python3[1020]: 2021-12-07T11:06:19.834914Z INFO ExtHandler ExtHandler Successfully added and enabled the walinuxagent-network-setup.service
Dec  7 11:06:19 grafana-vm python3[1020]: 2021-12-07T11:06:19.836141Z INFO ExtHandler ExtHandler Persistent firewall rules setup successfully
Dec  7 11:06:19 grafana-vm python3[1020]: 2021-12-07T11:06:19.837378Z INFO ExtHandler ExtHandler Checking if log collection is allowed at this time [False]. All three conditions must be met: configuration enabled [False], cgroups enabled [True], python supported: [True]
Dec  7 11:06:19 grafana-vm python3[1020]: 2021-12-07T11:06:19.838574Z INFO ExtHandler ExtHandler Starting env monitor service.
